Archive member included to satisfy reference by file (symbol)

c:/arm/gcc-arm-10.3-2021.10/bin/../lib/gcc/arm-none-eabi/10.3.1/thumb/v7e-m/nofp\libgcc.a(_aeabi_uldivmod.o)
                              CMakeFiles/.CLion.elf.dir/_Drivers/STM32F4xx_HAL_Driver/Src/stm32f4xx_hal_rcc.c.obj (__aeabi_uldivmod)
c:/arm/gcc-arm-10.3-2021.10/bin/../lib/gcc/arm-none-eabi/10.3.1/thumb/v7e-m/nofp\libgcc.a(_udivmoddi4.o)
                              c:/arm/gcc-arm-10.3-2021.10/bin/../lib/gcc/arm-none-eabi/10.3.1/thumb/v7e-m/nofp\libgcc.a(_aeabi_uldivmod.o) (__udivmoddi4)
c:/arm/gcc-arm-10.3-2021.10/bin/../lib/gcc/arm-none-eabi/10.3.1/thumb/v7e-m/nofp\libgcc.a(unwind-arm.o)
                              CMakeFiles/.CLion.elf.dir/_Application/basic.cpp.obj (__aeabi_unwind_cpp_pr0)
c:/arm/gcc-arm-10.3-2021.10/bin/../lib/gcc/arm-none-eabi/10.3.1/thumb/v7e-m/nofp\libgcc.a(libunwind.o)
                              c:/arm/gcc-arm-10.3-2021.10/bin/../lib/gcc/arm-none-eabi/10.3.1/thumb/v7e-m/nofp\libgcc.a(unwind-arm.o) (restore_core_regs)
c:/arm/gcc-arm-10.3-2021.10/bin/../lib/gcc/arm-none-eabi/10.3.1/thumb/v7e-m/nofp\libgcc.a(pr-support.o)
                              c:/arm/gcc-arm-10.3-2021.10/bin/../lib/gcc/arm-none-eabi/10.3.1/thumb/v7e-m/nofp\libgcc.a(unwind-arm.o) (__gnu_unwind_execute)
c:/arm/gcc-arm-10.3-2021.10/bin/../lib/gcc/arm-none-eabi/10.3.1/thumb/v7e-m/nofp\libgcc.a(_dvmd_tls.o)
                              c:/arm/gcc-arm-10.3-2021.10/bin/../lib/gcc/arm-none-eabi/10.3.1/thumb/v7e-m/nofp\libgcc.a(_aeabi_uldivmod.o) (__aeabi_ldiv0)
c:/arm/gcc-arm-10.3-2021.10/bin/../lib/gcc/arm-none-eabi/10.3.1/../../../../arm-none-eabi/lib/thumb/v7e-m/nofp\libg.a(lib_a-abort.o)
                              c:/arm/gcc-arm-10.3-2021.10/bin/../lib/gcc/arm-none-eabi/10.3.1/thumb/v7e-m/nofp\libgcc.a(unwind-arm.o) (abort)
c:/arm/gcc-arm-10.3-2021.10/bin/../lib/gcc/arm-none-eabi/10.3.1/../../../../arm-none-eabi/lib/thumb/v7e-m/nofp\libg.a(lib_a-errno.o)
                              CMakeFiles/.CLion.elf.dir/_System/syscalls.c.obj (__errno)
c:/arm/gcc-arm-10.3-2021.10/bin/../lib/gcc/arm-none-eabi/10.3.1/../../../../arm-none-eabi/lib/thumb/v7e-m/nofp\libg.a(lib_a-exit.o)
                              c:/arm/gcc-arm-10.3-2021.10/bin/../lib/gcc/arm-none-eabi/10.3.1/../../../../arm-none-eabi/lib/thumb/v7e-m/nofp/crt0.o (exit)
c:/arm/gcc-arm-10.3-2021.10/bin/../lib/gcc/arm-none-eabi/10.3.1/../../../../arm-none-eabi/lib/thumb/v7e-m/nofp\libg.a(lib_a-impure.o)
                              c:/arm/gcc-arm-10.3-2021.10/bin/../lib/gcc/arm-none-eabi/10.3.1/../../../../arm-none-eabi/lib/thumb/v7e-m/nofp\libg.a(lib_a-exit.o) (_global_impure_ptr)
c:/arm/gcc-arm-10.3-2021.10/bin/../lib/gcc/arm-none-eabi/10.3.1/../../../../arm-none-eabi/lib/thumb/v7e-m/nofp\libg.a(lib_a-init.o)
                              c:/arm/gcc-arm-10.3-2021.10/bin/../lib/gcc/arm-none-eabi/10.3.1/../../../../arm-none-eabi/lib/thumb/v7e-m/nofp/crt0.o (__libc_init_array)
c:/arm/gcc-arm-10.3-2021.10/bin/../lib/gcc/arm-none-eabi/10.3.1/../../../../arm-none-eabi/lib/thumb/v7e-m/nofp\libg.a(lib_a-memcpy.o)
                              c:/arm/gcc-arm-10.3-2021.10/bin/../lib/gcc/arm-none-eabi/10.3.1/thumb/v7e-m/nofp\libgcc.a(unwind-arm.o) (memcpy)
c:/arm/gcc-arm-10.3-2021.10/bin/../lib/gcc/arm-none-eabi/10.3.1/../../../../arm-none-eabi/lib/thumb/v7e-m/nofp\libg.a(lib_a-memset.o)
                              c:/arm/gcc-arm-10.3-2021.10/bin/../lib/gcc/arm-none-eabi/10.3.1/../../../../arm-none-eabi/lib/thumb/v7e-m/nofp/crt0.o (memset)
c:/arm/gcc-arm-10.3-2021.10/bin/../lib/gcc/arm-none-eabi/10.3.1/../../../../arm-none-eabi/lib/thumb/v7e-m/nofp\libg.a(lib_a-signal.o)
                              c:/arm/gcc-arm-10.3-2021.10/bin/../lib/gcc/arm-none-eabi/10.3.1/../../../../arm-none-eabi/lib/thumb/v7e-m/nofp\libg.a(lib_a-abort.o) (raise)
c:/arm/gcc-arm-10.3-2021.10/bin/../lib/gcc/arm-none-eabi/10.3.1/../../../../arm-none-eabi/lib/thumb/v7e-m/nofp\libg.a(lib_a-signalr.o)
                              c:/arm/gcc-arm-10.3-2021.10/bin/../lib/gcc/arm-none-eabi/10.3.1/../../../../arm-none-eabi/lib/thumb/v7e-m/nofp\libg.a(lib_a-signal.o) (_kill_r)
c:/arm/gcc-arm-10.3-2021.10/bin/../lib/gcc/arm-none-eabi/10.3.1/../../../../arm-none-eabi/lib/thumb/v7e-m/nofp\libg.a(lib_a-__call_atexit.o)
                              c:/arm/gcc-arm-10.3-2021.10/bin/../lib/gcc/arm-none-eabi/10.3.1/../../../../arm-none-eabi/lib/thumb/v7e-m/nofp\libg.a(lib_a-exit.o) (__call_exitprocs)
c:/arm/gcc-arm-10.3-2021.10/bin/../lib/gcc/arm-none-eabi/10.3.1/../../../../arm-none-eabi/lib/thumb/v7e-m/nofp\libg.a(lib_a-atexit.o)
                              c:/arm/gcc-arm-10.3-2021.10/bin/../lib/gcc/arm-none-eabi/10.3.1/../../../../arm-none-eabi/lib/thumb/v7e-m/nofp\libg.a(lib_a-__call_atexit.o) (atexit)
c:/arm/gcc-arm-10.3-2021.10/bin/../lib/gcc/arm-none-eabi/10.3.1/../../../../arm-none-eabi/lib/thumb/v7e-m/nofp\libg.a(lib_a-fini.o)
[...]
Memory Configuration

Name             Origin             Length             Attributes
RAM              0x20000000         0x00020000         xrw
FLASH            0x08000000         0x00080000         xr
*default*        0x00000000         0xffffffff

Linker script and memory map

LOAD c:/arm/gcc-arm-10.3-2021.10/bin/../lib/gcc/arm-none-eabi/10.3.1/thumb/v7e-m/nofp/crti.o
LOAD c:/arm/gcc-arm-10.3-2021.10/bin/../lib/gcc/arm-none-eabi/10.3.1/thumb/v7e-m/nofp/crtbegin.o
LOAD c:/arm/gcc-arm-10.3-2021.10/bin/../lib/gcc/arm-none-eabi/10.3.1/../../../../arm-none-eabi/lib/thumb/v7e-m/nofp/crt0.o
LOAD CMakeFiles/.CLion.elf.dir/_Application/basic.cpp.obj
LOAD CMakeFiles/.CLion.elf.dir/_Application/main.cpp.obj
LOAD CMakeFiles/.CLion.elf.dir/_Application/stm32f4xx_hal_msp.c.obj
LOAD CMakeFiles/.CLion.elf.dir/_Drivers/STM32F4xx_HAL_Driver/Src/stm32f4xx_hal.c.obj
LOAD CMakeFiles/.CLion.elf.dir/_Drivers/STM32F4xx_HAL_Driver/Src/stm32f4xx_hal_cortex.c.obj
LOAD CMakeFiles/.CLion.elf.dir/_Drivers/STM32F4xx_HAL_Driver/Src/stm32f4xx_hal_dma.c.obj
LOAD CMakeFiles/.CLion.elf.dir/_Drivers/STM32F4xx_HAL_Driver/Src/stm32f4xx_hal_dma_ex.c.obj
LOAD CMakeFiles/.CLion.elf.dir/_Drivers/STM32F4xx_HAL_Driver/Src/stm32f4xx_hal_exti.c.obj
LOAD CMakeFiles/.CLion.elf.dir/_Drivers/STM32F4xx_HAL_Driver/Src/stm32f4xx_hal_flash.c.obj
LOAD CMakeFiles/.CLion.elf.dir/_Drivers/STM32F4xx_HAL_Driver/Src/stm32f4xx_hal_flash_ex.c.obj
LOAD CMakeFiles/.CLion.elf.dir/_Drivers/STM32F4xx_HAL_Driver/Src/stm32f4xx_hal_flash_ramfunc.c.obj
LOAD CMakeFiles/.CLion.elf.dir/_Drivers/STM32F4xx_HAL_Driver/Src/stm32f4xx_hal_gpio.c.obj
LOAD CMakeFiles/.CLion.elf.dir/_Drivers/STM32F4xx_HAL_Driver/Src/stm32f4xx_hal_i2c.c.obj
LOAD CMakeFiles/.CLion.elf.dir/_Drivers/STM32F4xx_HAL_Driver/Src/stm32f4xx_hal_i2c_ex.c.obj
LOAD CMakeFiles/.CLion.elf.dir/_Drivers/STM32F4xx_HAL_Driver/Src/stm32f4xx_hal_pwr.c.obj
LOAD CMakeFiles/.CLion.elf.dir/_Drivers/STM32F4xx_HAL_Driver/Src/stm32f4xx_hal_pwr_ex.c.obj
LOAD CMakeFiles/.CLion.elf.dir/_Drivers/STM32F4xx_HAL_Driver/Src/stm32f4xx_hal_rcc.c.obj
LOAD CMakeFiles/.CLion.elf.dir/_Drivers/STM32F4xx_HAL_Driver/Src/stm32f4xx_hal_rcc_ex.c.obj
LOAD CMakeFiles/.CLion.elf.dir/_Drivers/STM32F4xx_HAL_Driver/Src/stm32f4xx_hal_tim.c.obj
LOAD CMakeFiles/.CLion.elf.dir/_Drivers/STM32F4xx_HAL_Driver/Src/stm32f4xx_hal_tim_ex.c.obj
LOAD CMakeFiles/.CLion.elf.dir/_Drivers/STM32F4xx_HAL_Driver/Src/stm32f4xx_hal_uart.c.obj
LOAD CMakeFiles/.CLion.elf.dir/_System/startup_stm32f411xe.s.obj
LOAD CMakeFiles/.CLion.elf.dir/_System/stm32f4xx_it.c.obj
LOAD CMakeFiles/.CLion.elf.dir/_System/syscalls.c.obj
LOAD CMakeFiles/.CLion.elf.dir/_System/system_stm32f4xx.c.obj
LOAD c:/arm/gcc-arm-10.3-2021.10/bin/../lib/gcc/arm-none-eabi/10.3.1/../../../../arm-none-eabi/lib/thumb/v7e-m/nofp\libstdc++.a
LOAD c:/arm/gcc-arm-10.3-2021.10/bin/../lib/gcc/arm-none-eabi/10.3.1/../../../../arm-none-eabi/lib/thumb/v7e-m/nofp\libm.a
START GROUP
LOAD c:/arm/gcc-arm-10.3-2021.10/bin/../lib/gcc/arm-none-eabi/10.3.1/thumb/v7e-m/nofp\libgcc.a
LOAD c:/arm/gcc-arm-10.3-2021.10/bin/../lib/gcc/arm-none-eabi/10.3.1/../../../../arm-none-eabi/lib/thumb/v7e-m/nofp\libg.a
LOAD c:/arm/gcc-arm-10.3-2021.10/bin/../lib/gcc/arm-none-eabi/10.3.1/../../../../arm-none-eabi/lib/thumb/v7e-m/nofp\libc.a
END GROUP
LOAD c:/arm/gcc-arm-10.3-2021.10/bin/../lib/gcc/arm-none-eabi/10.3.1/thumb/v7e-m/nofp/crtend.o
LOAD c:/arm/gcc-arm-10.3-2021.10/bin/../lib/gcc/arm-none-eabi/10.3.1/thumb/v7e-m/nofp/crtn.o
                0x20020000                _estack = (ORIGIN (RAM) + LENGTH (RAM))
                0x00001000                _Min_Heap_Size = 0x1000
                0x00001000                _Min_Stack_Size = 0x1000

.isr_vector     0x08000000      0x198
                0x08000000                . = ALIGN (0x4)
 *(.isr_vector)
 .isr_vector    0x08000000      0x198 CMakeFiles/.CLion.elf.dir/_System/startup_stm32f411xe.s.obj
                0x08000000                g_pfnVectors
                0x08000198                . = ALIGN (0x4)

.text           0x08000198     0x2dc0
                0x08000198                . = ALIGN (0x4)
 *(.text)
 .text          0x08000198       0x40 c:/arm/gcc-arm-10.3-2021.10/bin/../lib/gcc/arm-none-eabi/10.3.1/thumb/v7e-m/nofp/crtbegin.o
 .text          0x080001d8       0x30 c:/arm/gcc-arm-10.3-2021.10/bin/../lib/gcc/arm-none-eabi/10.3.1/thumb/v7e-m/nofp\libgcc.a(_aeabi_uldivmod.o)
                0x080001d8                __aeabi_uldivmod
 .text          0x08000208      0x2d0 c:/arm/gcc-arm-10.3-2021.10/bin/../lib/gcc/arm-none-eabi/10.3.1/thumb/v7e-m/nofp\libgcc.a(_udivmoddi4.o)
                0x08000208                __udivmoddi4
 .text          0x080004d8      0x9d8 c:/arm/gcc-arm-10.3-2021.10/bin/../lib/gcc/arm-none-eabi/10.3.1/thumb/v7e-m/nofp\libgcc.a(unwind-arm.o)
                0x08000780                _Unwind_GetCFA
                0x08000784                __gnu_Unwind_RaiseException
                0x080007ec                __gnu_Unwind_ForcedUnwind
                0x080007fc                __gnu_Unwind_Resume
                0x08000840                __gnu_Unwind_Resume_or_Rethrow
                0x08000850                _Unwind_Complete
                0x08000854                _Unwind_DeleteException
                0x08000860                _Unwind_VRS_Get
                0x080008ac                _Unwind_VRS_Set
                0x080008f4                __gnu_Unwind_Backtrace
                0x08000c20                __aeabi_unwind_cpp_pr0
                0x08000c24                __aeabi_unwind_cpp_pr1
                0x08000c28                __aeabi_unwind_cpp_pr2
                0x08000c2c                _Unwind_VRS_Pop
 .text          0x08000eb0      0x1ac c:/arm/gcc-arm-10.3-2021.10/bin/../lib/gcc/arm-none-eabi/10.3.1/thumb/v7e-m/nofp\libgcc.a(libunwind.o)
                0x08000eb0                __restore_core_regs
                0x08000eb0                restore_core_regs
                0x08000ec8                __gnu_Unwind_Restore_VFP
                0x08000ed0                __gnu_Unwind_Save_VFP
                0x08000ed8                __gnu_Unwind_Restore_VFP_D
                0x08000ee0                __gnu_Unwind_Save_VFP_D
                0x08000ee8                __gnu_Unwind_Restore_VFP_D_16_to_31
                0x08000ef0                __gnu_Unwind_Save_VFP_D_16_to_31
                0x08000ef8                __gnu_Unwind_Restore_WMMXD
                0x08000f3c                __gnu_Unwind_Save_WMMXD
                0x08000f80                __gnu_Unwind_Restore_WMMXC
                0x08000f94                __gnu_Unwind_Save_WMMXC
                0x08000fa8                ___Unwind_RaiseException
                0x08000fa8                _Unwind_RaiseException
                0x08000fcc                _Unwind_Resume
                0x08000fcc                ___Unwind_Resume
                0x08000ff0                _Unwind_Resume_or_Rethrow
                0x08000ff0                ___Unwind_Resume_or_Rethrow
                0x08001014                _Unwind_ForcedUnwind
                0x08001014                ___Unwind_ForcedUnwind
                0x08001038                ___Unwind_Backtrace
                0x08001038                _Unwind_Backtrace
 .text          0x0800105c      0x350 c:/arm/gcc-arm-10.3-2021.10/bin/../lib/gcc/arm-none-eabi/10.3.1/thumb/v7e-m/nofp\libgcc.a(pr-support.o)
                0x080010b4                __gnu_unwind_execute
                0x08001360                __gnu_unwind_frame
                0x0800138c                _Unwind_GetRegionStart
                0x08001398                _Unwind_GetLanguageSpecificData
 .text          0x080013ac        0x4 c:/arm/gcc-arm-10.3-2021.10/bin/../lib/gcc/arm-none-eabi/10.3.1/thumb/v7e-m/nofp\libgcc.a(_dvmd_tls.o)
                0x080013ac                __aeabi_idiv0
                0x080013ac                __aeabi_ldiv0
 .text          0x080013b0      0x134 c:/arm/gcc-arm-10.3-2021.10/bin/../lib/gcc/arm-none-eabi/10.3.1/../../../../arm-none-eabi/lib/thumb/v7e-m/nofp\libg.a(lib_a-memcpy.o)
                0x080013b0                memcpy
 *(.text*)
 .text._ZN4GPIO4InitEv
                0x080014e4      0x10c CMakeFiles/.CLion.elf.dir/_Application/basic.cpp.obj
                0x080014e4                GPIO::Init()
 .text._Z3cppv  0x080015f0       0x54 CMakeFiles/.CLion.elf.dir/_Application/basic.cpp.obj
                0x080015f0                cpp()
 .text._Z10TIM10_Initv
                0x08001644       0x30 CMakeFiles/.CLion.elf.dir/_Application/basic.cpp.obj
                0x08001644                TIM10_Init()
 .text._Z9I2C1_Initv
                0x08001674       0x3c CMakeFiles/.CLion.elf.dir/_Application/basic.cpp.obj
                0x08001674                I2C1_Init()
 .text._Z10UART1_Initv
                0x080016b0       0x34 CMakeFiles/.CLion.elf.dir/_Application/basic.cpp.obj
                0x080016b0                UART1_Init()
 .text.Error_Handler
                0x080016e4        0x4 CMakeFiles/.CLion.elf.dir/_Application/main.cpp.obj
                0x080016e4                Error_Handler
 .text.SystemClock_Config
                0x080016e8       0xa4 CMakeFiles/.CLion.elf.dir/_Application/main.cpp.obj
                0x080016e8                SystemClock_Config
 .text.main     0x0800178c       0x1e CMakeFiles/.CLion.elf.dir/_Application/main.cpp.obj
                0x0800178c                main
 .text.assert_failed
                0x080017aa        0x2 CMakeFiles/.CLion.elf.dir/_Application/main.cpp.obj
                0x080017aa                assert_failed
 .text.HAL_MspInit
                0x080017ac       0x38 CMakeFiles/.CLion.elf.dir/_Application/stm32f4xx_hal_msp.c.obj
                0x080017ac                HAL_MspInit
 .text.HAL_I2C_MspInit
                0x080017e4       0x70 CMakeFiles/.CLion.elf.dir/_Application/stm32f4xx_hal_msp.c.obj
                0x080017e4                HAL_I2C_MspInit
 .text.HAL_UART_MspInit
                0x08001854       0x74 CMakeFiles/.CLion.elf.dir/_Application/stm32f4xx_hal_msp.c.obj
                0x08001854                HAL_UART_MspInit
 .text.HAL_InitTick
                0x080018c8       0x4c CMakeFiles/.CLion.elf.dir/_Drivers/STM32F4xx_HAL_Driver/Src/stm32f4xx_hal.c.obj
                0x080018c8                HAL_InitTick
 .text.HAL_Init
                0x08001914       0x34 CMakeFiles/.CLion.elf.dir/_Drivers/STM32F4xx_HAL_Driver/Src/stm32f4xx_hal.c.obj
                0x08001914                HAL_Init
 .text.HAL_IncTick
                0x08001948       0x18 CMakeFiles/.CLion.elf.dir/_Drivers/STM32F4xx_HAL_Driver/Src/stm32f4xx_hal.c.obj
                0x08001948                HAL_IncTick
 .text.HAL_GetTick
                0x08001960        0xc CMakeFiles/.CLion.elf.dir/_Drivers/STM32F4xx_HAL_Driver/Src/stm32f4xx_hal.c.obj
                0x08001960                HAL_GetTick
 .text.HAL_Delay
                0x0800196c       0x28 CMakeFiles/.CLion.elf.dir/_Drivers/STM32F4xx_HAL_Driver/Src/stm32f4xx_hal.c.obj
                0x0800196c                HAL_Delay
 .text.HAL_NVIC_SetPriorityGrouping
                0x08001994       0x3c CMakeFiles/.CLion.elf.dir/_Drivers/STM32F4xx_HAL_Driver/Src/stm32f4xx_hal_cortex.c.obj
                0x08001994                HAL_NVIC_SetPriorityGrouping
 .text.HAL_NVIC_SetPriority
                0x080019d0       0x8c CMakeFiles/.CLion.elf.dir/_Drivers/STM32F4xx_HAL_Driver/Src/stm32f4xx_hal_cortex.c.obj
                0x080019d0                HAL_NVIC_SetPriority
 .text.HAL_SYSTICK_Config
                0x08001a5c       0x28 CMakeFiles/.CLion.elf.dir/_Drivers/STM32F4xx_HAL_Driver/Src/stm32f4xx_hal_cortex.c.obj
                0x08001a5c                HAL_SYSTICK_Config
 .text.HAL_GPIO_Init
                0x08001a84      0x2a4 CMakeFiles/.CLion.elf.dir/_Drivers/STM32F4xx_HAL_Driver/Src/stm32f4xx_hal_gpio.c.obj
                0x08001a84                HAL_GPIO_Init
 .text.HAL_GPIO_WritePin
                0x08001d28       0x38 CMakeFiles/.CLion.elf.dir/_Drivers/STM32F4xx_HAL_Driver/Src/stm32f4xx_hal_gpio.c.obj
                0x08001d28                HAL_GPIO_WritePin
 .text.HAL_GPIO_TogglePin
                0x08001d60       0x2c CMakeFiles/.CLion.elf.dir/_Drivers/STM32F4xx_HAL_Driver/Src/stm32f4xx_hal_gpio.c.obj
                0x08001d60                HAL_GPIO_TogglePin
 .text.HAL_I2C_Init
                0x08001d8c      0x29c CMakeFiles/.CLion.elf.dir/_Drivers/STM32F4xx_HAL_Driver/Src/stm32f4xx_hal_i2c.c.obj
                0x08001d8c                HAL_I2C_Init
 .text.HAL_RCC_OscConfig
                0x08002028      0x4fc CMakeFiles/.CLion.elf.dir/_Drivers/STM32F4xx_HAL_Driver/Src/stm32f4xx_hal_rcc.c.obj
                0x08002028                HAL_RCC_OscConfig
 .text.HAL_RCC_GetSysClockFreq
                0x08002524       0xa4 CMakeFiles/.CLion.elf.dir/_Drivers/STM32F4xx_HAL_Driver/Src/stm32f4xx_hal_rcc.c.obj
                0x08002524                HAL_RCC_GetSysClockFreq
 .text.HAL_RCC_ClockConfig
                0x080025c8      0x21c CMakeFiles/.CLion.elf.dir/_Drivers/STM32F4xx_HAL_Driver/Src/stm32f4xx_hal_rcc.c.obj
                0x080025c8                HAL_RCC_ClockConfig
 .text.HAL_RCC_GetHCLKFreq
                0x080027e4        0xc CMakeFiles/.CLion.elf.dir/_Drivers/STM32F4xx_HAL_Driver/Src/stm32f4xx_hal_rcc.c.obj
                0x080027e4                HAL_RCC_GetHCLKFreq
 .text.HAL_RCC_GetPCLK1Freq
                0x080027f0       0x20 CMakeFiles/.CLion.elf.dir/_Drivers/STM32F4xx_HAL_Driver/Src/stm32f4xx_hal_rcc.c.obj
                0x080027f0                HAL_RCC_GetPCLK1Freq
 .text.HAL_RCC_GetPCLK2Freq
                0x08002810       0x20 CMakeFiles/.CLion.elf.dir/_Drivers/STM32F4xx_HAL_Driver/Src/stm32f4xx_hal_rcc.c.obj
                0x08002810                HAL_RCC_GetPCLK2Freq
 .text.HAL_TIM_Base_MspInit
                0x08002830        0x2 CMakeFiles/.CLion.elf.dir/_Drivers/STM32F4xx_HAL_Driver/Src/stm32f4xx_hal_tim.c.obj
                0x08002830                HAL_TIM_Base_MspInit
 *fill*         0x08002832        0x2 
 .text.TIM_Base_SetConfig
                0x08002834       0x9c CMakeFiles/.CLion.elf.dir/_Drivers/STM32F4xx_HAL_Driver/Src/stm32f4xx_hal_tim.c.obj
                0x08002834                TIM_Base_SetConfig
 .text.HAL_TIM_Base_Init
                0x080028d0       0xfc CMakeFiles/.CLion.elf.dir/_Drivers/STM32F4xx_HAL_Driver/Src/stm32f4xx_hal_tim.c.obj
                0x080028d0                HAL_TIM_Base_Init
 .text.UART_SetConfig
                0x080029cc      0x174 CMakeFiles/.CLion.elf.dir/_Drivers/STM32F4xx_HAL_Driver/Src/stm32f4xx_hal_uart.c.obj
 .text.HAL_UART_Init
                0x08002b40      0x100 CMakeFiles/.CLion.elf.dir/_Drivers/STM32F4xx_HAL_Driver/Src/stm32f4xx_hal_uart.c.obj
                0x08002b40                HAL_UART_Init
 .text.Reset_Handler
                0x08002c40       0x50 CMakeFiles/.CLion.elf.dir/_System/startup_stm32f411xe.s.obj
                0x08002c40                Reset_Handler
 .text.Default_Handler
                0x08002c90        0x2 CMakeFiles/.CLion.elf.dir/_System/startup_stm32f411xe.s.obj
                0x08002c90                RTC_Alarm_IRQHandler
                0x08002c90                EXTI2_IRQHandler
                0x08002c90                SPI4_IRQHandler
                0x08002c90                TIM1_CC_IRQHandler
                0x08002c90                DMA2_Stream5_IRQHandler
                0x08002c90                DMA1_Stream5_IRQHandler
                0x08002c90                PVD_IRQHandler
                0x08002c90                SDIO_IRQHandler
                0x08002c90                TAMP_STAMP_IRQHandler
                0x08002c90                EXTI3_IRQHandler
                0x08002c90                TIM1_UP_TIM10_IRQHandler
                0x08002c90                I2C3_ER_IRQHandler
                0x08002c90                EXTI0_IRQHandler
                0x08002c90                I2C2_EV_IRQHandler
                0x08002c90                DMA1_Stream2_IRQHandler
                0x08002c90                FPU_IRQHandler
                0x08002c90                DMA2_Stream2_IRQHandler
                0x08002c90                SPI1_IRQHandler
                0x08002c90                TIM1_BRK_TIM9_IRQHandler
                0x08002c90                DMA2_Stream3_IRQHandler
                0x08002c90                USART6_IRQHandler
                0x08002c90                DMA2_Stream0_IRQHandler
                0x08002c90                TIM4_IRQHandler
                0x08002c90                I2C1_EV_IRQHandler
                0x08002c90                DMA1_Stream6_IRQHandler
                0x08002c90                DMA1_Stream1_IRQHandler
                0x08002c90                TIM3_IRQHandler
                0x08002c90                RCC_IRQHandler
                0x08002c90                Default_Handler
                0x08002c90                EXTI15_10_IRQHandler
                0x08002c90                ADC_IRQHandler
                0x08002c90                DMA1_Stream7_IRQHandler
                0x08002c90                SPI5_IRQHandler
                0x08002c90                TIM5_IRQHandler
                0x08002c90                DMA2_Stream7_IRQHandler
                0x08002c90                I2C3_EV_IRQHandler
                0x08002c90                EXTI9_5_IRQHandler
                0x08002c90                RTC_WKUP_IRQHandler
                0x08002c90                SPI2_IRQHandler
                0x08002c90                DMA1_Stream0_IRQHandler
                0x08002c90                EXTI4_IRQHandler
                0x08002c90                WWDG_IRQHandler
                0x08002c90                TIM2_IRQHandler
                0x08002c90                OTG_FS_WKUP_IRQHandler
                0x08002c90                TIM1_TRG_COM_TIM11_IRQHandler
                0x08002c90                EXTI1_IRQHandler
                0x08002c90                USART2_IRQHandler
                0x08002c90                I2C2_ER_IRQHandler
                0x08002c90                DMA2_Stream1_IRQHandler
                0x08002c90                FLASH_IRQHandler
                0x08002c90                DMA2_Stream4_IRQHandler
                0x08002c90                USART1_IRQHandler
                0x08002c90                OTG_FS_IRQHandler
                0x08002c90                SPI3_IRQHandler
                0x08002c90                DMA1_Stream4_IRQHandler
                0x08002c90                I2C1_ER_IRQHandler
                0x08002c90                DMA2_Stream6_IRQHandler
                0x08002c90                DMA1_Stream3_IRQHandler
 .text.NMI_Handler
                0x08002c92        0x2 CMakeFiles/.CLion.elf.dir/_System/stm32f4xx_it.c.obj
                0x08002c92                NMI_Handler
 .text.HardFault_Handler
                0x08002c94        0x2 CMakeFiles/.CLion.elf.dir/_System/stm32f4xx_it.c.obj
                0x08002c94                HardFault_Handler
 .text.MemManage_Handler
                0x08002c96        0x2 CMakeFiles/.CLion.elf.dir/_System/stm32f4xx_it.c.obj
                0x08002c96                MemManage_Handler
 .text.BusFault_Handler
                0x08002c98        0x2 CMakeFiles/.CLion.elf.dir/_System/stm32f4xx_it.c.obj
                0x08002c98                BusFault_Handler
 .text.UsageFault_Handler
                0x08002c9a        0x2 CMakeFiles/.CLion.elf.dir/_System/stm32f4xx_it.c.obj
                0x08002c9a                UsageFault_Handler
 .text.SVC_Handler
                0x08002c9c        0x2 CMakeFiles/.CLion.elf.dir/_System/stm32f4xx_it.c.obj
                0x08002c9c                SVC_Handler
 .text.DebugMon_Handler
                0x08002c9e        0x2 CMakeFiles/.CLion.elf.dir/_System/stm32f4xx_it.c.obj
                0x08002c9e                DebugMon_Handler
 .text.PendSV_Handler
                0x08002ca0        0x2 CMakeFiles/.CLion.elf.dir/_System/stm32f4xx_it.c.obj
                0x08002ca0                PendSV_Handler
 .text.SysTick_Handler
                0x08002ca2        0x8 CMakeFiles/.CLion.elf.dir/_System/stm32f4xx_it.c.obj
                0x08002ca2                SysTick_Handler
 .text._getpid  0x08002caa        0x4 CMakeFiles/.CLion.elf.dir/_System/syscalls.c.obj
                0x08002caa                _getpid
 .text._kill    0x08002cae       0x10 CMakeFiles/.CLion.elf.dir/_System/syscalls.c.obj
                0x08002cae                _kill
 .text._exit    0x08002cbe        0xc CMakeFiles/.CLion.elf.dir/_System/syscalls.c.obj
                0x08002cbe                _exit
 .text.SystemInit
                0x08002cca        0x2 CMakeFiles/.CLion.elf.dir/_System/system_stm32f4xx.c.obj
                0x08002cca                SystemInit
 .text.abort    0x08002ccc       0x10 c:/arm/gcc-arm-10.3-2021.10/bin/../lib/gcc/arm-none-eabi/10.3.1/../../../../arm-none-eabi/lib/thumb/v7e-m/nofp\libg.a(lib_a-abort.o)
                0x08002ccc                abort
 .text.__errno  0x08002cdc        0xc c:/arm/gcc-arm-10.3-2021.10/bin/../lib/gcc/arm-none-eabi/10.3.1/../../../../arm-none-eabi/lib/thumb/v7e-m/nofp\libg.a(lib_a-errno.o)
                0x08002cdc                __errno
 .text.__libc_init_array
                0x08002ce8       0x48 c:/arm/gcc-arm-10.3-2021.10/bin/../lib/gcc/arm-none-eabi/10.3.1/../../../../arm-none-eabi/lib/thumb/v7e-m/nofp\libg.a(lib_a-init.o)
                0x08002ce8                __libc_init_array
 .text.memset   0x08002d30       0xa4 c:/arm/gcc-arm-10.3-2021.10/bin/../lib/gcc/arm-none-eabi/10.3.1/../../../../arm-none-eabi/lib/thumb/v7e-m/nofp\libg.a(lib_a-memset.o)
                0x08002d30                memset
 .text.raise    0x08002dd4       0x5c c:/arm/gcc-arm-10.3-2021.10/bin/../lib/gcc/arm-none-eabi/10.3.1/../../../../arm-none-eabi/lib/thumb/v7e-m/nofp\libg.a(lib_a-signal.o)
                0x08002dd4                raise
 .text._kill_r  0x08002e30       0x2c c:/arm/gcc-arm-10.3-2021.10/bin/../lib/gcc/arm-none-eabi/10.3.1/../../../../arm-none-eabi/lib/thumb/v7e-m/nofp\libg.a(lib_a-signalr.o)
                0x08002e30                _kill_r
 .text._getpid_r
                0x08002e5c        0x4 c:/arm/gcc-arm-10.3-2021.10/bin/../lib/gcc/arm-none-eabi/10.3.1/../../../../arm-none-eabi/lib/thumb/v7e-m/nofp\libg.a(lib_a-signalr.o)
                0x08002e5c                _getpid_r
 .text.startup.register_fini
                0x08002e60       0x14 c:/arm/gcc-arm-10.3-2021.10/bin/../lib/gcc/arm-none-eabi/10.3.1/../../../../arm-none-eabi/lib/thumb/v7e-m/nofp\libg.a(lib_a-__call_atexit.o)
 .text.atexit   0x08002e74        0xc c:/arm/gcc-arm-10.3-2021.10/bin/../lib/gcc/arm-none-eabi/10.3.1/../../../../arm-none-eabi/lib/thumb/v7e-m/nofp\libg.a(lib_a-atexit.o)
                0x08002e74                atexit
 .text.__libc_fini_array
                0x08002e80       0x2c c:/arm/gcc-arm-10.3-2021.10/bin/../lib/gcc/arm-none-eabi/10.3.1/../../../../arm-none-eabi/lib/thumb/v7e-m/nofp\libg.a(lib_a-fini.o)
                0x08002e80                __libc_fini_array
 .text.__retarget_lock_acquire_recursive
                0x08002eac        0x4 c:/arm/gcc-arm-10.3-2021.10/bin/../lib/gcc/arm-none-eabi/10.3.1/../../../../arm-none-eabi/lib/thumb/v7e-m/nofp\libg.a(lib_a-lock.o)
                0x08002eac                __retarget_lock_acquire_recursive
 .text.__retarget_lock_release_recursive
                0x08002eb0        0x4 c:/arm/gcc-arm-10.3-2021.10/bin/../lib/gcc/arm-none-eabi/10.3.1/../../../../arm-none-eabi/lib/thumb/v7e-m/nofp\libg.a(lib_a-lock.o)
                0x08002eb0                __retarget_lock_release_recursive
 .text.__register_exitproc
                0x08002eb4       0x8c c:/arm/gcc-arm-10.3-2021.10/bin/../lib/gcc/arm-none-eabi/10.3.1/../../../../arm-none-eabi/lib/thumb/v7e-m/nofp\libg.a(lib_a-__atexit.o)
                0x08002eb4                __register_exitproc
 *(.glue_7)
 .glue_7        0x08002f40        0x0 linker stubs
 *(.glue_7t)
 .glue_7t       0x08002f40        0x0 linker stubs
 *(.eh_frame)
 .eh_frame      0x08002f40        0x0 c:/arm/gcc-arm-10.3-2021.10/bin/../lib/gcc/arm-none-eabi/10.3.1/thumb/v7e-m/nofp/crtbegin.o
 *(.init)
 .init          0x08002f40        0x4 c:/arm/gcc-arm-10.3-2021.10/bin/../lib/gcc/arm-none-eabi/10.3.1/thumb/v7e-m/nofp/crti.o
                0x08002f40                _init
 .init          0x08002f44        0x8 c:/arm/gcc-arm-10.3-2021.10/bin/../lib/gcc/arm-none-eabi/10.3.1/thumb/v7e-m/nofp/crtn.o
 *(.fini)
 .fini          0x08002f4c        0x4 c:/arm/gcc-arm-10.3-2021.10/bin/../lib/gcc/arm-none-eabi/10.3.1/thumb/v7e-m/nofp/crti.o
                0x08002f4c                _fini
 .fini          0x08002f50        0x8 c:/arm/gcc-arm-10.3-2021.10/bin/../lib/gcc/arm-none-eabi/10.3.1/thumb/v7e-m/nofp/crtn.o
                0x08002f58                . = ALIGN (0x4)
                0x08002f58                _etext = .

.vfp11_veneer   0x08002f58        0x0
 .vfp11_veneer  0x08002f58        0x0 linker stubs

.v4_bx          0x08002f58        0x0
 .v4_bx         0x08002f58        0x0 linker stubs

.iplt           0x08002f58        0x0
 .iplt          0x08002f58        0x0 c:/arm/gcc-arm-10.3-2021.10/bin/../lib/gcc/arm-none-eabi/10.3.1/thumb/v7e-m/nofp/crtbegin.o

.rodata         0x08002f58      0x208
                0x08002f58                . = ALIGN (0x4)
 *(.rodata)
 *(.rodata*)
 .rodata.HAL_NVIC_SetPriorityGrouping.str1.4
                0x08002f58       0x53 CMakeFiles/.CLion.elf.dir/_Drivers/STM32F4xx_HAL_Driver/Src/stm32f4xx_hal_cortex.c.obj
 *fill*         0x08002fab        0x1 
 .rodata.HAL_GPIO_Init.str1.4
                0x08002fac       0x51 CMakeFiles/.CLion.elf.dir/_Drivers/STM32F4xx_HAL_Driver/Src/stm32f4xx_hal_gpio.c.obj
 *fill*         0x08002ffd        0x3 
 .rodata.HAL_I2C_Init.str1.4
                0x08003000       0x50 CMakeFiles/.CLion.elf.dir/_Drivers/STM32F4xx_HAL_Driver/Src/stm32f4xx_hal_i2c.c.obj
 .rodata.HAL_RCC_OscConfig.str1.4
                0x08003050       0x50 CMakeFiles/.CLion.elf.dir/_Drivers/STM32F4xx_HAL_Driver/Src/stm32f4xx_hal_rcc.c.obj
 .rodata.TIM_OC1_SetConfig.str1.4
                0x080030a0       0x50 CMakeFiles/.CLion.elf.dir/_Drivers/STM32F4xx_HAL_Driver/Src/stm32f4xx_hal_tim.c.obj
 .rodata.UART_SetConfig.str1.4
                0x080030f0       0x51 CMakeFiles/.CLion.elf.dir/_Drivers/STM32F4xx_HAL_Driver/Src/stm32f4xx_hal_uart.c.obj
 *fill*         0x08003141        0x3 
 .rodata.AHBPrescTable
                0x08003144       0x10 CMakeFiles/.CLion.elf.dir/_System/system_stm32f4xx.c.obj
                0x08003144                AHBPrescTable
 .rodata.APBPrescTable
                0x08003154        0x8 CMakeFiles/.CLion.elf.dir/_System/system_stm32f4xx.c.obj
                0x08003154                APBPrescTable
 .rodata._global_impure_ptr
                0x0800315c        0x4 c:/arm/gcc-arm-10.3-2021.10/bin/../lib/gcc/arm-none-eabi/10.3.1/../../../../arm-none-eabi/lib/thumb/v7e-m/nofp\libg.a(lib_a-impure.o)
                0x0800315c                _global_impure_ptr
                0x08003160                . = ALIGN (0x4)

.ARM.extab      0x08003160       0x48
                0x08003160                . = ALIGN (0x4)
 *(.ARM.extab* .gnu.linkonce.armextab.*)
 .ARM.extab.text._ZN4GPIO4InitEv
                0x08003160        0x0 CMakeFiles/.CLion.elf.dir/_Application/basic.cpp.obj
 .ARM.extab.text._Z10TIM10_Initv
                0x08003160        0xc CMakeFiles/.CLion.elf.dir/_Application/basic.cpp.obj
 .ARM.extab.text._Z9I2C1_Initv
                0x0800316c        0xc CMakeFiles/.CLion.elf.dir/_Application/basic.cpp.obj
 .ARM.extab.text._Z10UART1_Initv
                0x08003178        0xc CMakeFiles/.CLion.elf.dir/_Application/basic.cpp.obj
 .ARM.extab.text.main
                0x08003184        0xc CMakeFiles/.CLion.elf.dir/_Application/main.cpp.obj
 .ARM.extab     0x08003190       0x18 c:/arm/gcc-arm-10.3-2021.10/bin/../lib/gcc/arm-none-eabi/10.3.1/thumb/v7e-m/nofp\libgcc.a(pr-support.o)
                0x080031a8                . = ALIGN (0x4)

.ARM            0x080031a8      0x100
                0x080031a8                . = ALIGN (0x4)
                0x080031a8                __exidx_start = .
 *(.ARM.exidx*)
 .ARM.exidx.text._ZN4GPIO4InitEv
                0x08003260        0x8 CMakeFiles/.CLion.elf.dir/_Application/basic.cpp.obj
 .ARM.exidx.text._Z3cppv
                0x08003268        0x8 CMakeFiles/.CLion.elf.dir/_Application/basic.cpp.obj
 .ARM.exidx.text._Z10TIM10_Initv
                0x08003270        0x8 CMakeFiles/.CLion.elf.dir/_Application/basic.cpp.obj
 .ARM.exidx.text._Z9I2C1_Initv
                0x08003278        0x8 CMakeFiles/.CLion.elf.dir/_Application/basic.cpp.obj
 .ARM.exidx.text._Z10UART1_Initv
                0x08003280        0x8 CMakeFiles/.CLion.elf.dir/_Application/basic.cpp.obj
 .ARM.exidx.text.Error_Handler
                0x08003288        0x8 CMakeFiles/.CLion.elf.dir/_Application/main.cpp.obj
 .ARM.exidx.text.SystemClock_Config
                0x08003290        0x8 CMakeFiles/.CLion.elf.dir/_Application/main.cpp.obj
 .ARM.exidx.text.main
                0x08003298        0x8 CMakeFiles/.CLion.elf.dir/_Application/main.cpp.obj
 .ARM.exidx.text.assert_failed
                0x080032a0        0x8 CMakeFiles/.CLion.elf.dir/_Application/main.cpp.obj
 .ARM.exidx     0x080031a8        0x8 c:/arm/gcc-arm-10.3-2021.10/bin/../lib/gcc/arm-none-eabi/10.3.1/thumb/v7e-m/nofp\libgcc.a(_udivmoddi4.o)
 .ARM.exidx     0x080031b0       0x78 c:/arm/gcc-arm-10.3-2021.10/bin/../lib/gcc/arm-none-eabi/10.3.1/thumb/v7e-m/nofp\libgcc.a(unwind-arm.o)
                                 0xd8 (size before relaxing)
 .ARM.exidx     0x08003228       0x38 c:/arm/gcc-arm-10.3-2021.10/bin/../lib/gcc/arm-none-eabi/10.3.1/thumb/v7e-m/nofp\libgcc.a(pr-support.o)
                0x080032a8                __exidx_end = .
                0x080032a8                . = ALIGN (0x4)

.rel.dyn        0x080032a8        0x0
 .rel.iplt      0x080032a8        0x0 c:/arm/gcc-arm-10.3-2021.10/bin/../lib/gcc/arm-none-eabi/10.3.1/thumb/v7e-m/nofp/crtbegin.o

.preinit_array  0x080032a8        0x0
                0x080032a8                . = ALIGN (0x4)
                0x080032a8                PROVIDE (__preinit_array_start = .)
 *(.preinit_array*)
                0x080032a8                PROVIDE (__preinit_array_end = .)
                0x080032a8                . = ALIGN (0x4)

.init_array     0x080032a8        0x8
                0x080032a8                . = ALIGN (0x4)
                0x080032a8                PROVIDE (__init_array_start = .)
 *(SORT_BY_NAME(.init_array.*))
 .init_array.00000
                0x080032a8        0x4 c:/arm/gcc-arm-10.3-2021.10/bin/../lib/gcc/arm-none-eabi/10.3.1/../../../../arm-none-eabi/lib/thumb/v7e-m/nofp\libg.a(lib_a-__call_atexit.o)
 *(.init_array*)
 .init_array    0x080032ac        0x4 c:/arm/gcc-arm-10.3-2021.10/bin/../lib/gcc/arm-none-eabi/10.3.1/thumb/v7e-m/nofp/crtbegin.o
                0x080032b0                PROVIDE (__init_array_end = .)
                0x080032b0                . = ALIGN (0x4)

.fini_array     0x080032b0        0x4
                0x080032b0                . = ALIGN (0x4)
                0x080032b0                PROVIDE (__fini_array_start = .)
 *(SORT_BY_NAME(.fini_array.*))
 *(.fini_array*)
 .fini_array    0x080032b0        0x4 c:/arm/gcc-arm-10.3-2021.10/bin/../lib/gcc/arm-none-eabi/10.3.1/thumb/v7e-m/nofp/crtbegin.o
                0x080032b4                PROVIDE (__fini_array_end = .)
                0x080032b4                . = ALIGN (0x4)
                0x080032b4                _sidata = LOADADDR (.data)

.data           0x20000000      0x43c load address 0x080032b4
                0x20000000                . = ALIGN (0x4)
                0x20000000                _sdata = .
 *(.data)
 *(.data*)
 .data.uwTickFreq
                0x20000000        0x1 CMakeFiles/.CLion.elf.dir/_Drivers/STM32F4xx_HAL_Driver/Src/stm32f4xx_hal.c.obj
                0x20000000                uwTickFreq
 *fill*         0x20000001        0x3 
 .data.uwTickPrio
                0x20000004        0x4 CMakeFiles/.CLion.elf.dir/_Drivers/STM32F4xx_HAL_Driver/Src/stm32f4xx_hal.c.obj
                0x20000004                uwTickPrio
 .data.SystemCoreClock
                0x20000008        0x4 CMakeFiles/.CLion.elf.dir/_System/system_stm32f4xx.c.obj
                0x20000008                SystemCoreClock
 .data._impure_ptr
                0x2000000c        0x4 c:/arm/gcc-arm-10.3-2021.10/bin/../lib/gcc/arm-none-eabi/10.3.1/../../../../arm-none-eabi/lib/thumb/v7e-m/nofp\libg.a(lib_a-impure.o)
                0x2000000c                _impure_ptr
 .data.impure_data
                0x20000010      0x428 c:/arm/gcc-arm-10.3-2021.10/bin/../lib/gcc/arm-none-eabi/10.3.1/../../../../arm-none-eabi/lib/thumb/v7e-m/nofp\libg.a(lib_a-impure.o)
 .data.__atexit_recursive_mutex
                0x20000438        0x4 c:/arm/gcc-arm-10.3-2021.10/bin/../lib/gcc/arm-none-eabi/10.3.1/../../../../arm-none-eabi/lib/thumb/v7e-m/nofp\libg.a(lib_a-__call_atexit.o)
                0x20000438                __atexit_recursive_mutex
 *(.RamFunc)
 *(.RamFunc*)
                0x2000043c                . = ALIGN (0x4)
                0x2000043c                _edata = .

.igot.plt       0x2000043c        0x0 load address 0x080036f0
 .igot.plt      0x2000043c        0x0 c:/arm/gcc-arm-10.3-2021.10/bin/../lib/gcc/arm-none-eabi/10.3.1/thumb/v7e-m/nofp/crtbegin.o
                0x2000043c                . = ALIGN (0x4)

.bss            0x2000043c      0x108 load address 0x080036f0
                0x2000043c                _sbss = .
                0x2000043c                __bss_start__ = _sbss
 *(.bss)
 .bss           0x2000043c       0x1c c:/arm/gcc-arm-10.3-2021.10/bin/../lib/gcc/arm-none-eabi/10.3.1/thumb/v7e-m/nofp/crtbegin.o
 *(.bss*)
 .bss.I2C1Handle
                0x20000458       0x54 CMakeFiles/.CLion.elf.dir/_Application/basic.cpp.obj
                0x20000458                I2C1Handle
 .bss.TIM10Handle
                0x200004ac       0x48 CMakeFiles/.CLion.elf.dir/_Application/basic.cpp.obj
                0x200004ac                TIM10Handle
 .bss.UART1Handle
                0x200004f4       0x44 CMakeFiles/.CLion.elf.dir/_Application/basic.cpp.obj
                0x200004f4                UART1Handle
 .bss.uwTick    0x20000538        0x4 CMakeFiles/.CLion.elf.dir/_Drivers/STM32F4xx_HAL_Driver/Src/stm32f4xx_hal.c.obj
                0x20000538                uwTick
 .bss.__lock___atexit_recursive_mutex
                0x2000053c        0x1 c:/arm/gcc-arm-10.3-2021.10/bin/../lib/gcc/arm-none-eabi/10.3.1/../../../../arm-none-eabi/lib/thumb/v7e-m/nofp\libg.a(lib_a-lock.o)
                0x2000053c                __lock___atexit_recursive_mutex
 *fill*         0x2000053d        0x3 
 .bss.errno     0x20000540        0x4 c:/arm/gcc-arm-10.3-2021.10/bin/../lib/gcc/arm-none-eabi/10.3.1/../../../../arm-none-eabi/lib/thumb/v7e-m/nofp\libg.a(lib_a-reent.o)
                0x20000540                errno
 *(COMMON)
                0x20000544                . = ALIGN (0x4)
                0x20000544                _ebss = .
                0x20000544                __bss_end__ = _ebss

._user_heap_stack
                0x20000544     0x2004 load address 0x080036f0
                0x20000548                . = ALIGN (0x8)
 *fill*         0x20000544        0x4 
                0x20000548                PROVIDE (end = .)
                [!provide]                PROVIDE (_end = .)
                0x20001548                . = (. + _Min_Heap_Size)
 *fill*         0x20000548     0x1000 
                0x20002548                . = (. + _Min_Stack_Size)
 *fill*         0x20001548     0x1000 
                0x20002548                . = ALIGN (0x8)

/DISCARD/
 libc.a(*)
 libm.a(*)
 libgcc.a(*)

.ARM.attributes
                0x00000000       0x2a
 *(.ARM.attributes)
 .ARM.attributes
                0x00000000       0x1e c:/arm/gcc-arm-10.3-2021.10/bin/../lib/gcc/arm-none-eabi/10.3.1/thumb/v7e-m/nofp/crti.o
 .ARM.attributes
                0x0000001e       0x2e c:/arm/gcc-arm-10.3-2021.10/bin/../lib/gcc/arm-none-eabi/10.3.1/thumb/v7e-m/nofp/crtbegin.o
 .ARM.attributes
                0x0000004c       0x2e CMakeFiles/.CLion.elf.dir/_Application/basic.cpp.obj
 .ARM.attributes
                0x0000007a       0x2e CMakeFiles/.CLion.elf.dir/_Application/main.cpp.obj
 .ARM.attributes
                0x000000a8       0x2e CMakeFiles/.CLion.elf.dir/_Application/stm32f4xx_hal_msp.c.obj
 .ARM.attributes
                0x000000d6       0x2e CMakeFiles/.CLion.elf.dir/_Drivers/STM32F4xx_HAL_Driver/Src/stm32f4xx_hal.c.obj
 .ARM.attributes
                0x00000104       0x2e CMakeFiles/.CLion.elf.dir/_Drivers/STM32F4xx_HAL_Driver/Src/stm32f4xx_hal_cortex.c.obj
 .ARM.attributes
                0x00000132       0x2e CMakeFiles/.CLion.elf.dir/_Drivers/STM32F4xx_HAL_Driver/Src/stm32f4xx_hal_gpio.c.obj
 .ARM.attributes
                0x00000160       0x2e CMakeFiles/.CLion.elf.dir/_Drivers/STM32F4xx_HAL_Driver/Src/stm32f4xx_hal_i2c.c.obj
 .ARM.attributes
                0x0000018e       0x2e CMakeFiles/.CLion.elf.dir/_Drivers/STM32F4xx_HAL_Driver/Src/stm32f4xx_hal_rcc.c.obj
 .ARM.attributes
                0x000001bc       0x2e CMakeFiles/.CLion.elf.dir/_Drivers/STM32F4xx_HAL_Driver/Src/stm32f4xx_hal_tim.c.obj
 .ARM.attributes
                0x000001ea       0x2e CMakeFiles/.CLion.elf.dir/_Drivers/STM32F4xx_HAL_Driver/Src/stm32f4xx_hal_uart.c.obj
 .ARM.attributes
                0x00000218       0x21 CMakeFiles/.CLion.elf.dir/_System/startup_stm32f411xe.s.obj
 .ARM.attributes
                0x00000239       0x2e CMakeFiles/.CLion.elf.dir/_System/stm32f4xx_it.c.obj
 .ARM.attributes
                0x00000267       0x2e CMakeFiles/.CLion.elf.dir/_System/syscalls.c.obj
 .ARM.attributes
                0x00000295       0x2e CMakeFiles/.CLion.elf.dir/_System/system_stm32f4xx.c.obj
 .ARM.attributes
                0x000002c3       0x1e c:/arm/gcc-arm-10.3-2021.10/bin/../lib/gcc/arm-none-eabi/10.3.1/thumb/v7e-m/nofp\libgcc.a(_aeabi_uldivmod.o)
 .ARM.attributes
                0x000002e1       0x2e c:/arm/gcc-arm-10.3-2021.10/bin/../lib/gcc/arm-none-eabi/10.3.1/thumb/v7e-m/nofp\libgcc.a(_udivmoddi4.o)
 .ARM.attributes
                0x0000030f       0x2e c:/arm/gcc-arm-10.3-2021.10/bin/../lib/gcc/arm-none-eabi/10.3.1/thumb/v7e-m/nofp\libgcc.a(unwind-arm.o)
 .ARM.attributes
                0x0000033d       0x1e c:/arm/gcc-arm-10.3-2021.10/bin/../lib/gcc/arm-none-eabi/10.3.1/thumb/v7e-m/nofp\libgcc.a(libunwind.o)
 .ARM.attributes
                0x0000035b       0x2e c:/arm/gcc-arm-10.3-2021.10/bin/../lib/gcc/arm-none-eabi/10.3.1/thumb/v7e-m/nofp\libgcc.a(pr-support.o)
 .ARM.attributes
                0x00000389       0x1e c:/arm/gcc-arm-10.3-2021.10/bin/../lib/gcc/arm-none-eabi/10.3.1/thumb/v7e-m/nofp\libgcc.a(_dvmd_tls.o)
 .ARM.attributes
                0x000003a7       0x2e c:/arm/gcc-arm-10.3-2021.10/bin/../lib/gcc/arm-none-eabi/10.3.1/../../../../arm-none-eabi/lib/thumb/v7e-m/nofp\libg.a(lib_a-abort.o)
 .ARM.attributes
                0x000003d5       0x2e c:/arm/gcc-arm-10.3-2021.10/bin/../lib/gcc/arm-none-eabi/10.3.1/../../../../arm-none-eabi/lib/thumb/v7e-m/nofp\libg.a(lib_a-errno.o)
 .ARM.attributes
                0x00000403       0x2e c:/arm/gcc-arm-10.3-2021.10/bin/../lib/gcc/arm-none-eabi/10.3.1/../../../../arm-none-eabi/lib/thumb/v7e-m/nofp\libg.a(lib_a-impure.o)
 .ARM.attributes
                0x00000431       0x2e c:/arm/gcc-arm-10.3-2021.10/bin/../lib/gcc/arm-none-eabi/10.3.1/../../../../arm-none-eabi/lib/thumb/v7e-m/nofp\libg.a(lib_a-init.o)
 .ARM.attributes
                0x0000045f       0x1c c:/arm/gcc-arm-10.3-2021.10/bin/../lib/gcc/arm-none-eabi/10.3.1/../../../../arm-none-eabi/lib/thumb/v7e-m/nofp\libg.a(lib_a-memcpy.o)
 .ARM.attributes
                0x0000047b       0x2e c:/arm/gcc-arm-10.3-2021.10/bin/../lib/gcc/arm-none-eabi/10.3.1/../../../../arm-none-eabi/lib/thumb/v7e-m/nofp\libg.a(lib_a-memset.o)
 .ARM.attributes
                0x000004a9       0x2e c:/arm/gcc-arm-10.3-2021.10/bin/../lib/gcc/arm-none-eabi/10.3.1/../../../../arm-none-eabi/lib/thumb/v7e-m/nofp\libg.a(lib_a-signal.o)
 .ARM.attributes
                0x000004d7       0x2e c:/arm/gcc-arm-10.3-2021.10/bin/../lib/gcc/arm-none-eabi/10.3.1/../../../../arm-none-eabi/lib/thumb/v7e-m/nofp\libg.a(lib_a-signalr.o)
 .ARM.attributes
                0x00000505       0x2e c:/arm/gcc-arm-10.3-2021.10/bin/../lib/gcc/arm-none-eabi/10.3.1/../../../../arm-none-eabi/lib/thumb/v7e-m/nofp\libg.a(lib_a-__call_atexit.o)
 .ARM.attributes
                0x00000533       0x2e c:/arm/gcc-arm-10.3-2021.10/bin/../lib/gcc/arm-none-eabi/10.3.1/../../../../arm-none-eabi/lib/thumb/v7e-m/nofp\libg.a(lib_a-atexit.o)
 .ARM.attributes
                0x00000561       0x2e c:/arm/gcc-arm-10.3-2021.10/bin/../lib/gcc/arm-none-eabi/10.3.1/../../../../arm-none-eabi/lib/thumb/v7e-m/nofp\libg.a(lib_a-fini.o)
 .ARM.attributes
                0x0000058f       0x2e c:/arm/gcc-arm-10.3-2021.10/bin/../lib/gcc/arm-none-eabi/10.3.1/../../../../arm-none-eabi/lib/thumb/v7e-m/nofp\libg.a(lib_a-lock.o)
 .ARM.attributes
                0x000005bd       0x2e c:/arm/gcc-arm-10.3-2021.10/bin/../lib/gcc/arm-none-eabi/10.3.1/../../../../arm-none-eabi/lib/thumb/v7e-m/nofp\libg.a(lib_a-reent.o)
 .ARM.attributes
                0x000005eb       0x2e c:/arm/gcc-arm-10.3-2021.10/bin/../lib/gcc/arm-none-eabi/10.3.1/../../../../arm-none-eabi/lib/thumb/v7e-m/nofp\libg.a(lib_a-__atexit.o)
 .ARM.attributes
                0x00000619       0x1e c:/arm/gcc-arm-10.3-2021.10/bin/../lib/gcc/arm-none-eabi/10.3.1/thumb/v7e-m/nofp/crtn.o
OUTPUT(.CLion.elf elf32-littlearm)
LOAD linker stubs
LOAD c:/arm/gcc-arm-10.3-2021.10/bin/../lib/gcc/arm-none-eabi/10.3.1/../../../../arm-none-eabi/lib/thumb/v7e-m/nofp\libc.a
LOAD c:/arm/gcc-arm-10.3-2021.10/bin/../lib/gcc/arm-none-eabi/10.3.1/../../../../arm-none-eabi/lib/thumb/v7e-m/nofp\libm.a
LOAD c:/arm/gcc-arm-10.3-2021.10/bin/../lib/gcc/arm-none-eabi/10.3.1/thumb/v7e-m/nofp\libgcc.a

.debug_info     0x00000000    0x13f30
 .debug_info    0x00000000     0x162b CMakeFiles/.CLion.elf.dir/_Application/basic.cpp.obj
 .debug_info    0x0000162b      0x644 CMakeFiles/.CLion.elf.dir/_Application/main.cpp.obj
 .debug_info    0x00001c6f      0xd45 CMakeFiles/.CLion.elf.dir/_Application/stm32f4xx_hal_msp.c.obj
 .debug_info    0x000029b4      0x9c5 CMakeFiles/.CLion.elf.dir/_Drivers/STM32F4xx_HAL_Driver/Src/stm32f4xx_hal.c.obj
 .debug_info    0x00003379     0x12ac CMakeFiles/.CLion.elf.dir/_Drivers/STM32F4xx_HAL_Driver/Src/stm32f4xx_hal_cortex.c.obj
 .debug_info    0x00004625      0x965 CMakeFiles/.CLion.elf.dir/_Drivers/STM32F4xx_HAL_Driver/Src/stm32f4xx_hal_gpio.c.obj
 .debug_info    0x00004f8a     0x3c27 CMakeFiles/.CLion.elf.dir/_Drivers/STM32F4xx_HAL_Driver/Src/stm32f4xx_hal_i2c.c.obj
 .debug_info    0x00008bb1      0xdc6 CMakeFiles/.CLion.elf.dir/_Drivers/STM32F4xx_HAL_Driver/Src/stm32f4xx_hal_rcc.c.obj
 .debug_info    0x00009977     0x5364 CMakeFiles/.CLion.elf.dir/_Drivers/STM32F4xx_HAL_Driver/Src/stm32f4xx_hal_tim.c.obj
 .debug_info    0x0000ecdb     0x4526 CMakeFiles/.CLion.elf.dir/_Drivers/STM32F4xx_HAL_Driver/Src/stm32f4xx_hal_uart.c.obj
 .debug_info    0x00013201       0x22 CMakeFiles/.CLion.elf.dir/_System/startup_stm32f411xe.s.obj
 .debug_info    0x00013223      0x12f CMakeFiles/.CLion.elf.dir/_System/stm32f4xx_it.c.obj
 .debug_info    0x00013352      0x835 CMakeFiles/.CLion.elf.dir/_System/syscalls.c.obj
 .debug_info    0x00013b87      0x3a9 CMakeFiles/.CLion.elf.dir/_System/system_stm32f4xx.c.obj

.debug_abbrev   0x00000000     0x1c99
 .debug_abbrev  0x00000000      0x33a CMakeFiles/.CLion.elf.dir/_Application/basic.cpp.obj
 .debug_abbrev  0x0000033a      0x1e7 CMakeFiles/.CLion.elf.dir/_Application/main.cpp.obj
 .debug_abbrev  0x00000521      0x19c CMakeFiles/.CLion.elf.dir/_Application/stm32f4xx_hal_msp.c.obj
 .debug_abbrev  0x000006bd      0x237 CMakeFiles/.CLion.elf.dir/_Drivers/STM32F4xx_HAL_Driver/Src/stm32f4xx_hal.c.obj
 .debug_abbrev  0x000008f4      0x387 CMakeFiles/.CLion.elf.dir/_Drivers/STM32F4xx_HAL_Driver/Src/stm32f4xx_hal_cortex.c.obj
 .debug_abbrev  0x00000c7b      0x22b CMakeFiles/.CLion.elf.dir/_Drivers/STM32F4xx_HAL_Driver/Src/stm32f4xx_hal_gpio.c.obj
 .debug_abbrev  0x00000ea6      0x290 CMakeFiles/.CLion.elf.dir/_Drivers/STM32F4xx_HAL_Driver/Src/stm32f4xx_hal_i2c.c.obj
 .debug_abbrev  0x00001136      0x29d CMakeFiles/.CLion.elf.dir/_Drivers/STM32F4xx_HAL_Driver/Src/stm32f4xx_hal_rcc.c.obj
 .debug_abbrev  0x000013d3      0x23c CMakeFiles/.CLion.elf.dir/_Drivers/STM32F4xx_HAL_Driver/Src/stm32f4xx_hal_tim.c.obj
 .debug_abbrev  0x0000160f      0x307 CMakeFiles/.CLion.elf.dir/_Drivers/STM32F4xx_HAL_Driver/Src/stm32f4xx_hal_uart.c.obj
 .debug_abbrev  0x00001916       0x12 CMakeFiles/.CLion.elf.dir/_System/startup_stm32f411xe.s.obj
 .debug_abbrev  0x00001928       0x7e CMakeFiles/.CLion.elf.dir/_System/stm32f4xx_it.c.obj
 .debug_abbrev  0x000019a6      0x1da CMakeFiles/.CLion.elf.dir/_System/syscalls.c.obj
 .debug_abbrev  0x00001b80      0x119 CMakeFiles/.CLion.elf.dir/_System/system_stm32f4xx.c.obj

.debug_loc      0x00000000     0xdc52
 .debug_loc     0x00000000      0x1d9 CMakeFiles/.CLion.elf.dir/_Application/basic.cpp.obj
 .debug_loc     0x000001d9       0xeb CMakeFiles/.CLion.elf.dir/_Application/stm32f4xx_hal_msp.c.obj
 .debug_loc     0x000002c4      0x130 CMakeFiles/.CLion.elf.dir/_Drivers/STM32F4xx_HAL_Driver/Src/stm32f4xx_hal.c.obj
 .debug_loc     0x000003f4      0x92e CMakeFiles/.CLion.elf.dir/_Drivers/STM32F4xx_HAL_Driver/Src/stm32f4xx_hal_cortex.c.obj
 .debug_loc     0x00000d22      0x677 CMakeFiles/.CLion.elf.dir/_Drivers/STM32F4xx_HAL_Driver/Src/stm32f4xx_hal_gpio.c.obj
 .debug_loc     0x00001399     0x3a75 CMakeFiles/.CLion.elf.dir/_Drivers/STM32F4xx_HAL_Driver/Src/stm32f4xx_hal_i2c.c.obj
 .debug_loc     0x00004e0e      0x56f CMakeFiles/.CLion.elf.dir/_Drivers/STM32F4xx_HAL_Driver/Src/stm32f4xx_hal_rcc.c.obj
 .debug_loc     0x0000537d     0x3a41 CMakeFiles/.CLion.elf.dir/_Drivers/STM32F4xx_HAL_Driver/Src/stm32f4xx_hal_tim.c.obj
 .debug_loc     0x00008dbe     0x4906 CMakeFiles/.CLion.elf.dir/_Drivers/STM32F4xx_HAL_Driver/Src/stm32f4xx_hal_uart.c.obj
 .debug_loc     0x0000d6c4      0x436 CMakeFiles/.CLion.elf.dir/_System/syscalls.c.obj
 .debug_loc     0x0000dafa      0x158 CMakeFiles/.CLion.elf.dir/_System/system_stm32f4xx.c.obj

.debug_aranges  0x00000000      0xd10
 .debug_aranges
                0x00000000       0x50 CMakeFiles/.CLion.elf.dir/_Application/basic.cpp.obj
 .debug_aranges
                0x00000050       0x38 CMakeFiles/.CLion.elf.dir/_Application/main.cpp.obj
 .debug_aranges
                0x00000088       0x40 CMakeFiles/.CLion.elf.dir/_Application/stm32f4xx_hal_msp.c.obj
 .debug_aranges
                0x000000c8       0xf0 CMakeFiles/.CLion.elf.dir/_Drivers/STM32F4xx_HAL_Driver/Src/stm32f4xx_hal.c.obj
 .debug_aranges
                0x000001b8       0xa8 CMakeFiles/.CLion.elf.dir/_Drivers/STM32F4xx_HAL_Driver/Src/stm32f4xx_hal_cortex.c.obj
 .debug_aranges
                0x00000260       0x58 CMakeFiles/.CLion.elf.dir/_Drivers/STM32F4xx_HAL_Driver/Src/stm32f4xx_hal_gpio.c.obj
 .debug_aranges
                0x000002b8      0x2a0 CMakeFiles/.CLion.elf.dir/_Drivers/STM32F4xx_HAL_Driver/Src/stm32f4xx_hal_i2c.c.obj
 .debug_aranges
                0x00000558       0x88 CMakeFiles/.CLion.elf.dir/_Drivers/STM32F4xx_HAL_Driver/Src/stm32f4xx_hal_rcc.c.obj
 .debug_aranges
                0x000005e0      0x3d0 CMakeFiles/.CLion.elf.dir/_Drivers/STM32F4xx_HAL_Driver/Src/stm32f4xx_hal_tim.c.obj
 .debug_aranges
                0x000009b0      0x200 CMakeFiles/.CLion.elf.dir/_Drivers/STM32F4xx_HAL_Driver/Src/stm32f4xx_hal_uart.c.obj
 .debug_aranges
                0x00000bb0       0x28 CMakeFiles/.CLion.elf.dir/_System/startup_stm32f411xe.s.obj
 .debug_aranges
                0x00000bd8       0x60 CMakeFiles/.CLion.elf.dir/_System/stm32f4xx_it.c.obj
 .debug_aranges
                0x00000c38       0xb0 CMakeFiles/.CLion.elf.dir/_System/syscalls.c.obj
 .debug_aranges
                0x00000ce8       0x28 CMakeFiles/.CLion.elf.dir/_System/system_stm32f4xx.c.obj

.debug_ranges   0x00000000      0xd10
 .debug_ranges  0x00000000       0x40 CMakeFiles/.CLion.elf.dir/_Application/basic.cpp.obj
 .debug_ranges  0x00000040       0x28 CMakeFiles/.CLion.elf.dir/_Application/main.cpp.obj
 .debug_ranges  0x00000068       0x30 CMakeFiles/.CLion.elf.dir/_Application/stm32f4xx_hal_msp.c.obj
 .debug_ranges  0x00000098       0xe0 CMakeFiles/.CLion.elf.dir/_Drivers/STM32F4xx_HAL_Driver/Src/stm32f4xx_hal.c.obj
 .debug_ranges  0x00000178      0x128 CMakeFiles/.CLion.elf.dir/_Drivers/STM32F4xx_HAL_Driver/Src/stm32f4xx_hal_cortex.c.obj
 .debug_ranges  0x000002a0       0x48 CMakeFiles/.CLion.elf.dir/_Drivers/STM32F4xx_HAL_Driver/Src/stm32f4xx_hal_gpio.c.obj
 .debug_ranges  0x000002e8      0x2a8 CMakeFiles/.CLion.elf.dir/_Drivers/STM32F4xx_HAL_Driver/Src/stm32f4xx_hal_i2c.c.obj
 .debug_ranges  0x00000590       0x90 CMakeFiles/.CLion.elf.dir/_Drivers/STM32F4xx_HAL_Driver/Src/stm32f4xx_hal_rcc.c.obj
 .debug_ranges  0x00000620      0x3c0 CMakeFiles/.CLion.elf.dir/_Drivers/STM32F4xx_HAL_Driver/Src/stm32f4xx_hal_tim.c.obj
 .debug_ranges  0x000009e0      0x208 CMakeFiles/.CLion.elf.dir/_Drivers/STM32F4xx_HAL_Driver/Src/stm32f4xx_hal_uart.c.obj
 .debug_ranges  0x00000be8       0x20 CMakeFiles/.CLion.elf.dir/_System/startup_stm32f411xe.s.obj
 .debug_ranges  0x00000c08       0x50 CMakeFiles/.CLion.elf.dir/_System/stm32f4xx_it.c.obj
 .debug_ranges  0x00000c58       0xa0 CMakeFiles/.CLion.elf.dir/_System/syscalls.c.obj
 .debug_ranges  0x00000cf8       0x18 CMakeFiles/.CLion.elf.dir/_System/system_stm32f4xx.c.obj

.debug_line     0x00000000    0x13679
 .debug_line    0x00000000      0x552 CMakeFiles/.CLion.elf.dir/_Application/basic.cpp.obj
 .debug_line    0x00000552      0x36a CMakeFiles/.CLion.elf.dir/_Application/main.cpp.obj
 .debug_line    0x000008bc      0x33c CMakeFiles/.CLion.elf.dir/_Application/stm32f4xx_hal_msp.c.obj
 .debug_line    0x00000bf8      0x5f4 CMakeFiles/.CLion.elf.dir/_Drivers/STM32F4xx_HAL_Driver/Src/stm32f4xx_hal.c.obj
 .debug_line    0x000011ec      0x90b CMakeFiles/.CLion.elf.dir/_Drivers/STM32F4xx_HAL_Driver/Src/stm32f4xx_hal_cortex.c.obj
 .debug_line    0x00001af7      0x85e CMakeFiles/.CLion.elf.dir/_Drivers/STM32F4xx_HAL_Driver/Src/stm32f4xx_hal_gpio.c.obj
 .debug_line    0x00002355     0x561b CMakeFiles/.CLion.elf.dir/_Drivers/STM32F4xx_HAL_Driver/Src/stm32f4xx_hal_i2c.c.obj
 .debug_line    0x00007970      0xcc5 CMakeFiles/.CLion.elf.dir/_Drivers/STM32F4xx_HAL_Driver/Src/stm32f4xx_hal_rcc.c.obj
 .debug_line    0x00008635     0x5fd5 CMakeFiles/.CLion.elf.dir/_Drivers/STM32F4xx_HAL_Driver/Src/stm32f4xx_hal_tim.c.obj
 .debug_line    0x0000e60a     0x47c8 CMakeFiles/.CLion.elf.dir/_Drivers/STM32F4xx_HAL_Driver/Src/stm32f4xx_hal_uart.c.obj
 .debug_line    0x00012dd2       0x98 CMakeFiles/.CLion.elf.dir/_System/startup_stm32f411xe.s.obj
 .debug_line    0x00012e6a      0x1ab CMakeFiles/.CLion.elf.dir/_System/stm32f4xx_it.c.obj
 .debug_line    0x00013015      0x43b CMakeFiles/.CLion.elf.dir/_System/syscalls.c.obj
 .debug_line    0x00013450      0x229 CMakeFiles/.CLion.elf.dir/_System/system_stm32f4xx.c.obj

.debug_str      0x00000000     0x4293
 .debug_str     0x00000000      0xf39 CMakeFiles/.CLion.elf.dir/_Application/basic.cpp.obj
                               0x1238 (size before relaxing)
 .debug_str     0x00000f39      0x1d0 CMakeFiles/.CLion.elf.dir/_Application/main.cpp.obj
                                0x5a6 (size before relaxing)
 .debug_str     0x00001109      0x16d CMakeFiles/.CLion.elf.dir/_Application/stm32f4xx_hal_msp.c.obj
                                0xa7a (size before relaxing)
 .debug_str     0x00001276      0x6ac CMakeFiles/.CLion.elf.dir/_Drivers/STM32F4xx_HAL_Driver/Src/stm32f4xx_hal.c.obj
                                0xa4a (size before relaxing)
 .debug_str     0x00001922      0x4ca CMakeFiles/.CLion.elf.dir/_Drivers/STM32F4xx_HAL_Driver/Src/stm32f4xx_hal_cortex.c.obj
                                0xb0c (size before relaxing)
 .debug_str     0x00001dec      0x119 CMakeFiles/.CLion.elf.dir/_Drivers/STM32F4xx_HAL_Driver/Src/stm32f4xx_hal_gpio.c.obj
                                0x516 (size before relaxing)
 .debug_str     0x00001f05      0x901 CMakeFiles/.CLion.elf.dir/_Drivers/STM32F4xx_HAL_Driver/Src/stm32f4xx_hal_i2c.c.obj
                               0x1059 (size before relaxing)
 .debug_str     0x00002806      0x1c9 CMakeFiles/.CLion.elf.dir/_Drivers/STM32F4xx_HAL_Driver/Src/stm32f4xx_hal_rcc.c.obj
                                0x73c (size before relaxing)
 .debug_str     0x000029cf      0xef5 CMakeFiles/.CLion.elf.dir/_Drivers/STM32F4xx_HAL_Driver/Src/stm32f4xx_hal_tim.c.obj
                               0x16ef (size before relaxing)
 .debug_str     0x000038c4      0x614 CMakeFiles/.CLion.elf.dir/_Drivers/STM32F4xx_HAL_Driver/Src/stm32f4xx_hal_uart.c.obj
                                0xd7d (size before relaxing)
 .debug_str     0x00003ed8       0x46 CMakeFiles/.CLion.elf.dir/_System/startup_stm32f411xe.s.obj
                                 0x67 (size before relaxing)
 .debug_str     0x00003f1e       0xc1 CMakeFiles/.CLion.elf.dir/_System/stm32f4xx_it.c.obj
                                0x243 (size before relaxing)
 .debug_str     0x00003fdf      0x254 CMakeFiles/.CLion.elf.dir/_System/syscalls.c.obj
                                0x441 (size before relaxing)
 .debug_str     0x00004233       0x60 CMakeFiles/.CLion.elf.dir/_System/system_stm32f4xx.c.obj
                                0x347 (size before relaxing)

.comment        0x00000000       0x49
 .comment       0x00000000       0x49 CMakeFiles/.CLion.elf.dir/_Application/basic.cpp.obj
                                 0x4a (size before relaxing)
 .comment       0x00000049       0x4a CMakeFiles/.CLion.elf.dir/_Application/main.cpp.obj
 .comment       0x00000049       0x4a CMakeFiles/.CLion.elf.dir/_Application/stm32f4xx_hal_msp.c.obj
 .comment       0x00000049       0x4a CMakeFiles/.CLion.elf.dir/_Drivers/STM32F4xx_HAL_Driver/Src/stm32f4xx_hal.c.obj
 .comment       0x00000049       0x4a CMakeFiles/.CLion.elf.dir/_Drivers/STM32F4xx_HAL_Driver/Src/stm32f4xx_hal_cortex.c.obj
 .comment       0x00000049       0x4a CMakeFiles/.CLion.elf.dir/_Drivers/STM32F4xx_HAL_Driver/Src/stm32f4xx_hal_gpio.c.obj
 .comment       0x00000049       0x4a CMakeFiles/.CLion.elf.dir/_Drivers/STM32F4xx_HAL_Driver/Src/stm32f4xx_hal_i2c.c.obj
 .comment       0x00000049       0x4a CMakeFiles/.CLion.elf.dir/_Drivers/STM32F4xx_HAL_Driver/Src/stm32f4xx_hal_rcc.c.obj
 .comment       0x00000049       0x4a CMakeFiles/.CLion.elf.dir/_Drivers/STM32F4xx_HAL_Driver/Src/stm32f4xx_hal_tim.c.obj
 .comment       0x00000049       0x4a CMakeFiles/.CLion.elf.dir/_Drivers/STM32F4xx_HAL_Driver/Src/stm32f4xx_hal_uart.c.obj
 .comment       0x00000049       0x4a CMakeFiles/.CLion.elf.dir/_System/stm32f4xx_it.c.obj
 .comment       0x00000049       0x4a CMakeFiles/.CLion.elf.dir/_System/syscalls.c.obj
 .comment       0x00000049       0x4a CMakeFiles/.CLion.elf.dir/_System/system_stm32f4xx.c.obj

.debug_frame    0x00000000     0x2d90
 .debug_frame   0x00000000       0xcc CMakeFiles/.CLion.elf.dir/_Application/basic.cpp.obj
 .debug_frame   0x000000cc       0x68 CMakeFiles/.CLion.elf.dir/_Application/main.cpp.obj
 .debug_frame   0x00000134       0x9c CMakeFiles/.CLion.elf.dir/_Application/stm32f4xx_hal_msp.c.obj
 .debug_frame   0x000001d0      0x1f0 CMakeFiles/.CLion.elf.dir/_Drivers/STM32F4xx_HAL_Driver/Src/stm32f4xx_hal.c.obj
 .debug_frame   0x000003c0      0x19c CMakeFiles/.CLion.elf.dir/_Drivers/STM32F4xx_HAL_Driver/Src/stm32f4xx_hal_cortex.c.obj
 .debug_frame   0x0000055c       0xf8 CMakeFiles/.CLion.elf.dir/_Drivers/STM32F4xx_HAL_Driver/Src/stm32f4xx_hal_gpio.c.obj
 .debug_frame   0x00000654      0x978 CMakeFiles/.CLion.elf.dir/_Drivers/STM32F4xx_HAL_Driver/Src/stm32f4xx_hal_i2c.c.obj
 .debug_frame   0x00000fcc      0x16c CMakeFiles/.CLion.elf.dir/_Drivers/STM32F4xx_HAL_Driver/Src/stm32f4xx_hal_rcc.c.obj
 .debug_frame   0x00001138      0xbcc CMakeFiles/.CLion.elf.dir/_Drivers/STM32F4xx_HAL_Driver/Src/stm32f4xx_hal_tim.c.obj
 .debug_frame   0x00001d04      0x5ec CMakeFiles/.CLion.elf.dir/_Drivers/STM32F4xx_HAL_Driver/Src/stm32f4xx_hal_uart.c.obj
 .debug_frame   0x000022f0       0xa8 CMakeFiles/.CLion.elf.dir/_System/stm32f4xx_it.c.obj
 .debug_frame   0x00002398      0x1a8 CMakeFiles/.CLion.elf.dir/_System/syscalls.c.obj
 .debug_frame   0x00002540       0x30 CMakeFiles/.CLion.elf.dir/_System/system_stm32f4xx.c.obj
 .debug_frame   0x00002570       0x2c c:/arm/gcc-arm-10.3-2021.10/bin/../lib/gcc/arm-none-eabi/10.3.1/thumb/v7e-m/nofp\libgcc.a(_aeabi_uldivmod.o)
 .debug_frame   0x0000259c       0x34 c:/arm/gcc-arm-10.3-2021.10/bin/../lib/gcc/arm-none-eabi/10.3.1/thumb/v7e-m/nofp\libgcc.a(_udivmoddi4.o)
 .debug_frame   0x000025d0      0x2d4 c:/arm/gcc-arm-10.3-2021.10/bin/../lib/gcc/arm-none-eabi/10.3.1/thumb/v7e-m/nofp\libgcc.a(unwind-arm.o)
 .debug_frame   0x000028a4      0x104 c:/arm/gcc-arm-10.3-2021.10/bin/../lib/gcc/arm-none-eabi/10.3.1/thumb/v7e-m/nofp\libgcc.a(pr-support.o)
 .debug_frame   0x000029a8       0x28 c:/arm/gcc-arm-10.3-2021.10/bin/../lib/gcc/arm-none-eabi/10.3.1/../../../../arm-none-eabi/lib/thumb/v7e-m/nofp\libg.a(lib_a-abort.o)
 .debug_frame   0x000029d0       0x20 c:/arm/gcc-arm-10.3-2021.10/bin/../lib/gcc/arm-none-eabi/10.3.1/../../../../arm-none-eabi/lib/thumb/v7e-m/nofp\libg.a(lib_a-errno.o)
 .debug_frame   0x000029f0       0x2c c:/arm/gcc-arm-10.3-2021.10/bin/../lib/gcc/arm-none-eabi/10.3.1/../../../../arm-none-eabi/lib/thumb/v7e-m/nofp\libg.a(lib_a-init.o)
 .debug_frame   0x00002a1c       0x2c c:/arm/gcc-arm-10.3-2021.10/bin/../lib/gcc/arm-none-eabi/10.3.1/../../../../arm-none-eabi/lib/thumb/v7e-m/nofp\libg.a(lib_a-memset.o)
 .debug_frame   0x00002a48      0x114 c:/arm/gcc-arm-10.3-2021.10/bin/../lib/gcc/arm-none-eabi/10.3.1/../../../../arm-none-eabi/lib/thumb/v7e-m/nofp\libg.a(lib_a-signal.o)
 .debug_frame   0x00002b5c       0x3c c:/arm/gcc-arm-10.3-2021.10/bin/../lib/gcc/arm-none-eabi/10.3.1/../../../../arm-none-eabi/lib/thumb/v7e-m/nofp\libg.a(lib_a-signalr.o)
 .debug_frame   0x00002b98       0x5c c:/arm/gcc-arm-10.3-2021.10/bin/../lib/gcc/arm-none-eabi/10.3.1/../../../../arm-none-eabi/lib/thumb/v7e-m/nofp\libg.a(lib_a-__call_atexit.o)
 .debug_frame   0x00002bf4       0x20 c:/arm/gcc-arm-10.3-2021.10/bin/../lib/gcc/arm-none-eabi/10.3.1/../../../../arm-none-eabi/lib/thumb/v7e-m/nofp\libg.a(lib_a-atexit.o)
 .debug_frame   0x00002c14       0x34 c:/arm/gcc-arm-10.3-2021.10/bin/../lib/gcc/arm-none-eabi/10.3.1/../../../../arm-none-eabi/lib/thumb/v7e-m/nofp\libg.a(lib_a-fini.o)
 .debug_frame   0x00002c48       0xb0 c:/arm/gcc-arm-10.3-2021.10/bin/../lib/gcc/arm-none-eabi/10.3.1/../../../../arm-none-eabi/lib/thumb/v7e-m/nofp\libg.a(lib_a-lock.o)
 .debug_frame   0x00002cf8       0x64 c:/arm/gcc-arm-10.3-2021.10/bin/../lib/gcc/arm-none-eabi/10.3.1/../../../../arm-none-eabi/lib/thumb/v7e-m/nofp\libg.a(lib_a-reent.o)
 .debug_frame   0x00002d5c       0x34 c:/arm/gcc-arm-10.3-2021.10/bin/../lib/gcc/arm-none-eabi/10.3.1/../../../../arm-none-eabi/lib/thumb/v7e-m/nofp\libg.a(lib_a-__atexit.o)
