Archive member included to satisfy reference by file (symbol)

c:/arm/gcc-arm-10.3-2021.10/bin/../lib/gcc/arm-none-eabi/10.3.1/../../../../arm-none-eabi/lib/thumb/v7e-m/nofp\libstdc++.a(del_op.o)
                              CMakeFiles/STM32F411CEUXCppTemplate.elf.dir/_Application/basic.cpp.obj (operator delete(void*))
c:/arm/gcc-arm-10.3-2021.10/bin/../lib/gcc/arm-none-eabi/10.3.1/../../../../arm-none-eabi/lib/thumb/v7e-m/nofp\libstdc++.a(eh_arm.o)
                              CMakeFiles/STM32F411CEUXCppTemplate.elf.dir/_Application/basic.cpp.obj (__cxa_end_cleanup)
c:/arm/gcc-arm-10.3-2021.10/bin/../lib/gcc/arm-none-eabi/10.3.1/../../../../arm-none-eabi/lib/thumb/v7e-m/nofp\libstdc++.a(eh_exception.o)
                              c:/arm/gcc-arm-10.3-2021.10/bin/../lib/gcc/arm-none-eabi/10.3.1/../../../../arm-none-eabi/lib/thumb/v7e-m/nofp\libstdc++.a(eh_arm.o) (typeinfo for __cxxabiv1::__forced_unwind)
c:/arm/gcc-arm-10.3-2021.10/bin/../lib/gcc/arm-none-eabi/10.3.1/../../../../arm-none-eabi/lib/thumb/v7e-m/nofp\libstdc++.a(eh_globals.o)
                              c:/arm/gcc-arm-10.3-2021.10/bin/../lib/gcc/arm-none-eabi/10.3.1/../../../../arm-none-eabi/lib/thumb/v7e-m/nofp\libstdc++.a(eh_arm.o) (__cxa_get_globals)
c:/arm/gcc-arm-10.3-2021.10/bin/../lib/gcc/arm-none-eabi/10.3.1/../../../../arm-none-eabi/lib/thumb/v7e-m/nofp\libstdc++.a(eh_personality.o)
                              CMakeFiles/STM32F411CEUXCppTemplate.elf.dir/_Application/basic.cpp.obj (__gxx_personality_v0)
c:/arm/gcc-arm-10.3-2021.10/bin/../lib/gcc/arm-none-eabi/10.3.1/../../../../arm-none-eabi/lib/thumb/v7e-m/nofp\libstdc++.a(eh_terminate.o)
                              c:/arm/gcc-arm-10.3-2021.10/bin/../lib/gcc/arm-none-eabi/10.3.1/../../../../arm-none-eabi/lib/thumb/v7e-m/nofp\libstdc++.a(eh_arm.o) (std::terminate())
c:/arm/gcc-arm-10.3-2021.10/bin/../lib/gcc/arm-none-eabi/10.3.1/../../../../arm-none-eabi/lib/thumb/v7e-m/nofp\libstdc++.a(eh_unex_handler.o)
                              c:/arm/gcc-arm-10.3-2021.10/bin/../lib/gcc/arm-none-eabi/10.3.1/../../../../arm-none-eabi/lib/thumb/v7e-m/nofp\libstdc++.a(eh_terminate.o) (__cxxabiv1::__unexpected_handler)
c:/arm/gcc-arm-10.3-2021.10/bin/../lib/gcc/arm-none-eabi/10.3.1/../../../../arm-none-eabi/lib/thumb/v7e-m/nofp\libstdc++.a(new_op.o)
                              CMakeFiles/STM32F411CEUXCppTemplate.elf.dir/_Application/basic.cpp.obj (operator new(unsigned int))
c:/arm/gcc-arm-10.3-2021.10/bin/../lib/gcc/arm-none-eabi/10.3.1/../../../../arm-none-eabi/lib/thumb/v7e-m/nofp\libstdc++.a(pure.o)
                              c:/arm/gcc-arm-10.3-2021.10/bin/../lib/gcc/arm-none-eabi/10.3.1/../../../../arm-none-eabi/lib/thumb/v7e-m/nofp\libstdc++.a(eh_exception.o) (__cxa_pure_virtual)
c:/arm/gcc-arm-10.3-2021.10/bin/../lib/gcc/arm-none-eabi/10.3.1/../../../../arm-none-eabi/lib/thumb/v7e-m/nofp\libstdc++.a(si_class_type_info.o)
                              c:/arm/gcc-arm-10.3-2021.10/bin/../lib/gcc/arm-none-eabi/10.3.1/../../../../arm-none-eabi/lib/thumb/v7e-m/nofp\libstdc++.a(eh_exception.o) (vtable for __cxxabiv1::__si_class_type_info)
c:/arm/gcc-arm-10.3-2021.10/bin/../lib/gcc/arm-none-eabi/10.3.1/../../../../arm-none-eabi/lib/thumb/v7e-m/nofp\libstdc++.a(tinfo.o)
                              c:/arm/gcc-arm-10.3-2021.10/bin/../lib/gcc/arm-none-eabi/10.3.1/../../../../arm-none-eabi/lib/thumb/v7e-m/nofp\libstdc++.a(si_class_type_info.o) (std::type_info::__is_pointer_p() const)
c:/arm/gcc-arm-10.3-2021.10/bin/../lib/gcc/arm-none-eabi/10.3.1/../../../../arm-none-eabi/lib/thumb/v7e-m/nofp\libstdc++.a(vterminate.o)
                              c:/arm/gcc-arm-10.3-2021.10/bin/../lib/gcc/arm-none-eabi/10.3.1/../../../../arm-none-eabi/lib/thumb/v7e-m/nofp\libstdc++.a(eh_terminate.o) (__gnu_cxx::__verbose_terminate_handler())
c:/arm/gcc-arm-10.3-2021.10/bin/../lib/gcc/arm-none-eabi/10.3.1/../../../../arm-none-eabi/lib/thumb/v7e-m/nofp\libstdc++.a(bad_alloc.o)
                              c:/arm/gcc-arm-10.3-2021.10/bin/../lib/gcc/arm-none-eabi/10.3.1/../../../../arm-none-eabi/lib/thumb/v7e-m/nofp\libstdc++.a(new_op.o) (std::bad_alloc::~bad_alloc())
c:/arm/gcc-arm-10.3-2021.10/bin/../lib/gcc/arm-none-eabi/10.3.1/../../../../arm-none-eabi/lib/thumb/v7e-m/nofp\libstdc++.a(class_type_info.o)
                              c:/arm/gcc-arm-10.3-2021.10/bin/../lib/gcc/arm-none-eabi/10.3.1/../../../../arm-none-eabi/lib/thumb/v7e-m/nofp\libstdc++.a(si_class_type_info.o) (__cxxabiv1::__class_type_info::__do_upcast(__cxxabiv1::__class_type_info const*, void**) const)
c:/arm/gcc-arm-10.3-2021.10/bin/../lib/gcc/arm-none-eabi/10.3.1/../../../../arm-none-eabi/lib/thumb/v7e-m/nofp\libstdc++.a(cp-demangle.o)
                              c:/arm/gcc-arm-10.3-2021.10/bin/../lib/gcc/arm-none-eabi/10.3.1/../../../../arm-none-eabi/lib/thumb/v7e-m/nofp\libstdc++.a(vterminate.o) (__cxa_demangle)
[...]
Memory Configuration

Name             Origin             Length             Attributes
RAM              0x20000000         0x00020000         xrw
FLASH            0x08000000         0x00080000         xr
*default*        0x00000000         0xffffffff

Linker script and memory map

LOAD c:/arm/gcc-arm-10.3-2021.10/bin/../lib/gcc/arm-none-eabi/10.3.1/thumb/v7e-m/nofp/crti.o
LOAD c:/arm/gcc-arm-10.3-2021.10/bin/../lib/gcc/arm-none-eabi/10.3.1/thumb/v7e-m/nofp/crtbegin.o
LOAD c:/arm/gcc-arm-10.3-2021.10/bin/../lib/gcc/arm-none-eabi/10.3.1/../../../../arm-none-eabi/lib/thumb/v7e-m/nofp/crt0.o
LOAD CMakeFiles/STM32F411CEUXCppTemplate.elf.dir/_Application/basic.cpp.obj
LOAD CMakeFiles/STM32F411CEUXCppTemplate.elf.dir/_Application/main.cpp.obj
LOAD CMakeFiles/STM32F411CEUXCppTemplate.elf.dir/_Application/stm32f4xx_hal_msp.c.obj
LOAD CMakeFiles/STM32F411CEUXCppTemplate.elf.dir/_Drivers/STM32F4xx_HAL_Driver/Src/stm32f4xx_hal.c.obj
LOAD CMakeFiles/STM32F411CEUXCppTemplate.elf.dir/_Drivers/STM32F4xx_HAL_Driver/Src/stm32f4xx_hal_adc.c.obj
LOAD CMakeFiles/STM32F411CEUXCppTemplate.elf.dir/_Drivers/STM32F4xx_HAL_Driver/Src/stm32f4xx_hal_adc_ex.c.obj
LOAD CMakeFiles/STM32F411CEUXCppTemplate.elf.dir/_Drivers/STM32F4xx_HAL_Driver/Src/stm32f4xx_hal_cortex.c.obj
LOAD CMakeFiles/STM32F411CEUXCppTemplate.elf.dir/_Drivers/STM32F4xx_HAL_Driver/Src/stm32f4xx_hal_dma.c.obj
LOAD CMakeFiles/STM32F411CEUXCppTemplate.elf.dir/_Drivers/STM32F4xx_HAL_Driver/Src/stm32f4xx_hal_dma_ex.c.obj
LOAD CMakeFiles/STM32F411CEUXCppTemplate.elf.dir/_Drivers/STM32F4xx_HAL_Driver/Src/stm32f4xx_hal_exti.c.obj
LOAD CMakeFiles/STM32F411CEUXCppTemplate.elf.dir/_Drivers/STM32F4xx_HAL_Driver/Src/stm32f4xx_hal_flash.c.obj
LOAD CMakeFiles/STM32F411CEUXCppTemplate.elf.dir/_Drivers/STM32F4xx_HAL_Driver/Src/stm32f4xx_hal_flash_ex.c.obj
LOAD CMakeFiles/STM32F411CEUXCppTemplate.elf.dir/_Drivers/STM32F4xx_HAL_Driver/Src/stm32f4xx_hal_flash_ramfunc.c.obj
LOAD CMakeFiles/STM32F411CEUXCppTemplate.elf.dir/_Drivers/STM32F4xx_HAL_Driver/Src/stm32f4xx_hal_gpio.c.obj
LOAD CMakeFiles/STM32F411CEUXCppTemplate.elf.dir/_Drivers/STM32F4xx_HAL_Driver/Src/stm32f4xx_hal_i2c.c.obj
LOAD CMakeFiles/STM32F411CEUXCppTemplate.elf.dir/_Drivers/STM32F4xx_HAL_Driver/Src/stm32f4xx_hal_i2c_ex.c.obj
LOAD CMakeFiles/STM32F411CEUXCppTemplate.elf.dir/_Drivers/STM32F4xx_HAL_Driver/Src/stm32f4xx_hal_pwr.c.obj
LOAD CMakeFiles/STM32F411CEUXCppTemplate.elf.dir/_Drivers/STM32F4xx_HAL_Driver/Src/stm32f4xx_hal_pwr_ex.c.obj
LOAD CMakeFiles/STM32F411CEUXCppTemplate.elf.dir/_Drivers/STM32F4xx_HAL_Driver/Src/stm32f4xx_hal_rcc.c.obj
LOAD CMakeFiles/STM32F411CEUXCppTemplate.elf.dir/_Drivers/STM32F4xx_HAL_Driver/Src/stm32f4xx_hal_rcc_ex.c.obj
LOAD CMakeFiles/STM32F411CEUXCppTemplate.elf.dir/_Drivers/STM32F4xx_HAL_Driver/Src/stm32f4xx_hal_spi.c.obj
LOAD CMakeFiles/STM32F411CEUXCppTemplate.elf.dir/_Drivers/STM32F4xx_HAL_Driver/Src/stm32f4xx_hal_tim.c.obj
LOAD CMakeFiles/STM32F411CEUXCppTemplate.elf.dir/_Drivers/STM32F4xx_HAL_Driver/Src/stm32f4xx_hal_tim_ex.c.obj
LOAD CMakeFiles/STM32F411CEUXCppTemplate.elf.dir/_Drivers/STM32F4xx_HAL_Driver/Src/stm32f4xx_hal_uart.c.obj
LOAD CMakeFiles/STM32F411CEUXCppTemplate.elf.dir/_Drivers/STM32F4xx_HAL_Driver/Src/stm32f4xx_ll_adc.c.obj
LOAD CMakeFiles/STM32F411CEUXCppTemplate.elf.dir/_System/startup_stm32f411xe.s.obj
LOAD CMakeFiles/STM32F411CEUXCppTemplate.elf.dir/_System/stm32f4xx_it.c.obj
LOAD CMakeFiles/STM32F411CEUXCppTemplate.elf.dir/_System/syscalls.c.obj
LOAD CMakeFiles/STM32F411CEUXCppTemplate.elf.dir/_System/system_stm32f4xx.c.obj
LOAD c:/arm/gcc-arm-10.3-2021.10/bin/../lib/gcc/arm-none-eabi/10.3.1/../../../../arm-none-eabi/lib/thumb/v7e-m/nofp\libstdc++.a
LOAD c:/arm/gcc-arm-10.3-2021.10/bin/../lib/gcc/arm-none-eabi/10.3.1/../../../../arm-none-eabi/lib/thumb/v7e-m/nofp\libm.a
START GROUP
LOAD c:/arm/gcc-arm-10.3-2021.10/bin/../lib/gcc/arm-none-eabi/10.3.1/thumb/v7e-m/nofp\libgcc.a
LOAD c:/arm/gcc-arm-10.3-2021.10/bin/../lib/gcc/arm-none-eabi/10.3.1/../../../../arm-none-eabi/lib/thumb/v7e-m/nofp\libg.a
LOAD c:/arm/gcc-arm-10.3-2021.10/bin/../lib/gcc/arm-none-eabi/10.3.1/../../../../arm-none-eabi/lib/thumb/v7e-m/nofp\libc.a
END GROUP
LOAD c:/arm/gcc-arm-10.3-2021.10/bin/../lib/gcc/arm-none-eabi/10.3.1/thumb/v7e-m/nofp/crtend.o
LOAD c:/arm/gcc-arm-10.3-2021.10/bin/../lib/gcc/arm-none-eabi/10.3.1/thumb/v7e-m/nofp/crtn.o
                0x20020000                _estack = (ORIGIN (RAM) + LENGTH (RAM))
                0x00001000                _Min_Heap_Size = 0x1000
                0x00001000                _Min_Stack_Size = 0x1000

.isr_vector     0x08000000      0x198
                0x08000000                . = ALIGN (0x4)
 *(.isr_vector)
 .isr_vector    0x08000000      0x198 CMakeFiles/STM32F411CEUXCppTemplate.elf.dir/_System/startup_stm32f411xe.s.obj
                0x08000000                g_pfnVectors
                0x08000198                . = ALIGN (0x4)

.text           0x080001c0    0x13fe0
                0x080001c0                . = ALIGN (0x4)
 *(.text)
 .text          0x080001c0       0x40 c:/arm/gcc-arm-10.3-2021.10/bin/../lib/gcc/arm-none-eabi/10.3.1/thumb/v7e-m/nofp/crtbegin.o
 .text          0x08000200     0x5fa4 c:/arm/gcc-arm-10.3-2021.10/bin/../lib/gcc/arm-none-eabi/10.3.1/../../../../arm-none-eabi/lib/thumb/v7e-m/nofp\libstdc++.a(cp-demangle.o)
                0x080060bc                __cxa_demangle
                0x08006180                __gcclibcxx_demangle_callback
 .text          0x080061a4       0x30 c:/arm/gcc-arm-10.3-2021.10/bin/../lib/gcc/arm-none-eabi/10.3.1/thumb/v7e-m/nofp\libgcc.a(_aeabi_uldivmod.o)
                0x080061a4                __aeabi_uldivmod
 .text          0x080061d4      0x2d0 c:/arm/gcc-arm-10.3-2021.10/bin/../lib/gcc/arm-none-eabi/10.3.1/thumb/v7e-m/nofp\libgcc.a(_udivmoddi4.o)
                0x080061d4                __udivmoddi4
 .text          0x080064a4      0x9d8 c:/arm/gcc-arm-10.3-2021.10/bin/../lib/gcc/arm-none-eabi/10.3.1/thumb/v7e-m/nofp\libgcc.a(unwind-arm.o)
                0x0800674c                _Unwind_GetCFA
                0x08006750                __gnu_Unwind_RaiseException
                0x080067b8                __gnu_Unwind_ForcedUnwind
                0x080067c8                __gnu_Unwind_Resume
                0x0800680c                __gnu_Unwind_Resume_or_Rethrow
                0x0800681c                _Unwind_Complete
                0x08006820                _Unwind_DeleteException
                0x0800682c                _Unwind_VRS_Get
                0x08006878                _Unwind_VRS_Set
                0x080068c0                __gnu_Unwind_Backtrace
                0x08006bec                __aeabi_unwind_cpp_pr0
                0x08006bf0                __aeabi_unwind_cpp_pr1
                0x08006bf4                __aeabi_unwind_cpp_pr2
                0x08006bf8                _Unwind_VRS_Pop
 .text          0x08006e7c      0x1ac c:/arm/gcc-arm-10.3-2021.10/bin/../lib/gcc/arm-none-eabi/10.3.1/thumb/v7e-m/nofp\libgcc.a(libunwind.o)
                0x08006e7c                __restore_core_regs
                0x08006e7c                restore_core_regs
                0x08006e94                __gnu_Unwind_Restore_VFP
                0x08006e9c                __gnu_Unwind_Save_VFP
                0x08006ea4                __gnu_Unwind_Restore_VFP_D
                0x08006eac                __gnu_Unwind_Save_VFP_D
                0x08006eb4                __gnu_Unwind_Restore_VFP_D_16_to_31
                0x08006ebc                __gnu_Unwind_Save_VFP_D_16_to_31
                0x08006ec4                __gnu_Unwind_Restore_WMMXD
                0x08006f08                __gnu_Unwind_Save_WMMXD
                0x08006f4c                __gnu_Unwind_Restore_WMMXC
                0x08006f60                __gnu_Unwind_Save_WMMXC
                0x08006f74                ___Unwind_RaiseException
                0x08006f74                _Unwind_RaiseException
                0x08006f98                _Unwind_Resume
                0x08006f98                ___Unwind_Resume
                0x08006fbc                _Unwind_Resume_or_Rethrow
                0x08006fbc                ___Unwind_Resume_or_Rethrow
                0x08006fe0                _Unwind_ForcedUnwind
                0x08006fe0                ___Unwind_ForcedUnwind
                0x08007004                ___Unwind_Backtrace
                0x08007004                _Unwind_Backtrace
 .text          0x08007028      0x350 c:/arm/gcc-arm-10.3-2021.10/bin/../lib/gcc/arm-none-eabi/10.3.1/thumb/v7e-m/nofp\libgcc.a(pr-support.o)
                0x08007080                __gnu_unwind_execute
                0x0800732c                __gnu_unwind_frame
                0x08007358                _Unwind_GetRegionStart
                0x08007364                _Unwind_GetLanguageSpecificData
 .text          0x08007378        0x4 c:/arm/gcc-arm-10.3-2021.10/bin/../lib/gcc/arm-none-eabi/10.3.1/thumb/v7e-m/nofp\libgcc.a(_dvmd_tls.o)
                0x08007378                __aeabi_idiv0
                0x08007378                __aeabi_ldiv0
 *fill*         0x0800737c        0x4 
 .text          0x08007380       0xa0 c:/arm/gcc-arm-10.3-2021.10/bin/../lib/gcc/arm-none-eabi/10.3.1/../../../../arm-none-eabi/lib/thumb/v7e-m/nofp\libg.a(lib_a-memchr.o)
                0x08007380                memchr
 .text          0x08007420      0x134 c:/arm/gcc-arm-10.3-2021.10/bin/../lib/gcc/arm-none-eabi/10.3.1/../../../../arm-none-eabi/lib/thumb/v7e-m/nofp\libg.a(lib_a-memcpy.o)
                0x08007420                memcpy
 *fill*         0x08007554        0xc 
 .text          0x08007560      0x2dc c:/arm/gcc-arm-10.3-2021.10/bin/../lib/gcc/arm-none-eabi/10.3.1/../../../../arm-none-eabi/lib/thumb/v7e-m/nofp\libg.a(lib_a-strcmp.o)
                0x08007568                strcmp
 *fill*         0x0800783c        0x4 
 .text          0x08007840       0xdc c:/arm/gcc-arm-10.3-2021.10/bin/../lib/gcc/arm-none-eabi/10.3.1/../../../../arm-none-eabi/lib/thumb/v7e-m/nofp\libg.a(lib_a-strlen.o)
                0x08007840                strlen
 .text          0x0800791c      0x378 c:/arm/gcc-arm-10.3-2021.10/bin/../lib/gcc/arm-none-eabi/10.3.1/thumb/v7e-m/nofp\libgcc.a(_arm_addsubdf3.o)
                0x0800791c                __aeabi_drsub
                0x08007924                __aeabi_dsub
                0x08007924                __subdf3
                0x08007928                __aeabi_dadd
                0x08007928                __adddf3
                0x08007ba0                __floatunsidf
                0x08007ba0                __aeabi_ui2d
                0x08007bc0                __floatsidf
                0x08007bc0                __aeabi_i2d
                0x08007be4                __aeabi_f2d
                0x08007be4                __extendsfdf2
                0x08007c28                __floatundidf
                0x08007c28                __aeabi_ul2d
                0x08007c38                __floatdidf
                0x08007c38                __aeabi_l2d
 .text          0x08007c94      0x424 c:/arm/gcc-arm-10.3-2021.10/bin/../lib/gcc/arm-none-eabi/10.3.1/thumb/v7e-m/nofp\libgcc.a(_arm_muldivdf3.o)
                0x08007c94                __aeabi_dmul
                0x08007c94                __muldf3
                0x08007ee8                __divdf3
                0x08007ee8                __aeabi_ddiv
 .text          0x080080b8      0x110 c:/arm/gcc-arm-10.3-2021.10/bin/../lib/gcc/arm-none-eabi/10.3.1/thumb/v7e-m/nofp\libgcc.a(_arm_cmpdf2.o)
                0x080080b8                __gtdf2
                0x080080b8                __gedf2
                0x080080c0                __ltdf2
                0x080080c0                __ledf2
                0x080080c8                __nedf2
                0x080080c8                __eqdf2
                0x080080c8                __cmpdf2
                0x08008144                __aeabi_cdrcmple
                0x08008154                __aeabi_cdcmpeq
                0x08008154                __aeabi_cdcmple
                0x08008164                __aeabi_dcmpeq
                0x08008178                __aeabi_dcmplt
                0x0800818c                __aeabi_dcmple
                0x080081a0                __aeabi_dcmpge
                0x080081b4                __aeabi_dcmpgt
 .text          0x080081c8       0x2c c:/arm/gcc-arm-10.3-2021.10/bin/../lib/gcc/arm-none-eabi/10.3.1/thumb/v7e-m/nofp\libgcc.a(_arm_unorddf2.o)
                0x080081c8                __unorddf2
                0x080081c8                __aeabi_dcmpun
 .text          0x080081f4       0x50 c:/arm/gcc-arm-10.3-2021.10/bin/../lib/gcc/arm-none-eabi/10.3.1/thumb/v7e-m/nofp\libgcc.a(_arm_fixdfsi.o)
                0x080081f4                __aeabi_d2iz
                0x080081f4                __fixdfsi
 *(.text*)
 .text._ZN5HUART14SeedByteStringEPKc
                0x08008244       0x2a CMakeFiles/STM32F411CEUXCppTemplate.elf.dir/_Application/basic.cpp.obj
                0x08008244                HUART::SeedByteString(char const*)
 *fill*         0x0800826e        0x2 
 .text._ZN4GPIO4InitEv
                0x08008270      0x110 CMakeFiles/STM32F411CEUXCppTemplate.elf.dir/_Application/basic.cpp.obj
                0x08008270                GPIO::Init()
 .text._ZN4GPIOC2E9GPIO_Port9GPIO_Mode9GPIO_Pull10GPIO_Speedm
                0x08008380       0xf8 CMakeFiles/STM32F411CEUXCppTemplate.elf.dir/_Application/basic.cpp.obj
                0x08008380                GPIO::GPIO(GPIO_Port, GPIO_Mode, GPIO_Pull, GPIO_Speed, unsigned long)
                0x08008380                GPIO::GPIO(GPIO_Port, GPIO_Mode, GPIO_Pull, GPIO_Speed, unsigned long)
 .text._ZN7ST7735S4InitEv
                0x08008478     0x12dc CMakeFiles/STM32F411CEUXCppTemplate.elf.dir/_Application/basic.cpp.obj
                0x08008478                ST7735S::Init()
 .text._ZN7ST7735S4DataEth
                0x08009754       0x40 CMakeFiles/STM32F411CEUXCppTemplate.elf.dir/_Application/basic.cpp.obj
                0x08009754                ST7735S::Data(unsigned short, unsigned char)
 .text._ZN8OLED13064InitEv
                0x08009794      0x38a CMakeFiles/STM32F411CEUXCppTemplate.elf.dir/_Application/basic.cpp.obj
                0x08009794                OLED1306::Init()
 *fill*         0x08009b1e        0x2 
 .text._ZN6HTIM104InitEv
                0x08009b20       0x50 CMakeFiles/STM32F411CEUXCppTemplate.elf.dir/_Application/basic.cpp.obj
                0x08009b20                HTIM10::Init()
 .text._ZN5HI2C14InitE9GPIO_PortS0_m
                0x08009b70      0x258 CMakeFiles/STM32F411CEUXCppTemplate.elf.dir/_Application/basic.cpp.obj
                0x08009b70                HI2C1::Init(GPIO_Port, GPIO_Port, unsigned long)
 .text._ZN5HSPI14InitE9GPIO_PortS0_S0_m
                0x08009dc8      0x334 CMakeFiles/STM32F411CEUXCppTemplate.elf.dir/_Application/basic.cpp.obj
                0x08009dc8                HSPI1::Init(GPIO_Port, GPIO_Port, GPIO_Port, unsigned long)
 .text._ZN6HUART14InitE9GPIO_PortS0_m
                0x0800a0fc      0x248 CMakeFiles/STM32F411CEUXCppTemplate.elf.dir/_Application/basic.cpp.obj
                0x0800a0fc                HUART1::Init(GPIO_Port, GPIO_Port, unsigned long)
 .text._Z5main_v
                0x0800a344      0x420 CMakeFiles/STM32F411CEUXCppTemplate.elf.dir/_Application/basic.cpp.obj
                0x0800a344                main_()
 .text.Error_Handler
                0x0800a764        0x4 CMakeFiles/STM32F411CEUXCppTemplate.elf.dir/_Application/main.cpp.obj
                0x0800a764                Error_Handler
 .text.assert_failed
                0x0800a768        0x2 CMakeFiles/STM32F411CEUXCppTemplate.elf.dir/_Application/main.cpp.obj
                0x0800a768                assert_failed
 *fill*         0x0800a76a        0x2 
 .text._Z18SystemClock_Configv
                0x0800a76c       0xa8 CMakeFiles/STM32F411CEUXCppTemplate.elf.dir/_Application/main.cpp.obj
                0x0800a76c                SystemClock_Config()
 .text.main     0x0800a814       0x12 CMakeFiles/STM32F411CEUXCppTemplate.elf.dir/_Application/main.cpp.obj
                0x0800a814                main
 .text.HAL_I2C_MspInit
                0x0800a826        0x2 CMakeFiles/STM32F411CEUXCppTemplate.elf.dir/_Application/stm32f4xx_hal_msp.c.obj
                0x0800a826                HAL_I2C_MspInit
 .text.HAL_UART_MspInit
                0x0800a828        0x2 CMakeFiles/STM32F411CEUXCppTemplate.elf.dir/_Application/stm32f4xx_hal_msp.c.obj
                0x0800a828                HAL_UART_MspInit
 *fill*         0x0800a82a        0x2 
 .text.HAL_SPI_MspInit
                0x0800a82c       0x70 CMakeFiles/STM32F411CEUXCppTemplate.elf.dir/_Application/stm32f4xx_hal_msp.c.obj
                0x0800a82c                HAL_SPI_MspInit
 .text.HAL_MspInit
                0x0800a89c        0x2 CMakeFiles/STM32F411CEUXCppTemplate.elf.dir/_Drivers/STM32F4xx_HAL_Driver/Src/stm32f4xx_hal.c.obj
                0x0800a89c                HAL_MspInit
 *fill*         0x0800a89e        0x2 
 .text.HAL_InitTick
                0x0800a8a0       0x4c CMakeFiles/STM32F411CEUXCppTemplate.elf.dir/_Drivers/STM32F4xx_HAL_Driver/Src/stm32f4xx_hal.c.obj
                0x0800a8a0                HAL_InitTick
 .text.HAL_Init
                0x0800a8ec       0x34 CMakeFiles/STM32F411CEUXCppTemplate.elf.dir/_Drivers/STM32F4xx_HAL_Driver/Src/stm32f4xx_hal.c.obj
                0x0800a8ec                HAL_Init
 .text.HAL_IncTick
                0x0800a920       0x18 CMakeFiles/STM32F411CEUXCppTemplate.elf.dir/_Drivers/STM32F4xx_HAL_Driver/Src/stm32f4xx_hal.c.obj
                0x0800a920                HAL_IncTick
 .text.HAL_GetTick
                0x0800a938        0xc CMakeFiles/STM32F411CEUXCppTemplate.elf.dir/_Drivers/STM32F4xx_HAL_Driver/Src/stm32f4xx_hal.c.obj
                0x0800a938                HAL_GetTick
 .text.HAL_NVIC_SetPriorityGrouping
                0x0800a944       0x3c CMakeFiles/STM32F411CEUXCppTemplate.elf.dir/_Drivers/STM32F4xx_HAL_Driver/Src/stm32f4xx_hal_cortex.c.obj
                0x0800a944                HAL_NVIC_SetPriorityGrouping
 .text.HAL_NVIC_SetPriority
                0x0800a980       0x8c CMakeFiles/STM32F411CEUXCppTemplate.elf.dir/_Drivers/STM32F4xx_HAL_Driver/Src/stm32f4xx_hal_cortex.c.obj
                0x0800a980                HAL_NVIC_SetPriority
 .text.HAL_SYSTICK_Config
                0x0800aa0c       0x28 CMakeFiles/STM32F411CEUXCppTemplate.elf.dir/_Drivers/STM32F4xx_HAL_Driver/Src/stm32f4xx_hal_cortex.c.obj
                0x0800aa0c                HAL_SYSTICK_Config
 .text.HAL_GPIO_Init
                0x0800aa34      0x2a4 CMakeFiles/STM32F411CEUXCppTemplate.elf.dir/_Drivers/STM32F4xx_HAL_Driver/Src/stm32f4xx_hal_gpio.c.obj
                0x0800aa34                HAL_GPIO_Init
 .text.HAL_GPIO_WritePin
                0x0800acd8       0x38 CMakeFiles/STM32F411CEUXCppTemplate.elf.dir/_Drivers/STM32F4xx_HAL_Driver/Src/stm32f4xx_hal_gpio.c.obj
                0x0800acd8                HAL_GPIO_WritePin
 .text.HAL_GPIO_TogglePin
                0x0800ad10       0x2c CMakeFiles/STM32F411CEUXCppTemplate.elf.dir/_Drivers/STM32F4xx_HAL_Driver/Src/stm32f4xx_hal_gpio.c.obj
                0x0800ad10                HAL_GPIO_TogglePin
 .text.I2C_IsAcknowledgeFailed
                0x0800ad3c       0x32 CMakeFiles/STM32F411CEUXCppTemplate.elf.dir/_Drivers/STM32F4xx_HAL_Driver/Src/stm32f4xx_hal_i2c.c.obj
 .text.I2C_WaitOnFlagUntilTimeout
                0x0800ad6e       0x7c CMakeFiles/STM32F411CEUXCppTemplate.elf.dir/_Drivers/STM32F4xx_HAL_Driver/Src/stm32f4xx_hal_i2c.c.obj
 .text.I2C_WaitOnMasterAddressFlagUntilTimeout
                0x0800adea       0xaa CMakeFiles/STM32F411CEUXCppTemplate.elf.dir/_Drivers/STM32F4xx_HAL_Driver/Src/stm32f4xx_hal_i2c.c.obj
 .text.I2C_WaitOnTXEFlagUntilTimeout
                0x0800ae94       0x54 CMakeFiles/STM32F411CEUXCppTemplate.elf.dir/_Drivers/STM32F4xx_HAL_Driver/Src/stm32f4xx_hal_i2c.c.obj
 .text.I2C_RequestMemoryWrite
                0x0800aee8       0xd8 CMakeFiles/STM32F411CEUXCppTemplate.elf.dir/_Drivers/STM32F4xx_HAL_Driver/Src/stm32f4xx_hal_i2c.c.obj
 .text.I2C_RequestMemoryRead
                0x0800afc0      0x154 CMakeFiles/STM32F411CEUXCppTemplate.elf.dir/_Drivers/STM32F4xx_HAL_Driver/Src/stm32f4xx_hal_i2c.c.obj
 .text.I2C_WaitOnBTFFlagUntilTimeout
                0x0800b114       0x54 CMakeFiles/STM32F411CEUXCppTemplate.elf.dir/_Drivers/STM32F4xx_HAL_Driver/Src/stm32f4xx_hal_i2c.c.obj
 .text.I2C_WaitOnRXNEFlagUntilTimeout
                0x0800b168       0x6a CMakeFiles/STM32F411CEUXCppTemplate.elf.dir/_Drivers/STM32F4xx_HAL_Driver/Src/stm32f4xx_hal_i2c.c.obj
 *fill*         0x0800b1d2        0x2 
 .text.HAL_I2C_Init
                0x0800b1d4      0x29c CMakeFiles/STM32F411CEUXCppTemplate.elf.dir/_Drivers/STM32F4xx_HAL_Driver/Src/stm32f4xx_hal_i2c.c.obj
                0x0800b1d4                HAL_I2C_Init
 .text.HAL_I2C_Mem_Write
                0x0800b470      0x17c CMakeFiles/STM32F411CEUXCppTemplate.elf.dir/_Drivers/STM32F4xx_HAL_Driver/Src/stm32f4xx_hal_i2c.c.obj
                0x0800b470                HAL_I2C_Mem_Write
 .text.HAL_I2C_Mem_Read
                0x0800b5ec      0x2fc CMakeFiles/STM32F411CEUXCppTemplate.elf.dir/_Drivers/STM32F4xx_HAL_Driver/Src/stm32f4xx_hal_i2c.c.obj
                0x0800b5ec                HAL_I2C_Mem_Read
 .text.HAL_RCC_OscConfig
                0x0800b8e8      0x4fc CMakeFiles/STM32F411CEUXCppTemplate.elf.dir/_Drivers/STM32F4xx_HAL_Driver/Src/stm32f4xx_hal_rcc.c.obj
                0x0800b8e8                HAL_RCC_OscConfig
 .text.HAL_RCC_GetSysClockFreq
                0x0800bde4       0xa4 CMakeFiles/STM32F411CEUXCppTemplate.elf.dir/_Drivers/STM32F4xx_HAL_Driver/Src/stm32f4xx_hal_rcc.c.obj
                0x0800bde4                HAL_RCC_GetSysClockFreq
 .text.HAL_RCC_ClockConfig
                0x0800be88      0x21c CMakeFiles/STM32F411CEUXCppTemplate.elf.dir/_Drivers/STM32F4xx_HAL_Driver/Src/stm32f4xx_hal_rcc.c.obj
                0x0800be88                HAL_RCC_ClockConfig
 .text.HAL_RCC_GetHCLKFreq
                0x0800c0a4        0xc CMakeFiles/STM32F411CEUXCppTemplate.elf.dir/_Drivers/STM32F4xx_HAL_Driver/Src/stm32f4xx_hal_rcc.c.obj
                0x0800c0a4                HAL_RCC_GetHCLKFreq
 .text.HAL_RCC_GetPCLK1Freq
                0x0800c0b0       0x20 CMakeFiles/STM32F411CEUXCppTemplate.elf.dir/_Drivers/STM32F4xx_HAL_Driver/Src/stm32f4xx_hal_rcc.c.obj
                0x0800c0b0                HAL_RCC_GetPCLK1Freq
 .text.HAL_RCC_GetPCLK2Freq
                0x0800c0d0       0x20 CMakeFiles/STM32F411CEUXCppTemplate.elf.dir/_Drivers/STM32F4xx_HAL_Driver/Src/stm32f4xx_hal_rcc.c.obj
                0x0800c0d0                HAL_RCC_GetPCLK2Freq
 .text.SPI_WaitFlagStateUntilTimeout
                0x0800c0f0       0xd4 CMakeFiles/STM32F411CEUXCppTemplate.elf.dir/_Drivers/STM32F4xx_HAL_Driver/Src/stm32f4xx_hal_spi.c.obj
 .text.SPI_EndRxTxTransaction
                0x0800c1c4       0x68 CMakeFiles/STM32F411CEUXCppTemplate.elf.dir/_Drivers/STM32F4xx_HAL_Driver/Src/stm32f4xx_hal_spi.c.obj
 .text.HAL_SPI_Init
                0x0800c22c      0x234 CMakeFiles/STM32F411CEUXCppTemplate.elf.dir/_Drivers/STM32F4xx_HAL_Driver/Src/stm32f4xx_hal_spi.c.obj
                0x0800c22c                HAL_SPI_Init
 .text.HAL_SPI_Transmit
                0x0800c460      0x1d4 CMakeFiles/STM32F411CEUXCppTemplate.elf.dir/_Drivers/STM32F4xx_HAL_Driver/Src/stm32f4xx_hal_spi.c.obj
                0x0800c460                HAL_SPI_Transmit
 .text.HAL_TIM_Base_MspInit
                0x0800c634        0x2 CMakeFiles/STM32F411CEUXCppTemplate.elf.dir/_Drivers/STM32F4xx_HAL_Driver/Src/stm32f4xx_hal_tim.c.obj
                0x0800c634                HAL_TIM_Base_MspInit
 *fill*         0x0800c636        0x2 
 .text.HAL_TIM_Base_Start
                0x0800c638       0xbc CMakeFiles/STM32F411CEUXCppTemplate.elf.dir/_Drivers/STM32F4xx_HAL_Driver/Src/stm32f4xx_hal_tim.c.obj
                0x0800c638                HAL_TIM_Base_Start
 .text.HAL_TIM_Base_Stop
                0x0800c6f4       0x7c CMakeFiles/STM32F411CEUXCppTemplate.elf.dir/_Drivers/STM32F4xx_HAL_Driver/Src/stm32f4xx_hal_tim.c.obj
                0x0800c6f4                HAL_TIM_Base_Stop
 .text.TIM_Base_SetConfig
                0x0800c770       0x9c CMakeFiles/STM32F411CEUXCppTemplate.elf.dir/_Drivers/STM32F4xx_HAL_Driver/Src/stm32f4xx_hal_tim.c.obj
                0x0800c770                TIM_Base_SetConfig
 .text.HAL_TIM_Base_Init
                0x0800c80c       0xfc CMakeFiles/STM32F411CEUXCppTemplate.elf.dir/_Drivers/STM32F4xx_HAL_Driver/Src/stm32f4xx_hal_tim.c.obj
                0x0800c80c                HAL_TIM_Base_Init
 .text.UART_SetConfig
                0x0800c908      0x174 CMakeFiles/STM32F411CEUXCppTemplate.elf.dir/_Drivers/STM32F4xx_HAL_Driver/Src/stm32f4xx_hal_uart.c.obj
 .text.UART_WaitOnFlagUntilTimeout
                0x0800ca7c       0x88 CMakeFiles/STM32F411CEUXCppTemplate.elf.dir/_Drivers/STM32F4xx_HAL_Driver/Src/stm32f4xx_hal_uart.c.obj
 .text.HAL_UART_Init
                0x0800cb04      0x100 CMakeFiles/STM32F411CEUXCppTemplate.elf.dir/_Drivers/STM32F4xx_HAL_Driver/Src/stm32f4xx_hal_uart.c.obj
                0x0800cb04                HAL_UART_Init
 .text.HAL_UART_Transmit
                0x0800cc04       0xd8 CMakeFiles/STM32F411CEUXCppTemplate.elf.dir/_Drivers/STM32F4xx_HAL_Driver/Src/stm32f4xx_hal_uart.c.obj
                0x0800cc04                HAL_UART_Transmit
 .text.Reset_Handler
                0x0800ccdc       0x50 CMakeFiles/STM32F411CEUXCppTemplate.elf.dir/_System/startup_stm32f411xe.s.obj
                0x0800ccdc                Reset_Handler
 .text.Default_Handler
                0x0800cd2c        0x2 CMakeFiles/STM32F411CEUXCppTemplate.elf.dir/_System/startup_stm32f411xe.s.obj
                0x0800cd2c                RTC_Alarm_IRQHandler
                0x0800cd2c                EXTI2_IRQHandler
                0x0800cd2c                SPI4_IRQHandler
                0x0800cd2c                TIM1_CC_IRQHandler
                0x0800cd2c                DMA2_Stream5_IRQHandler
                0x0800cd2c                DMA1_Stream5_IRQHandler
                0x0800cd2c                PVD_IRQHandler
                0x0800cd2c                SDIO_IRQHandler
                0x0800cd2c                TAMP_STAMP_IRQHandler
                0x0800cd2c                EXTI3_IRQHandler
                0x0800cd2c                TIM1_UP_TIM10_IRQHandler
                0x0800cd2c                I2C3_ER_IRQHandler
                0x0800cd2c                EXTI0_IRQHandler
                0x0800cd2c                I2C2_EV_IRQHandler
                0x0800cd2c                DMA1_Stream2_IRQHandler
                0x0800cd2c                FPU_IRQHandler
                0x0800cd2c                DMA2_Stream2_IRQHandler
                0x0800cd2c                SPI1_IRQHandler
                0x0800cd2c                TIM1_BRK_TIM9_IRQHandler
                0x0800cd2c                DMA2_Stream3_IRQHandler
                0x0800cd2c                USART6_IRQHandler
                0x0800cd2c                DMA2_Stream0_IRQHandler
                0x0800cd2c                TIM4_IRQHandler
                0x0800cd2c                I2C1_EV_IRQHandler
                0x0800cd2c                DMA1_Stream6_IRQHandler
                0x0800cd2c                DMA1_Stream1_IRQHandler
                0x0800cd2c                TIM3_IRQHandler
                0x0800cd2c                RCC_IRQHandler
                0x0800cd2c                Default_Handler
                0x0800cd2c                EXTI15_10_IRQHandler
                0x0800cd2c                ADC_IRQHandler
                0x0800cd2c                DMA1_Stream7_IRQHandler
                0x0800cd2c                SPI5_IRQHandler
                0x0800cd2c                TIM5_IRQHandler
                0x0800cd2c                DMA2_Stream7_IRQHandler
                0x0800cd2c                I2C3_EV_IRQHandler
                0x0800cd2c                EXTI9_5_IRQHandler
                0x0800cd2c                RTC_WKUP_IRQHandler
                0x0800cd2c                SPI2_IRQHandler
                0x0800cd2c                DMA1_Stream0_IRQHandler
                0x0800cd2c                EXTI4_IRQHandler
                0x0800cd2c                WWDG_IRQHandler
                0x0800cd2c                TIM2_IRQHandler
                0x0800cd2c                OTG_FS_WKUP_IRQHandler
                0x0800cd2c                TIM1_TRG_COM_TIM11_IRQHandler
                0x0800cd2c                EXTI1_IRQHandler
                0x0800cd2c                USART2_IRQHandler
                0x0800cd2c                I2C2_ER_IRQHandler
                0x0800cd2c                DMA2_Stream1_IRQHandler
                0x0800cd2c                FLASH_IRQHandler
                0x0800cd2c                DMA2_Stream4_IRQHandler
                0x0800cd2c                USART1_IRQHandler
                0x0800cd2c                OTG_FS_IRQHandler
                0x0800cd2c                SPI3_IRQHandler
                0x0800cd2c                DMA1_Stream4_IRQHandler
                0x0800cd2c                I2C1_ER_IRQHandler
                0x0800cd2c                DMA2_Stream6_IRQHandler
                0x0800cd2c                DMA1_Stream3_IRQHandler
 .text.NMI_Handler
                0x0800cd2e        0x2 CMakeFiles/STM32F411CEUXCppTemplate.elf.dir/_System/stm32f4xx_it.c.obj
                0x0800cd2e                NMI_Handler
 .text.HardFault_Handler
                0x0800cd30        0x2 CMakeFiles/STM32F411CEUXCppTemplate.elf.dir/_System/stm32f4xx_it.c.obj
                0x0800cd30                HardFault_Handler
 .text.MemManage_Handler
                0x0800cd32        0x2 CMakeFiles/STM32F411CEUXCppTemplate.elf.dir/_System/stm32f4xx_it.c.obj
                0x0800cd32                MemManage_Handler
 .text.BusFault_Handler
                0x0800cd34        0x2 CMakeFiles/STM32F411CEUXCppTemplate.elf.dir/_System/stm32f4xx_it.c.obj
                0x0800cd34                BusFault_Handler
 .text.UsageFault_Handler
                0x0800cd36        0x2 CMakeFiles/STM32F411CEUXCppTemplate.elf.dir/_System/stm32f4xx_it.c.obj
                0x0800cd36                UsageFault_Handler
 .text.SVC_Handler
                0x0800cd38        0x2 CMakeFiles/STM32F411CEUXCppTemplate.elf.dir/_System/stm32f4xx_it.c.obj
                0x0800cd38                SVC_Handler
 .text.DebugMon_Handler
                0x0800cd3a        0x2 CMakeFiles/STM32F411CEUXCppTemplate.elf.dir/_System/stm32f4xx_it.c.obj
                0x0800cd3a                DebugMon_Handler
 .text.PendSV_Handler
                0x0800cd3c        0x2 CMakeFiles/STM32F411CEUXCppTemplate.elf.dir/_System/stm32f4xx_it.c.obj
                0x0800cd3c                PendSV_Handler
 .text.SysTick_Handler
                0x0800cd3e        0x8 CMakeFiles/STM32F411CEUXCppTemplate.elf.dir/_System/stm32f4xx_it.c.obj
                0x0800cd3e                SysTick_Handler
 .text._getpid  0x0800cd46        0x4 CMakeFiles/STM32F411CEUXCppTemplate.elf.dir/_System/syscalls.c.obj
                0x0800cd46                _getpid
 .text._kill    0x0800cd4a       0x10 CMakeFiles/STM32F411CEUXCppTemplate.elf.dir/_System/syscalls.c.obj
                0x0800cd4a                _kill
 .text._exit    0x0800cd5a        0xc CMakeFiles/STM32F411CEUXCppTemplate.elf.dir/_System/syscalls.c.obj
                0x0800cd5a                _exit
 .text._read    0x0800cd66       0x20 CMakeFiles/STM32F411CEUXCppTemplate.elf.dir/_System/syscalls.c.obj
                0x0800cd66                _read
 .text._write   0x0800cd86       0x1c CMakeFiles/STM32F411CEUXCppTemplate.elf.dir/_System/syscalls.c.obj
                0x0800cd86                _write
 *fill*         0x0800cda2        0x2 
 .text._sbrk    0x0800cda4       0x3c CMakeFiles/STM32F411CEUXCppTemplate.elf.dir/_System/syscalls.c.obj
                0x0800cda4                _sbrk
 .text._close   0x0800cde0        0x6 CMakeFiles/STM32F411CEUXCppTemplate.elf.dir/_System/syscalls.c.obj
                0x0800cde0                _close
 .text._fstat   0x0800cde6        0xa CMakeFiles/STM32F411CEUXCppTemplate.elf.dir/_System/syscalls.c.obj
                0x0800cde6                _fstat
 .text._isatty  0x0800cdf0        0x4 CMakeFiles/STM32F411CEUXCppTemplate.elf.dir/_System/syscalls.c.obj
                0x0800cdf0                _isatty
 .text._lseek   0x0800cdf4        0x4 CMakeFiles/STM32F411CEUXCppTemplate.elf.dir/_System/syscalls.c.obj
                0x0800cdf4                _lseek
 .text.SystemInit
                0x0800cdf8        0x2 CMakeFiles/STM32F411CEUXCppTemplate.elf.dir/_System/system_stm32f4xx.c.obj
                0x0800cdf8                SystemInit
 *fill*         0x0800cdfa        0x2 
 .text._ZdlPv   0x0800cdfc        0x4 c:/arm/gcc-arm-10.3-2021.10/bin/../lib/gcc/arm-none-eabi/10.3.1/../../../../arm-none-eabi/lib/thumb/v7e-m/nofp\libstdc++.a(del_op.o)
                0x0800cdfc                operator delete(void*)
 .text.__cxa_end_cleanup
                0x0800ce00        0xc c:/arm/gcc-arm-10.3-2021.10/bin/../lib/gcc/arm-none-eabi/10.3.1/../../../../arm-none-eabi/lib/thumb/v7e-m/nofp\libstdc++.a(eh_arm.o)
                0x0800ce00                __cxa_end_cleanup
 .text.__cxa_type_match
                0x0800ce0c       0xb4 c:/arm/gcc-arm-10.3-2021.10/bin/../lib/gcc/arm-none-eabi/10.3.1/../../../../arm-none-eabi/lib/thumb/v7e-m/nofp\libstdc++.a(eh_arm.o)
                0x0800ce0c                __cxa_type_match
 .text.__cxa_begin_cleanup
                0x0800cec0       0x64 c:/arm/gcc-arm-10.3-2021.10/bin/../lib/gcc/arm-none-eabi/10.3.1/../../../../arm-none-eabi/lib/thumb/v7e-m/nofp\libstdc++.a(eh_arm.o)
                0x0800cec0                __cxa_begin_cleanup
 .text.__gnu_end_cleanup
                0x0800cf24       0x70 c:/arm/gcc-arm-10.3-2021.10/bin/../lib/gcc/arm-none-eabi/10.3.1/../../../../arm-none-eabi/lib/thumb/v7e-m/nofp\libstdc++.a(eh_arm.o)
                0x0800cf24                __gnu_end_cleanup
 .text._ZNSt9exceptionD2Ev
                0x0800cf94        0x4 c:/arm/gcc-arm-10.3-2021.10/bin/../lib/gcc/arm-none-eabi/10.3.1/../../../../arm-none-eabi/lib/thumb/v7e-m/nofp\libstdc++.a(eh_exception.o)
                0x0800cf94                std::exception::~exception()
                0x0800cf94                std::exception::~exception()
 .text._ZNSt13bad_exceptionD2Ev
                0x0800cf98        0x4 c:/arm/gcc-arm-10.3-2021.10/bin/../lib/gcc/arm-none-eabi/10.3.1/../../../../arm-none-eabi/lib/thumb/v7e-m/nofp\libstdc++.a(eh_exception.o)
                0x0800cf98                std::bad_exception::~bad_exception()
                0x0800cf98                std::bad_exception::~bad_exception()
 .text._ZNKSt13bad_exception4whatEv
                0x0800cf9c        0x8 c:/arm/gcc-arm-10.3-2021.10/bin/../lib/gcc/arm-none-eabi/10.3.1/../../../../arm-none-eabi/lib/thumb/v7e-m/nofp\libstdc++.a(eh_exception.o)
                0x0800cf9c                std::bad_exception::what() const
                0x0800cf9c                transaction clone for std::bad_exception::what() const
 .text._ZNSt13bad_exceptionD0Ev
                0x0800cfa4       0x10 c:/arm/gcc-arm-10.3-2021.10/bin/../lib/gcc/arm-none-eabi/10.3.1/../../../../arm-none-eabi/lib/thumb/v7e-m/nofp\libstdc++.a(eh_exception.o)
                0x0800cfa4                std::bad_exception::~bad_exception()
 .text.__cxa_get_globals_fast
                0x0800cfb4        0x8 c:/arm/gcc-arm-10.3-2021.10/bin/../lib/gcc/arm-none-eabi/10.3.1/../../../../arm-none-eabi/lib/thumb/v7e-m/nofp\libstdc++.a(eh_globals.o)
                0x0800cfb4                __cxa_get_globals_fast
 .text.__cxa_get_globals
                0x0800cfbc        0x8 c:/arm/gcc-arm-10.3-2021.10/bin/../lib/gcc/arm-none-eabi/10.3.1/../../../../arm-none-eabi/lib/thumb/v7e-m/nofp\libstdc++.a(eh_globals.o)
                0x0800cfbc                __cxa_get_globals
 .text._ZL28read_encoded_value_with_basehjPKhPj
                0x0800cfc4       0xc0 c:/arm/gcc-arm-10.3-2021.10/bin/../lib/gcc/arm-none-eabi/10.3.1/../../../../arm-none-eabi/lib/thumb/v7e-m/nofp\libstdc++.a(eh_personality.o)
 .text._ZL21base_of_encoded_valuehP15_Unwind_Context
                0x0800d084       0x48 c:/arm/gcc-arm-10.3-2021.10/bin/../lib/gcc/arm-none-eabi/10.3.1/../../../../arm-none-eabi/lib/thumb/v7e-m/nofp\libstdc++.a(eh_personality.o)
 .text._ZL17parse_lsda_headerP15_Unwind_ContextPKhP16lsda_header_info
                0x0800d0cc       0x94 c:/arm/gcc-arm-10.3-2021.10/bin/../lib/gcc/arm-none-eabi/10.3.1/../../../../arm-none-eabi/lib/thumb/v7e-m/nofp\libstdc++.a(eh_personality.o)
 .text.__gxx_personality_v0
                0x0800d160      0x4a8 c:/arm/gcc-arm-10.3-2021.10/bin/../lib/gcc/arm-none-eabi/10.3.1/../../../../arm-none-eabi/lib/thumb/v7e-m/nofp\libstdc++.a(eh_personality.o)
                0x0800d160                __gxx_personality_v0
 .text._ZN10__cxxabiv111__terminateEPFvvE
                0x0800d608       0x28 c:/arm/gcc-arm-10.3-2021.10/bin/../lib/gcc/arm-none-eabi/10.3.1/../../../../arm-none-eabi/lib/thumb/v7e-m/nofp\libstdc++.a(eh_terminate.o)
                0x0800d608                __cxxabiv1::__terminate(void (*)())
 .text._ZSt9terminatev
                0x0800d630       0x14 c:/arm/gcc-arm-10.3-2021.10/bin/../lib/gcc/arm-none-eabi/10.3.1/../../../../arm-none-eabi/lib/thumb/v7e-m/nofp\libstdc++.a(eh_terminate.o)
                0x0800d630                std::terminate()
 .text._ZN10__cxxabiv112__unexpectedEPFvvE
                0x0800d644        0x8 c:/arm/gcc-arm-10.3-2021.10/bin/../lib/gcc/arm-none-eabi/10.3.1/../../../../arm-none-eabi/lib/thumb/v7e-m/nofp\libstdc++.a(eh_terminate.o)
                0x0800d644                __cxxabiv1::__unexpected(void (*)())
 .text._ZSt10unexpectedv
                0x0800d64c       0x14 c:/arm/gcc-arm-10.3-2021.10/bin/../lib/gcc/arm-none-eabi/10.3.1/../../../../arm-none-eabi/lib/thumb/v7e-m/nofp\libstdc++.a(eh_terminate.o)
                0x0800d64c                std::unexpected()
 .text._ZSt13get_terminatev
                0x0800d660       0x10 c:/arm/gcc-arm-10.3-2021.10/bin/../lib/gcc/arm-none-eabi/10.3.1/../../../../arm-none-eabi/lib/thumb/v7e-m/nofp\libstdc++.a(eh_terminate.o)
                0x0800d660                std::get_terminate()
 .text._ZSt14get_unexpectedv
                0x0800d670       0x10 c:/arm/gcc-arm-10.3-2021.10/bin/../lib/gcc/arm-none-eabi/10.3.1/../../../../arm-none-eabi/lib/thumb/v7e-m/nofp\libstdc++.a(eh_terminate.o)
                0x0800d670                std::get_unexpected()
 .text._Znwj    0x0800d680       0x3c c:/arm/gcc-arm-10.3-2021.10/bin/../lib/gcc/arm-none-eabi/10.3.1/../../../../arm-none-eabi/lib/thumb/v7e-m/nofp\libstdc++.a(new_op.o)
                0x0800d680                operator new(unsigned int)
 .text._ZN10__cxxabiv120__si_class_type_infoD2Ev
                0x0800d6bc       0x14 c:/arm/gcc-arm-10.3-2021.10/bin/../lib/gcc/arm-none-eabi/10.3.1/../../../../arm-none-eabi/lib/thumb/v7e-m/nofp\libstdc++.a(si_class_type_info.o)
                0x0800d6bc                __cxxabiv1::__si_class_type_info::~__si_class_type_info()
                0x0800d6bc                __cxxabiv1::__si_class_type_info::~__si_class_type_info()
 .text._ZN10__cxxabiv120__si_class_type_infoD0Ev
                0x0800d6d0       0x1c c:/arm/gcc-arm-10.3-2021.10/bin/../lib/gcc/arm-none-eabi/10.3.1/../../../../arm-none-eabi/lib/thumb/v7e-m/nofp\libstdc++.a(si_class_type_info.o)
                0x0800d6d0                __cxxabiv1::__si_class_type_info::~__si_class_type_info()
 .text._ZNK10__cxxabiv120__si_class_type_info20__do_find_public_srcEiPKvPKNS_17__class_type_infoES2_
                0x0800d6ec       0x3c c:/arm/gcc-arm-10.3-2021.10/bin/../lib/gcc/arm-none-eabi/10.3.1/../../../../arm-none-eabi/lib/thumb/v7e-m/nofp\libstdc++.a(si_class_type_info.o)
                0x0800d6ec                __cxxabiv1::__si_class_type_info::__do_find_public_src(int, void const*, __cxxabiv1::__class_type_info const*, void const*) const
 .text._ZNK10__cxxabiv120__si_class_type_info12__do_dyncastEiNS_17__class_type_info10__sub_kindEPKS1_PKvS4_S6_RNS1_16__dyncast_resultE
                0x0800d728       0x84 c:/arm/gcc-arm-10.3-2021.10/bin/../lib/gcc/arm-none-eabi/10.3.1/../../../../arm-none-eabi/lib/thumb/v7e-m/nofp\libstdc++.a(si_class_type_info.o)
                0x0800d728                __cxxabiv1::__si_class_type_info::__do_dyncast(int, __cxxabiv1::__class_type_info::__sub_kind, __cxxabiv1::__class_type_info const*, void const*, __cxxabiv1::__class_type_info const*, void const*, __cxxabiv1::__class_type_info::__dyncast_result&) const
 .text._ZNK10__cxxabiv120__si_class_type_info11__do_upcastEPKNS_17__class_type_infoEPKvRNS1_15__upcast_resultE
                0x0800d7ac       0x2c c:/arm/gcc-arm-10.3-2021.10/bin/../lib/gcc/arm-none-eabi/10.3.1/../../../../arm-none-eabi/lib/thumb/v7e-m/nofp\libstdc++.a(si_class_type_info.o)
                0x0800d7ac                __cxxabiv1::__si_class_type_info::__do_upcast(__cxxabiv1::__class_type_info const*, void const*, __cxxabiv1::__class_type_info::__upcast_result&) const
 .text._ZNSt9type_infoD2Ev
                0x0800d7d8        0x4 c:/arm/gcc-arm-10.3-2021.10/bin/../lib/gcc/arm-none-eabi/10.3.1/../../../../arm-none-eabi/lib/thumb/v7e-m/nofp\libstdc++.a(tinfo.o)
                0x0800d7d8                std::type_info::~type_info()
                0x0800d7d8                std::type_info::~type_info()
 .text._ZNKSt9type_info14__is_pointer_pEv
                0x0800d7dc        0x4 c:/arm/gcc-arm-10.3-2021.10/bin/../lib/gcc/arm-none-eabi/10.3.1/../../../../arm-none-eabi/lib/thumb/v7e-m/nofp\libstdc++.a(tinfo.o)
                0x0800d7dc                std::type_info::__is_pointer_p() const
                0x0800d7dc                std::type_info::__is_function_p() const
 .text._ZNKSt9type_infoeqERKS_
                0x0800d7e0       0x2c c:/arm/gcc-arm-10.3-2021.10/bin/../lib/gcc/arm-none-eabi/10.3.1/../../../../arm-none-eabi/lib/thumb/v7e-m/nofp\libstdc++.a(tinfo.o)
                0x0800d7e0                std::type_info::operator==(std::type_info const&) const
 .text._ZN9__gnu_cxx27__verbose_terminate_handlerEv
                0x0800d80c      0x10c c:/arm/gcc-arm-10.3-2021.10/bin/../lib/gcc/arm-none-eabi/10.3.1/../../../../arm-none-eabi/lib/thumb/v7e-m/nofp\libstdc++.a(vterminate.o)
                0x0800d80c                __gnu_cxx::__verbose_terminate_handler()
 .text._ZNKSt9bad_alloc4whatEv
                0x0800d918        0x8 c:/arm/gcc-arm-10.3-2021.10/bin/../lib/gcc/arm-none-eabi/10.3.1/../../../../arm-none-eabi/lib/thumb/v7e-m/nofp\libstdc++.a(bad_alloc.o)
                0x0800d918                std::bad_alloc::what() const
 .text._ZNSt9bad_allocD2Ev
                0x0800d920       0x14 c:/arm/gcc-arm-10.3-2021.10/bin/../lib/gcc/arm-none-eabi/10.3.1/../../../../arm-none-eabi/lib/thumb/v7e-m/nofp\libstdc++.a(bad_alloc.o)
                0x0800d920                std::bad_alloc::~bad_alloc()
                0x0800d920                std::bad_alloc::~bad_alloc()
 .text._ZNSt9bad_allocD0Ev
                0x0800d934       0x1c c:/arm/gcc-arm-10.3-2021.10/bin/../lib/gcc/arm-none-eabi/10.3.1/../../../../arm-none-eabi/lib/thumb/v7e-m/nofp\libstdc++.a(bad_alloc.o)
                0x0800d934                std::bad_alloc::~bad_alloc()
 .text._ZNK10__cxxabiv117__class_type_info11__do_upcastEPKS0_PPv
                0x0800d950       0x34 c:/arm/gcc-arm-10.3-2021.10/bin/../lib/gcc/arm-none-eabi/10.3.1/../../../../arm-none-eabi/lib/thumb/v7e-m/nofp\libstdc++.a(class_type_info.o)
                0x0800d950                __cxxabiv1::__class_type_info::__do_upcast(__cxxabiv1::__class_type_info const*, void**) const
 .text._ZNK10__cxxabiv117__class_type_info20__do_find_public_srcEiPKvPKS0_S2_
                0x0800d984        0xc c:/arm/gcc-arm-10.3-2021.10/bin/../lib/gcc/arm-none-eabi/10.3.1/../../../../arm-none-eabi/lib/thumb/v7e-m/nofp\libstdc++.a(class_type_info.o)
                0x0800d984                __cxxabiv1::__class_type_info::__do_find_public_src(int, void const*, __cxxabiv1::__class_type_info const*, void const*) const
 .text._ZN10__cxxabiv117__class_type_infoD2Ev
                0x0800d990       0x14 c:/arm/gcc-arm-10.3-2021.10/bin/../lib/gcc/arm-none-eabi/10.3.1/../../../../arm-none-eabi/lib/thumb/v7e-m/nofp\libstdc++.a(class_type_info.o)
                0x0800d990                __cxxabiv1::__class_type_info::~__class_type_info()
                0x0800d990                __cxxabiv1::__class_type_info::~__class_type_info()
 .text._ZN10__cxxabiv117__class_type_infoD0Ev
                0x0800d9a4       0x1c c:/arm/gcc-arm-10.3-2021.10/bin/../lib/gcc/arm-none-eabi/10.3.1/../../../../arm-none-eabi/lib/thumb/v7e-m/nofp\libstdc++.a(class_type_info.o)
                0x0800d9a4                __cxxabiv1::__class_type_info::~__class_type_info()
 .text._ZNK10__cxxabiv117__class_type_info12__do_dyncastEiNS0_10__sub_kindEPKS0_PKvS3_S5_RNS0_16__dyncast_resultE
                0x0800d9c0       0x44 c:/arm/gcc-arm-10.3-2021.10/bin/../lib/gcc/arm-none-eabi/10.3.1/../../../../arm-none-eabi/lib/thumb/v7e-m/nofp\libstdc++.a(class_type_info.o)
                0x0800d9c0                __cxxabiv1::__class_type_info::__do_dyncast(int, __cxxabiv1::__class_type_info::__sub_kind, __cxxabiv1::__class_type_info const*, void const*, __cxxabiv1::__class_type_info const*, void const*, __cxxabiv1::__class_type_info::__dyncast_result&) const
 .text._ZNK10__cxxabiv117__class_type_info11__do_upcastEPKS0_PKvRNS0_15__upcast_resultE
                0x0800da04       0x1c c:/arm/gcc-arm-10.3-2021.10/bin/../lib/gcc/arm-none-eabi/10.3.1/../../../../arm-none-eabi/lib/thumb/v7e-m/nofp\libstdc++.a(class_type_info.o)
                0x0800da04                __cxxabiv1::__class_type_info::__do_upcast(__cxxabiv1::__class_type_info const*, void const*, __cxxabiv1::__class_type_info::__upcast_result&) const
 .text._ZNK10__cxxabiv117__class_type_info10__do_catchEPKSt9type_infoPPvj
                0x0800da20       0x2c c:/arm/gcc-arm-10.3-2021.10/bin/../lib/gcc/arm-none-eabi/10.3.1/../../../../arm-none-eabi/lib/thumb/v7e-m/nofp\libstdc++.a(class_type_info.o)
                0x0800da20                __cxxabiv1::__class_type_info::__do_catch(std::type_info const*, void**, unsigned int) const
 .text._ZdlPvj  0x0800da4c        0x4 c:/arm/gcc-arm-10.3-2021.10/bin/../lib/gcc/arm-none-eabi/10.3.1/../../../../arm-none-eabi/lib/thumb/v7e-m/nofp\libstdc++.a(del_ops.o)
                0x0800da4c                operator delete(void*, unsigned int)
 .text._ZN12_GLOBAL__N_14pool4freeEPv.constprop.0
                0x0800da50       0x88 c:/arm/gcc-arm-10.3-2021.10/bin/../lib/gcc/arm-none-eabi/10.3.1/../../../../arm-none-eabi/lib/thumb/v7e-m/nofp\libstdc++.a(eh_alloc.o)
 .text._ZN12_GLOBAL__N_14pool8allocateEj.constprop.0
                0x0800dad8       0x5c c:/arm/gcc-arm-10.3-2021.10/bin/../lib/gcc/arm-none-eabi/10.3.1/../../../../arm-none-eabi/lib/thumb/v7e-m/nofp\libstdc++.a(eh_alloc.o)
 .text.__cxa_allocate_exception
                0x0800db34       0x30 c:/arm/gcc-arm-10.3-2021.10/bin/../lib/gcc/arm-none-eabi/10.3.1/../../../../arm-none-eabi/lib/thumb/v7e-m/nofp\libstdc++.a(eh_alloc.o)
                0x0800db34                __cxa_allocate_exception
 .text.__cxa_free_exception
                0x0800db64       0x20 c:/arm/gcc-arm-10.3-2021.10/bin/../lib/gcc/arm-none-eabi/10.3.1/../../../../arm-none-eabi/lib/thumb/v7e-m/nofp\libstdc++.a(eh_alloc.o)
                0x0800db64                __cxa_free_exception
 .text.startup._GLOBAL__sub_I__ZN9__gnu_cxx9__freeresEv
                0x0800db84       0x28 c:/arm/gcc-arm-10.3-2021.10/bin/../lib/gcc/arm-none-eabi/10.3.1/../../../../arm-none-eabi/lib/thumb/v7e-m/nofp\libstdc++.a(eh_alloc.o)
 .text._ZN10__cxxabiv1L24__is_gxx_exception_classEPc
                0x0800dbac       0x3c c:/arm/gcc-arm-10.3-2021.10/bin/../lib/gcc/arm-none-eabi/10.3.1/../../../../arm-none-eabi/lib/thumb/v7e-m/nofp\libstdc++.a(eh_call.o)
 .text.__cxa_call_terminate
                0x0800dbe8       0x20 c:/arm/gcc-arm-10.3-2021.10/bin/../lib/gcc/arm-none-eabi/10.3.1/../../../../arm-none-eabi/lib/thumb/v7e-m/nofp\libstdc++.a(eh_call.o)
                0x0800dbe8                __cxa_call_terminate
 .text.unlikely.__cxa_call_unexpected
                0x0800dc08       0xe4 c:/arm/gcc-arm-10.3-2021.10/bin/../lib/gcc/arm-none-eabi/10.3.1/../../../../arm-none-eabi/lib/thumb/v7e-m/nofp\libstdc++.a(eh_call.o)
                0x0800dc08                __cxa_call_unexpected
 .text.__cxa_begin_catch
                0x0800dcec       0x7c c:/arm/gcc-arm-10.3-2021.10/bin/../lib/gcc/arm-none-eabi/10.3.1/../../../../arm-none-eabi/lib/thumb/v7e-m/nofp\libstdc++.a(eh_catch.o)
                0x0800dcec                __cxa_begin_catch
 .text.__cxa_end_catch
                0x0800dd68       0x8c c:/arm/gcc-arm-10.3-2021.10/bin/../lib/gcc/arm-none-eabi/10.3.1/../../../../arm-none-eabi/lib/thumb/v7e-m/nofp\libstdc++.a(eh_catch.o)
                0x0800dd68                __cxa_end_catch
 .text._ZL23__gxx_exception_cleanup19_Unwind_Reason_CodeP21_Unwind_Control_Block
                0x0800ddf4       0x44 c:/arm/gcc-arm-10.3-2021.10/bin/../lib/gcc/arm-none-eabi/10.3.1/../../../../arm-none-eabi/lib/thumb/v7e-m/nofp\libstdc++.a(eh_throw.o)
 .text.__cxa_init_primary_exception
                0x0800de38       0x58 c:/arm/gcc-arm-10.3-2021.10/bin/../lib/gcc/arm-none-eabi/10.3.1/../../../../arm-none-eabi/lib/thumb/v7e-m/nofp\libstdc++.a(eh_throw.o)
                0x0800de38                __cxa_init_primary_exception
 .text.__cxa_throw
                0x0800de90       0x34 c:/arm/gcc-arm-10.3-2021.10/bin/../lib/gcc/arm-none-eabi/10.3.1/../../../../arm-none-eabi/lib/thumb/v7e-m/nofp\libstdc++.a(eh_throw.o)
                0x0800de90                __cxa_throw
 .text.__cxa_rethrow
                0x0800dec4       0x70 c:/arm/gcc-arm-10.3-2021.10/bin/../lib/gcc/arm-none-eabi/10.3.1/../../../../arm-none-eabi/lib/thumb/v7e-m/nofp\libstdc++.a(eh_throw.o)
                0x0800dec4                __cxa_rethrow
 .text.__cxa_current_exception_type
                0x0800df34       0x1c c:/arm/gcc-arm-10.3-2021.10/bin/../lib/gcc/arm-none-eabi/10.3.1/../../../../arm-none-eabi/lib/thumb/v7e-m/nofp\libstdc++.a(eh_type.o)
                0x0800df34                __cxa_current_exception_type
 .text._ZSt15get_new_handlerv
                0x0800df50       0x10 c:/arm/gcc-arm-10.3-2021.10/bin/../lib/gcc/arm-none-eabi/10.3.1/../../../../arm-none-eabi/lib/thumb/v7e-m/nofp\libstdc++.a(new_handler.o)
                0x0800df50                std::get_new_handler()
 .text.unlikely
                0x0800df60        0xc c:/arm/gcc-arm-10.3-2021.10/bin/../lib/gcc/arm-none-eabi/10.3.1/thumb/v7e-m/nofp\libgcc.a(pr-support.o)
                0x0800df60                _Unwind_GetDataRelBase
                0x0800df66                _Unwind_GetTextRelBase
 .text.abort    0x0800df6c       0x10 c:/arm/gcc-arm-10.3-2021.10/bin/../lib/gcc/arm-none-eabi/10.3.1/../../../../arm-none-eabi/lib/thumb/v7e-m/nofp\libg.a(lib_a-abort.o)
                0x0800df6c                abort
 .text.__errno  0x0800df7c        0xc c:/arm/gcc-arm-10.3-2021.10/bin/../lib/gcc/arm-none-eabi/10.3.1/../../../../arm-none-eabi/lib/thumb/v7e-m/nofp\libg.a(lib_a-errno.o)
                0x0800df7c                __errno
 .text.fputc    0x0800df88       0x58 c:/arm/gcc-arm-10.3-2021.10/bin/../lib/gcc/arm-none-eabi/10.3.1/../../../../arm-none-eabi/lib/thumb/v7e-m/nofp\libg.a(lib_a-fputc.o)
                0x0800df88                fputc
 .text._fputs_r
                0x0800dfe0       0x88 c:/arm/gcc-arm-10.3-2021.10/bin/../lib/gcc/arm-none-eabi/10.3.1/../../../../arm-none-eabi/lib/thumb/v7e-m/nofp\libg.a(lib_a-fputs.o)
                0x0800dfe0                _fputs_r
 .text.fputs    0x0800e068       0x18 c:/arm/gcc-arm-10.3-2021.10/bin/../lib/gcc/arm-none-eabi/10.3.1/../../../../arm-none-eabi/lib/thumb/v7e-m/nofp\libg.a(lib_a-fputs.o)
                0x0800e068                fputs
 .text.__sfvwrite_r
                0x0800e080      0x2e8 c:/arm/gcc-arm-10.3-2021.10/bin/../lib/gcc/arm-none-eabi/10.3.1/../../../../arm-none-eabi/lib/thumb/v7e-m/nofp\libg.a(lib_a-fvwrite.o)
                0x0800e080                __sfvwrite_r
 .text._fwrite_r
                0x0800e368       0xa8 c:/arm/gcc-arm-10.3-2021.10/bin/../lib/gcc/arm-none-eabi/10.3.1/../../../../arm-none-eabi/lib/thumb/v7e-m/nofp\libg.a(lib_a-fwrite.o)
                0x0800e368                _fwrite_r
 .text.fwrite   0x0800e410       0x20 c:/arm/gcc-arm-10.3-2021.10/bin/../lib/gcc/arm-none-eabi/10.3.1/../../../../arm-none-eabi/lib/thumb/v7e-m/nofp\libg.a(lib_a-fwrite.o)
                0x0800e410                fwrite
 .text.__libc_init_array
                0x0800e430       0x48 c:/arm/gcc-arm-10.3-2021.10/bin/../lib/gcc/arm-none-eabi/10.3.1/../../../../arm-none-eabi/lib/thumb/v7e-m/nofp\libg.a(lib_a-init.o)
                0x0800e430                __libc_init_array
 .text.__retarget_lock_init_recursive
                0x0800e478        0x4 c:/arm/gcc-arm-10.3-2021.10/bin/../lib/gcc/arm-none-eabi/10.3.1/../../../../arm-none-eabi/lib/thumb/v7e-m/nofp\libg.a(lib_a-lock.o)
                0x0800e478                __retarget_lock_init_recursive
 .text.__retarget_lock_close_recursive
                0x0800e47c        0x4 c:/arm/gcc-arm-10.3-2021.10/bin/../lib/gcc/arm-none-eabi/10.3.1/../../../../arm-none-eabi/lib/thumb/v7e-m/nofp\libg.a(lib_a-lock.o)
                0x0800e47c                __retarget_lock_close_recursive
 .text.__retarget_lock_acquire_recursive
                0x0800e480        0x4 c:/arm/gcc-arm-10.3-2021.10/bin/../lib/gcc/arm-none-eabi/10.3.1/../../../../arm-none-eabi/lib/thumb/v7e-m/nofp\libg.a(lib_a-lock.o)
                0x0800e480                __retarget_lock_acquire_recursive
 .text.__retarget_lock_release_recursive
                0x0800e484        0x4 c:/arm/gcc-arm-10.3-2021.10/bin/../lib/gcc/arm-none-eabi/10.3.1/../../../../arm-none-eabi/lib/thumb/v7e-m/nofp\libg.a(lib_a-lock.o)
                0x0800e484                __retarget_lock_release_recursive
 .text.malloc   0x0800e488       0x10 c:/arm/gcc-arm-10.3-2021.10/bin/../lib/gcc/arm-none-eabi/10.3.1/../../../../arm-none-eabi/lib/thumb/v7e-m/nofp\libg.a(lib_a-malloc.o)
                0x0800e488                malloc
 .text.free     0x0800e498       0x10 c:/arm/gcc-arm-10.3-2021.10/bin/../lib/gcc/arm-none-eabi/10.3.1/../../../../arm-none-eabi/lib/thumb/v7e-m/nofp\libg.a(lib_a-malloc.o)
                0x0800e498                free
 .text._malloc_r
                0x0800e4a8      0x560 c:/arm/gcc-arm-10.3-2021.10/bin/../lib/gcc/arm-none-eabi/10.3.1/../../../../arm-none-eabi/lib/thumb/v7e-m/nofp\libg.a(lib_a-mallocr.o)
                0x0800e4a8                _malloc_r
 .text.memcmp   0x0800ea08       0x68 c:/arm/gcc-arm-10.3-2021.10/bin/../lib/gcc/arm-none-eabi/10.3.1/../../../../arm-none-eabi/lib/thumb/v7e-m/nofp\libg.a(lib_a-memcmp.o)
                0x0800ea08                memcmp
 .text.memmove  0x0800ea70       0xf8 c:/arm/gcc-arm-10.3-2021.10/bin/../lib/gcc/arm-none-eabi/10.3.1/../../../../arm-none-eabi/lib/thumb/v7e-m/nofp\libg.a(lib_a-memmove.o)
                0x0800ea70                memmove
 .text.memset   0x0800eb68       0xa4 c:/arm/gcc-arm-10.3-2021.10/bin/../lib/gcc/arm-none-eabi/10.3.1/../../../../arm-none-eabi/lib/thumb/v7e-m/nofp\libg.a(lib_a-memset.o)
                0x0800eb68                memset
 .text.__malloc_lock
                0x0800ec0c        0xc c:/arm/gcc-arm-10.3-2021.10/bin/../lib/gcc/arm-none-eabi/10.3.1/../../../../arm-none-eabi/lib/thumb/v7e-m/nofp\libg.a(lib_a-mlock.o)
                0x0800ec0c                __malloc_lock
 .text.__malloc_unlock
                0x0800ec18        0xc c:/arm/gcc-arm-10.3-2021.10/bin/../lib/gcc/arm-none-eabi/10.3.1/../../../../arm-none-eabi/lib/thumb/v7e-m/nofp\libg.a(lib_a-mlock.o)
                0x0800ec18                __malloc_unlock
 .text._putc_r  0x0800ec24       0x74 c:/arm/gcc-arm-10.3-2021.10/bin/../lib/gcc/arm-none-eabi/10.3.1/../../../../arm-none-eabi/lib/thumb/v7e-m/nofp\libg.a(lib_a-putc.o)
                0x0800ec24                _putc_r
 .text.realloc  0x0800ec98       0x18 c:/arm/gcc-arm-10.3-2021.10/bin/../lib/gcc/arm-none-eabi/10.3.1/../../../../arm-none-eabi/lib/thumb/v7e-m/nofp\libg.a(lib_a-realloc.o)
                0x0800ec98                realloc
 .text._realloc_r
                0x0800ecb0      0x3d8 c:/arm/gcc-arm-10.3-2021.10/bin/../lib/gcc/arm-none-eabi/10.3.1/../../../../arm-none-eabi/lib/thumb/v7e-m/nofp\libg.a(lib_a-reallocr.o)
                0x0800ecb0                _realloc_r
 .text._sbrk_r  0x0800f088       0x24 c:/arm/gcc-arm-10.3-2021.10/bin/../lib/gcc/arm-none-eabi/10.3.1/../../../../arm-none-eabi/lib/thumb/v7e-m/nofp\libg.a(lib_a-sbrkr.o)
                0x0800f088                _sbrk_r
 .text.raise    0x0800f0ac       0x5c c:/arm/gcc-arm-10.3-2021.10/bin/../lib/gcc/arm-none-eabi/10.3.1/../../../../arm-none-eabi/lib/thumb/v7e-m/nofp\libg.a(lib_a-signal.o)
                0x0800f0ac                raise
 .text._kill_r  0x0800f108       0x2c c:/arm/gcc-arm-10.3-2021.10/bin/../lib/gcc/arm-none-eabi/10.3.1/../../../../arm-none-eabi/lib/thumb/v7e-m/nofp\libg.a(lib_a-signalr.o)
                0x0800f108                _kill_r
 .text._getpid_r
                0x0800f134        0x4 c:/arm/gcc-arm-10.3-2021.10/bin/../lib/gcc/arm-none-eabi/10.3.1/../../../../arm-none-eabi/lib/thumb/v7e-m/nofp\libg.a(lib_a-signalr.o)
                0x0800f134                _getpid_r
 .text.sprintf  0x0800f138       0x40 c:/arm/gcc-arm-10.3-2021.10/bin/../lib/gcc/arm-none-eabi/10.3.1/../../../../arm-none-eabi/lib/thumb/v7e-m/nofp\libg.a(lib_a-sprintf.o)
                0x0800f138                sprintf
 .text.strncmp  0x0800f178       0x80 c:/arm/gcc-arm-10.3-2021.10/bin/../lib/gcc/arm-none-eabi/10.3.1/../../../../arm-none-eabi/lib/thumb/v7e-m/nofp\libg.a(lib_a-strncmp.o)
                0x0800f178                strncmp
 .text._svfprintf_r
                0x0800f1f8     0x1a3c c:/arm/gcc-arm-10.3-2021.10/bin/../lib/gcc/arm-none-eabi/10.3.1/../../../../arm-none-eabi/lib/thumb/v7e-m/nofp\libg.a(lib_a-svfprintf.o)
                0x0800f1f8                _svfprintf_r
 .text.__swbuf_r
                0x08010c34       0xb0 c:/arm/gcc-arm-10.3-2021.10/bin/../lib/gcc/arm-none-eabi/10.3.1/../../../../arm-none-eabi/lib/thumb/v7e-m/nofp\libg.a(lib_a-wbuf.o)
                0x08010c34                __swbuf_r
 .text._write_r
                0x08010ce4       0x2c c:/arm/gcc-arm-10.3-2021.10/bin/../lib/gcc/arm-none-eabi/10.3.1/../../../../arm-none-eabi/lib/thumb/v7e-m/nofp\libg.a(lib_a-writer.o)
                0x08010ce4                _write_r
 .text.__swsetup_r
                0x08010d10       0xd4 c:/arm/gcc-arm-10.3-2021.10/bin/../lib/gcc/arm-none-eabi/10.3.1/../../../../arm-none-eabi/lib/thumb/v7e-m/nofp\libg.a(lib_a-wsetup.o)
                0x08010d10                __swsetup_r
 .text.startup.register_fini
                0x08010de4       0x14 c:/arm/gcc-arm-10.3-2021.10/bin/../lib/gcc/arm-none-eabi/10.3.1/../../../../arm-none-eabi/lib/thumb/v7e-m/nofp\libg.a(lib_a-__call_atexit.o)
 .text.atexit   0x08010df8        0xc c:/arm/gcc-arm-10.3-2021.10/bin/../lib/gcc/arm-none-eabi/10.3.1/../../../../arm-none-eabi/lib/thumb/v7e-m/nofp\libg.a(lib_a-atexit.o)
                0x08010df8                atexit
 .text.quorem   0x08010e04      0x124 c:/arm/gcc-arm-10.3-2021.10/bin/../lib/gcc/arm-none-eabi/10.3.1/../../../../arm-none-eabi/lib/thumb/v7e-m/nofp\libg.a(lib_a-dtoa.o)
 .text._dtoa_r  0x08010f28      0xec4 c:/arm/gcc-arm-10.3-2021.10/bin/../lib/gcc/arm-none-eabi/10.3.1/../../../../arm-none-eabi/lib/thumb/v7e-m/nofp\libg.a(lib_a-dtoa.o)
                0x08010f28                _dtoa_r
 .text.__sflush_r
                0x08011dec      0x120 c:/arm/gcc-arm-10.3-2021.10/bin/../lib/gcc/arm-none-eabi/10.3.1/../../../../arm-none-eabi/lib/thumb/v7e-m/nofp\libg.a(lib_a-fflush.o)
                0x08011dec                __sflush_r
 .text._fflush_r
                0x08011f0c       0x5c c:/arm/gcc-arm-10.3-2021.10/bin/../lib/gcc/arm-none-eabi/10.3.1/../../../../arm-none-eabi/lib/thumb/v7e-m/nofp\libg.a(lib_a-fflush.o)
                0x08011f0c                _fflush_r
 .text._cleanup_r
                0x08011f68        0xc c:/arm/gcc-arm-10.3-2021.10/bin/../lib/gcc/arm-none-eabi/10.3.1/../../../../arm-none-eabi/lib/thumb/v7e-m/nofp\libg.a(lib_a-findfp.o)
                0x08011f68                _cleanup_r
 .text.__sinit  0x08011f74      0x10c c:/arm/gcc-arm-10.3-2021.10/bin/../lib/gcc/arm-none-eabi/10.3.1/../../../../arm-none-eabi/lib/thumb/v7e-m/nofp\libg.a(lib_a-findfp.o)
                0x08011f74                __sinit
 .text.__sfp_lock_acquire
                0x08012080        0xc c:/arm/gcc-arm-10.3-2021.10/bin/../lib/gcc/arm-none-eabi/10.3.1/../../../../arm-none-eabi/lib/thumb/v7e-m/nofp\libg.a(lib_a-findfp.o)
                0x08012080                __sfp_lock_acquire
 .text.__sfp_lock_release
                0x0801208c        0xc c:/arm/gcc-arm-10.3-2021.10/bin/../lib/gcc/arm-none-eabi/10.3.1/../../../../arm-none-eabi/lib/thumb/v7e-m/nofp\libg.a(lib_a-findfp.o)
                0x0801208c                __sfp_lock_release
 .text.__libc_fini_array
                0x08012098       0x2c c:/arm/gcc-arm-10.3-2021.10/bin/../lib/gcc/arm-none-eabi/10.3.1/../../../../arm-none-eabi/lib/thumb/v7e-m/nofp\libg.a(lib_a-fini.o)
                0x08012098                __libc_fini_array
 .text._malloc_trim_r
                0x080120c4       0xa0 c:/arm/gcc-arm-10.3-2021.10/bin/../lib/gcc/arm-none-eabi/10.3.1/../../../../arm-none-eabi/lib/thumb/v7e-m/nofp\libg.a(lib_a-freer.o)
                0x080120c4                _malloc_trim_r
 .text._free_r  0x08012164      0x20c c:/arm/gcc-arm-10.3-2021.10/bin/../lib/gcc/arm-none-eabi/10.3.1/../../../../arm-none-eabi/lib/thumb/v7e-m/nofp\libg.a(lib_a-freer.o)
                0x08012164                _free_r
 .text._fwalk_reent
                0x08012370       0x48 c:/arm/gcc-arm-10.3-2021.10/bin/../lib/gcc/arm-none-eabi/10.3.1/../../../../arm-none-eabi/lib/thumb/v7e-m/nofp\libg.a(lib_a-fwalk.o)
                0x08012370                _fwalk_reent
 .text._localeconv_r
                0x080123b8        0x8 c:/arm/gcc-arm-10.3-2021.10/bin/../lib/gcc/arm-none-eabi/10.3.1/../../../../arm-none-eabi/lib/thumb/v7e-m/nofp\libg.a(lib_a-localeconv.o)
                0x080123b8                _localeconv_r
 .text.__smakebuf_r
                0x080123c0       0xe0 c:/arm/gcc-arm-10.3-2021.10/bin/../lib/gcc/arm-none-eabi/10.3.1/../../../../arm-none-eabi/lib/thumb/v7e-m/nofp\libg.a(lib_a-makebuf.o)
                0x080123c0                __smakebuf_r
 .text._Balloc  0x080124a0       0x4c c:/arm/gcc-arm-10.3-2021.10/bin/../lib/gcc/arm-none-eabi/10.3.1/../../../../arm-none-eabi/lib/thumb/v7e-m/nofp\libg.a(lib_a-mprec.o)
                0x080124a0                _Balloc
 .text._Bfree   0x080124ec       0x14 c:/arm/gcc-arm-10.3-2021.10/bin/../lib/gcc/arm-none-eabi/10.3.1/../../../../arm-none-eabi/lib/thumb/v7e-m/nofp\libg.a(lib_a-mprec.o)
                0x080124ec                _Bfree
 .text.__multadd
                0x08012500       0xa0 c:/arm/gcc-arm-10.3-2021.10/bin/../lib/gcc/arm-none-eabi/10.3.1/../../../../arm-none-eabi/lib/thumb/v7e-m/nofp\libg.a(lib_a-mprec.o)
                0x08012500                __multadd
 .text.__hi0bits
                0x080125a0       0x40 c:/arm/gcc-arm-10.3-2021.10/bin/../lib/gcc/arm-none-eabi/10.3.1/../../../../arm-none-eabi/lib/thumb/v7e-m/nofp\libg.a(lib_a-mprec.o)
                0x080125a0                __hi0bits
 .text.__lo0bits
                0x080125e0       0x5c c:/arm/gcc-arm-10.3-2021.10/bin/../lib/gcc/arm-none-eabi/10.3.1/../../../../arm-none-eabi/lib/thumb/v7e-m/nofp\libg.a(lib_a-mprec.o)
                0x080125e0                __lo0bits
 .text.__i2b    0x0801263c       0x5c c:/arm/gcc-arm-10.3-2021.10/bin/../lib/gcc/arm-none-eabi/10.3.1/../../../../arm-none-eabi/lib/thumb/v7e-m/nofp\libg.a(lib_a-mprec.o)
                0x0801263c                __i2b
 .text.__multiply
                0x08012698      0x15c c:/arm/gcc-arm-10.3-2021.10/bin/../lib/gcc/arm-none-eabi/10.3.1/../../../../arm-none-eabi/lib/thumb/v7e-m/nofp\libg.a(lib_a-mprec.o)
                0x08012698                __multiply
 .text.__pow5mult
                0x080127f4       0xc0 c:/arm/gcc-arm-10.3-2021.10/bin/../lib/gcc/arm-none-eabi/10.3.1/../../../../arm-none-eabi/lib/thumb/v7e-m/nofp\libg.a(lib_a-mprec.o)
                0x080127f4                __pow5mult
 .text.__lshift
                0x080128b4       0xf0 c:/arm/gcc-arm-10.3-2021.10/bin/../lib/gcc/arm-none-eabi/10.3.1/../../../../arm-none-eabi/lib/thumb/v7e-m/nofp\libg.a(lib_a-mprec.o)
                0x080128b4                __lshift
 .text.__mcmp   0x080129a4       0x40 c:/arm/gcc-arm-10.3-2021.10/bin/../lib/gcc/arm-none-eabi/10.3.1/../../../../arm-none-eabi/lib/thumb/v7e-m/nofp\libg.a(lib_a-mprec.o)
                0x080129a4                __mcmp
 .text.__mdiff  0x080129e4      0x14c c:/arm/gcc-arm-10.3-2021.10/bin/../lib/gcc/arm-none-eabi/10.3.1/../../../../arm-none-eabi/lib/thumb/v7e-m/nofp\libg.a(lib_a-mprec.o)
                0x080129e4                __mdiff
 .text.__d2b    0x08012b30       0xc4 c:/arm/gcc-arm-10.3-2021.10/bin/../lib/gcc/arm-none-eabi/10.3.1/../../../../arm-none-eabi/lib/thumb/v7e-m/nofp\libg.a(lib_a-mprec.o)
                0x08012b30                __d2b
 .text.frexp    0x08012bf4       0x70 c:/arm/gcc-arm-10.3-2021.10/bin/../lib/gcc/arm-none-eabi/10.3.1/../../../../arm-none-eabi/lib/thumb/v7e-m/nofp\libg.a(lib_a-s_frexp.o)
                0x08012bf4                frexp
 .text.__sread  0x08012c64       0x24 c:/arm/gcc-arm-10.3-2021.10/bin/../lib/gcc/arm-none-eabi/10.3.1/../../../../arm-none-eabi/lib/thumb/v7e-m/nofp\libg.a(lib_a-stdio.o)
                0x08012c64                __sread
 .text.__swrite
                0x08012c88       0x40 c:/arm/gcc-arm-10.3-2021.10/bin/../lib/gcc/arm-none-eabi/10.3.1/../../../../arm-none-eabi/lib/thumb/v7e-m/nofp\libg.a(lib_a-stdio.o)
                0x08012c88                __swrite
 .text.__sseek  0x08012cc8       0x20 c:/arm/gcc-arm-10.3-2021.10/bin/../lib/gcc/arm-none-eabi/10.3.1/../../../../arm-none-eabi/lib/thumb/v7e-m/nofp\libg.a(lib_a-stdio.o)
                0x08012cc8                __sseek
 .text.__sclose
                0x08012ce8        0x8 c:/arm/gcc-arm-10.3-2021.10/bin/../lib/gcc/arm-none-eabi/10.3.1/../../../../arm-none-eabi/lib/thumb/v7e-m/nofp\libg.a(lib_a-stdio.o)
                0x08012ce8                __sclose
 .text.strncpy  0x08012cf0       0x64 c:/arm/gcc-arm-10.3-2021.10/bin/../lib/gcc/arm-none-eabi/10.3.1/../../../../arm-none-eabi/lib/thumb/v7e-m/nofp\libg.a(lib_a-strncpy.o)
                0x08012cf0                strncpy
 .text.__ssprint_r
                0x08012d54       0xf8 c:/arm/gcc-arm-10.3-2021.10/bin/../lib/gcc/arm-none-eabi/10.3.1/../../../../arm-none-eabi/lib/thumb/v7e-m/nofp\libg.a(lib_a-svfiprintf.o)
                0x08012d54                __ssprint_r
 .text.__register_exitproc
                0x08012e4c       0x8c c:/arm/gcc-arm-10.3-2021.10/bin/../lib/gcc/arm-none-eabi/10.3.1/../../../../arm-none-eabi/lib/thumb/v7e-m/nofp\libg.a(lib_a-__atexit.o)
                0x08012e4c                __register_exitproc
 .text.__assert_func
                0x08012ed8       0x40 c:/arm/gcc-arm-10.3-2021.10/bin/../lib/gcc/arm-none-eabi/10.3.1/../../../../arm-none-eabi/lib/thumb/v7e-m/nofp\libg.a(lib_a-assert.o)
                0x08012ed8                __assert_func
 .text._calloc_r
                0x08012f18       0x78 c:/arm/gcc-arm-10.3-2021.10/bin/../lib/gcc/arm-none-eabi/10.3.1/../../../../arm-none-eabi/lib/thumb/v7e-m/nofp\libg.a(lib_a-callocr.o)
                0x08012f18                _calloc_r
 .text._close_r
                0x08012f90       0x24 c:/arm/gcc-arm-10.3-2021.10/bin/../lib/gcc/arm-none-eabi/10.3.1/../../../../arm-none-eabi/lib/thumb/v7e-m/nofp\libg.a(lib_a-closer.o)
                0x08012f90                _close_r
 .text._fclose_r
                0x08012fb4       0xcc c:/arm/gcc-arm-10.3-2021.10/bin/../lib/gcc/arm-none-eabi/10.3.1/../../../../arm-none-eabi/lib/thumb/v7e-m/nofp\libg.a(lib_a-fclose.o)
                0x08012fb4                _fclose_r
 .text.fiprintf
                0x08013080       0x28 c:/arm/gcc-arm-10.3-2021.10/bin/../lib/gcc/arm-none-eabi/10.3.1/../../../../arm-none-eabi/lib/thumb/v7e-m/nofp\libg.a(lib_a-fiprintf.o)
                0x08013080                fiprintf
 .text._fstat_r
                0x080130a8       0x2c c:/arm/gcc-arm-10.3-2021.10/bin/../lib/gcc/arm-none-eabi/10.3.1/../../../../arm-none-eabi/lib/thumb/v7e-m/nofp\libg.a(lib_a-fstatr.o)
                0x080130a8                _fstat_r
 .text._isatty_r
                0x080130d4       0x24 c:/arm/gcc-arm-10.3-2021.10/bin/../lib/gcc/arm-none-eabi/10.3.1/../../../../arm-none-eabi/lib/thumb/v7e-m/nofp\libg.a(lib_a-isattyr.o)
                0x080130d4                _isatty_r
 .text.__locale_mb_cur_max
                0x080130f8        0xc c:/arm/gcc-arm-10.3-2021.10/bin/../lib/gcc/arm-none-eabi/10.3.1/../../../../arm-none-eabi/lib/thumb/v7e-m/nofp\libg.a(lib_a-locale.o)
                0x080130f8                __locale_mb_cur_max
 .text._lseek_r
                0x08013104       0x2c c:/arm/gcc-arm-10.3-2021.10/bin/../lib/gcc/arm-none-eabi/10.3.1/../../../../arm-none-eabi/lib/thumb/v7e-m/nofp\libg.a(lib_a-lseekr.o)
                0x08013104                _lseek_r
 .text.__ascii_mbtowc
                0x08013130       0x2c c:/arm/gcc-arm-10.3-2021.10/bin/../lib/gcc/arm-none-eabi/10.3.1/../../../../arm-none-eabi/lib/thumb/v7e-m/nofp\libg.a(lib_a-mbtowc_r.o)
                0x08013130                __ascii_mbtowc
 .text._read_r  0x0801315c       0x2c c:/arm/gcc-arm-10.3-2021.10/bin/../lib/gcc/arm-none-eabi/10.3.1/../../../../arm-none-eabi/lib/thumb/v7e-m/nofp\libg.a(lib_a-readr.o)
                0x0801315c                _read_r
 .text.__sprint_r.part.0
                0x08013188       0x78 c:/arm/gcc-arm-10.3-2021.10/bin/../lib/gcc/arm-none-eabi/10.3.1/../../../../arm-none-eabi/lib/thumb/v7e-m/nofp\libg.a(lib_a-vfiprintf.o)
 .text._vfiprintf_r
                0x08013200      0xda0 c:/arm/gcc-arm-10.3-2021.10/bin/../lib/gcc/arm-none-eabi/10.3.1/../../../../arm-none-eabi/lib/thumb/v7e-m/nofp\libg.a(lib_a-vfiprintf.o)
                0x08013200                _vfiprintf_r
 .text.__sbprintf
                0x08013fa0       0x80 c:/arm/gcc-arm-10.3-2021.10/bin/../lib/gcc/arm-none-eabi/10.3.1/../../../../arm-none-eabi/lib/thumb/v7e-m/nofp\libg.a(lib_a-vfiprintf.o)
 .text.__ascii_wctomb
                0x08014020       0x1c c:/arm/gcc-arm-10.3-2021.10/bin/../lib/gcc/arm-none-eabi/10.3.1/../../../../arm-none-eabi/lib/thumb/v7e-m/nofp\libg.a(lib_a-wctomb_r.o)
                0x08014020                __ascii_wctomb
 .text.__fputwc
                0x0801403c       0xa8 c:/arm/gcc-arm-10.3-2021.10/bin/../lib/gcc/arm-none-eabi/10.3.1/../../../../arm-none-eabi/lib/thumb/v7e-m/nofp\libg.a(lib_a-fputwc.o)
                0x0801403c                __fputwc
 .text._fputwc_r
                0x080140e4       0x68 c:/arm/gcc-arm-10.3-2021.10/bin/../lib/gcc/arm-none-eabi/10.3.1/../../../../arm-none-eabi/lib/thumb/v7e-m/nofp\libg.a(lib_a-fputwc.o)
                0x080140e4                _fputwc_r
 .text._wcrtomb_r
                0x0801414c       0x3c c:/arm/gcc-arm-10.3-2021.10/bin/../lib/gcc/arm-none-eabi/10.3.1/../../../../arm-none-eabi/lib/thumb/v7e-m/nofp\libg.a(lib_a-wcrtomb.o)
                0x0801414c                _wcrtomb_r
 *(.glue_7)
 .glue_7        0x08014188        0x0 linker stubs
 *(.glue_7t)
 .glue_7t       0x08014188        0x0 linker stubs
 *(.eh_frame)
 .eh_frame      0x08014188        0x0 c:/arm/gcc-arm-10.3-2021.10/bin/../lib/gcc/arm-none-eabi/10.3.1/thumb/v7e-m/nofp/crtbegin.o
 *(.init)
 .init          0x08014188        0x4 c:/arm/gcc-arm-10.3-2021.10/bin/../lib/gcc/arm-none-eabi/10.3.1/thumb/v7e-m/nofp/crti.o
                0x08014188                _init
 .init          0x0801418c        0x8 c:/arm/gcc-arm-10.3-2021.10/bin/../lib/gcc/arm-none-eabi/10.3.1/thumb/v7e-m/nofp/crtn.o
 *(.fini)
 .fini          0x08014194        0x4 c:/arm/gcc-arm-10.3-2021.10/bin/../lib/gcc/arm-none-eabi/10.3.1/thumb/v7e-m/nofp/crti.o
                0x08014194                _fini
 .fini          0x08014198        0x8 c:/arm/gcc-arm-10.3-2021.10/bin/../lib/gcc/arm-none-eabi/10.3.1/thumb/v7e-m/nofp/crtn.o
                0x080141a0                . = ALIGN (0x4)
                0x080141a0                _etext = .

.vfp11_veneer   0x080141a0        0x0
 .vfp11_veneer  0x080141a0        0x0 linker stubs

.v4_bx          0x080141a0        0x0
 .v4_bx         0x080141a0        0x0 linker stubs

.iplt           0x080141a0        0x0
 .iplt          0x080141a0        0x0 c:/arm/gcc-arm-10.3-2021.10/bin/../lib/gcc/arm-none-eabi/10.3.1/thumb/v7e-m/nofp/crtbegin.o

.rodata         0x080141a0     0x195c
                0x080141a0                . = ALIGN (0x4)
 *(.rodata)
 .rodata        0x080141a0      0x7cc c:/arm/gcc-arm-10.3-2021.10/bin/../lib/gcc/arm-none-eabi/10.3.1/../../../../arm-none-eabi/lib/thumb/v7e-m/nofp\libstdc++.a(cp-demangle.o)
 *(.rodata*)
 .rodata._Z5main_v.str1.4
                0x0801496c       0x47 CMakeFiles/STM32F411CEUXCppTemplate.elf.dir/_Application/basic.cpp.obj
                                 0x4a (size before relaxing)
 *fill*         0x080149b3        0x1 
 .rodata.HAL_NVIC_SetPriorityGrouping.str1.4
                0x080149b4       0x53 CMakeFiles/STM32F411CEUXCppTemplate.elf.dir/_Drivers/STM32F4xx_HAL_Driver/Src/stm32f4xx_hal_cortex.c.obj
 *fill*         0x08014a07        0x1 
 .rodata.HAL_GPIO_Init.str1.4
                0x08014a08       0x51 CMakeFiles/STM32F411CEUXCppTemplate.elf.dir/_Drivers/STM32F4xx_HAL_Driver/Src/stm32f4xx_hal_gpio.c.obj
 *fill*         0x08014a59        0x3 
 .rodata.HAL_I2C_Init.str1.4
                0x08014a5c       0x50 CMakeFiles/STM32F411CEUXCppTemplate.elf.dir/_Drivers/STM32F4xx_HAL_Driver/Src/stm32f4xx_hal_i2c.c.obj
 .rodata.HAL_RCC_OscConfig.str1.4
                0x08014aac       0x50 CMakeFiles/STM32F411CEUXCppTemplate.elf.dir/_Drivers/STM32F4xx_HAL_Driver/Src/stm32f4xx_hal_rcc.c.obj
 .rodata.HAL_SPI_Init.str1.4
                0x08014afc       0x50 CMakeFiles/STM32F411CEUXCppTemplate.elf.dir/_Drivers/STM32F4xx_HAL_Driver/Src/stm32f4xx_hal_spi.c.obj
 .rodata.TIM_OC1_SetConfig.str1.4
                0x08014b4c       0x50 CMakeFiles/STM32F411CEUXCppTemplate.elf.dir/_Drivers/STM32F4xx_HAL_Driver/Src/stm32f4xx_hal_tim.c.obj
 .rodata.UART_SetConfig.str1.4
                0x08014b9c       0x51 CMakeFiles/STM32F411CEUXCppTemplate.elf.dir/_Drivers/STM32F4xx_HAL_Driver/Src/stm32f4xx_hal_uart.c.obj
 *fill*         0x08014bed        0x3 
 .rodata.AHBPrescTable
                0x08014bf0       0x10 CMakeFiles/STM32F411CEUXCppTemplate.elf.dir/_System/system_stm32f4xx.c.obj
                0x08014bf0                AHBPrescTable
 .rodata.APBPrescTable
                0x08014c00        0x8 CMakeFiles/STM32F411CEUXCppTemplate.elf.dir/_System/system_stm32f4xx.c.obj
                0x08014c00                APBPrescTable
 .rodata._ZNKSt13bad_exception4whatEv.str1.4
                0x08014c08       0x13 c:/arm/gcc-arm-10.3-2021.10/bin/../lib/gcc/arm-none-eabi/10.3.1/../../../../arm-none-eabi/lib/thumb/v7e-m/nofp\libstdc++.a(eh_exception.o)
 *fill*         0x08014c1b        0x1 
 .rodata._ZTIN10__cxxabiv115__forced_unwindE
                0x08014c1c        0x8 c:/arm/gcc-arm-10.3-2021.10/bin/../lib/gcc/arm-none-eabi/10.3.1/../../../../arm-none-eabi/lib/thumb/v7e-m/nofp\libstdc++.a(eh_exception.o)
                0x08014c1c                typeinfo for __cxxabiv1::__forced_unwind
 .rodata._ZTIN10__cxxabiv119__foreign_exceptionE
                0x08014c24        0x8 c:/arm/gcc-arm-10.3-2021.10/bin/../lib/gcc/arm-none-eabi/10.3.1/../../../../arm-none-eabi/lib/thumb/v7e-m/nofp\libstdc++.a(eh_exception.o)
                0x08014c24                typeinfo for __cxxabiv1::__foreign_exception
 .rodata._ZTISt13bad_exception
                0x08014c2c        0xc c:/arm/gcc-arm-10.3-2021.10/bin/../lib/gcc/arm-none-eabi/10.3.1/../../../../arm-none-eabi/lib/thumb/v7e-m/nofp\libstdc++.a(eh_exception.o)
                0x08014c2c                typeinfo for std::bad_exception
 .rodata._ZTISt9exception
                0x08014c38        0x8 c:/arm/gcc-arm-10.3-2021.10/bin/../lib/gcc/arm-none-eabi/10.3.1/../../../../arm-none-eabi/lib/thumb/v7e-m/nofp\libstdc++.a(eh_exception.o)
                0x08014c38                typeinfo for std::exception
 .rodata._ZTSN10__cxxabiv115__forced_unwindE
                0x08014c40       0x20 c:/arm/gcc-arm-10.3-2021.10/bin/../lib/gcc/arm-none-eabi/10.3.1/../../../../arm-none-eabi/lib/thumb/v7e-m/nofp\libstdc++.a(eh_exception.o)
                0x08014c40                typeinfo name for __cxxabiv1::__forced_unwind
 .rodata._ZTSN10__cxxabiv119__foreign_exceptionE
                0x08014c60       0x24 c:/arm/gcc-arm-10.3-2021.10/bin/../lib/gcc/arm-none-eabi/10.3.1/../../../../arm-none-eabi/lib/thumb/v7e-m/nofp\libstdc++.a(eh_exception.o)
                0x08014c60                typeinfo name for __cxxabiv1::__foreign_exception
 .rodata._ZTSSt13bad_exception
                0x08014c84       0x12 c:/arm/gcc-arm-10.3-2021.10/bin/../lib/gcc/arm-none-eabi/10.3.1/../../../../arm-none-eabi/lib/thumb/v7e-m/nofp\libstdc++.a(eh_exception.o)
                0x08014c84                typeinfo name for std::bad_exception
 *fill*         0x08014c96        0x2 
 .rodata._ZTSSt9exception
                0x08014c98        0xd c:/arm/gcc-arm-10.3-2021.10/bin/../lib/gcc/arm-none-eabi/10.3.1/../../../../arm-none-eabi/lib/thumb/v7e-m/nofp\libstdc++.a(eh_exception.o)
                0x08014c98                typeinfo name for std::exception
 *fill*         0x08014ca5        0x3 
 .rodata._ZTVSt13bad_exception
                0x08014ca8       0x14 c:/arm/gcc-arm-10.3-2021.10/bin/../lib/gcc/arm-none-eabi/10.3.1/../../../../arm-none-eabi/lib/thumb/v7e-m/nofp\libstdc++.a(eh_exception.o)
                0x08014ca8                vtable for std::bad_exception
 .rodata._ZTIN10__cxxabiv120__si_class_type_infoE
                0x08014cbc        0xc c:/arm/gcc-arm-10.3-2021.10/bin/../lib/gcc/arm-none-eabi/10.3.1/../../../../arm-none-eabi/lib/thumb/v7e-m/nofp\libstdc++.a(si_class_type_info.o)
                0x08014cbc                typeinfo for __cxxabiv1::__si_class_type_info
 .rodata._ZTSN10__cxxabiv120__si_class_type_infoE
                0x08014cc8       0x25 c:/arm/gcc-arm-10.3-2021.10/bin/../lib/gcc/arm-none-eabi/10.3.1/../../../../arm-none-eabi/lib/thumb/v7e-m/nofp\libstdc++.a(si_class_type_info.o)
                0x08014cc8                typeinfo name for __cxxabiv1::__si_class_type_info
 *fill*         0x08014ced        0x3 
 .rodata._ZTVN10__cxxabiv120__si_class_type_infoE
                0x08014cf0       0x2c c:/arm/gcc-arm-10.3-2021.10/bin/../lib/gcc/arm-none-eabi/10.3.1/../../../../arm-none-eabi/lib/thumb/v7e-m/nofp\libstdc++.a(si_class_type_info.o)
                0x08014cf0                vtable for __cxxabiv1::__si_class_type_info
 .rodata._ZTISt9type_info
                0x08014d1c        0x8 c:/arm/gcc-arm-10.3-2021.10/bin/../lib/gcc/arm-none-eabi/10.3.1/../../../../arm-none-eabi/lib/thumb/v7e-m/nofp\libstdc++.a(tinfo.o)
                0x08014d1c                typeinfo for std::type_info
 .rodata._ZTSSt9type_info
                0x08014d24        0xd c:/arm/gcc-arm-10.3-2021.10/bin/../lib/gcc/arm-none-eabi/10.3.1/../../../../arm-none-eabi/lib/thumb/v7e-m/nofp\libstdc++.a(tinfo.o)
                0x08014d24                typeinfo name for std::type_info
 *fill*         0x08014d31        0x3 
 .rodata._ZN9__gnu_cxx27__verbose_terminate_handlerEv.str1.4
                0x08014d34       0x94 c:/arm/gcc-arm-10.3-2021.10/bin/../lib/gcc/arm-none-eabi/10.3.1/../../../../arm-none-eabi/lib/thumb/v7e-m/nofp\libstdc++.a(vterminate.o)
 .rodata._ZNKSt9bad_alloc4whatEv.str1.4
                0x08014dc8        0xf c:/arm/gcc-arm-10.3-2021.10/bin/../lib/gcc/arm-none-eabi/10.3.1/../../../../arm-none-eabi/lib/thumb/v7e-m/nofp\libstdc++.a(bad_alloc.o)
 *fill*         0x08014dd7        0x1 
 .rodata._ZTISt9bad_alloc
                0x08014dd8        0xc c:/arm/gcc-arm-10.3-2021.10/bin/../lib/gcc/arm-none-eabi/10.3.1/../../../../arm-none-eabi/lib/thumb/v7e-m/nofp\libstdc++.a(bad_alloc.o)
                0x08014dd8                typeinfo for std::bad_alloc
 .rodata._ZTSSt9bad_alloc
                0x08014de4        0xd c:/arm/gcc-arm-10.3-2021.10/bin/../lib/gcc/arm-none-eabi/10.3.1/../../../../arm-none-eabi/lib/thumb/v7e-m/nofp\libstdc++.a(bad_alloc.o)
                0x08014de4                typeinfo name for std::bad_alloc
 *fill*         0x08014df1        0x3 
 .rodata._ZTVSt9bad_alloc
                0x08014df4       0x14 c:/arm/gcc-arm-10.3-2021.10/bin/../lib/gcc/arm-none-eabi/10.3.1/../../../../arm-none-eabi/lib/thumb/v7e-m/nofp\libstdc++.a(bad_alloc.o)
                0x08014df4                vtable for std::bad_alloc
 .rodata._ZTIN10__cxxabiv117__class_type_infoE
                0x08014e08        0xc c:/arm/gcc-arm-10.3-2021.10/bin/../lib/gcc/arm-none-eabi/10.3.1/../../../../arm-none-eabi/lib/thumb/v7e-m/nofp\libstdc++.a(class_type_info.o)
                0x08014e08                typeinfo for __cxxabiv1::__class_type_info
 .rodata._ZTSN10__cxxabiv117__class_type_infoE
                0x08014e14       0x22 c:/arm/gcc-arm-10.3-2021.10/bin/../lib/gcc/arm-none-eabi/10.3.1/../../../../arm-none-eabi/lib/thumb/v7e-m/nofp\libstdc++.a(class_type_info.o)
                0x08014e14                typeinfo name for __cxxabiv1::__class_type_info
 *fill*         0x08014e36        0x2 
 .rodata._ZTVN10__cxxabiv117__class_type_infoE
                0x08014e38       0x2c c:/arm/gcc-arm-10.3-2021.10/bin/../lib/gcc/arm-none-eabi/10.3.1/../../../../arm-none-eabi/lib/thumb/v7e-m/nofp\libstdc++.a(class_type_info.o)
                0x08014e38                vtable for __cxxabiv1::__class_type_info
 .rodata.str1.4
                0x08014e64      0x899 c:/arm/gcc-arm-10.3-2021.10/bin/../lib/gcc/arm-none-eabi/10.3.1/../../../../arm-none-eabi/lib/thumb/v7e-m/nofp\libstdc++.a(cp-demangle.o)
                                0x8e9 (size before relaxing)
 *fill*         0x080156fd        0x3 
 .rodata._global_impure_ptr
                0x08015700        0x4 c:/arm/gcc-arm-10.3-2021.10/bin/../lib/gcc/arm-none-eabi/10.3.1/../../../../arm-none-eabi/lib/thumb/v7e-m/nofp\libg.a(lib_a-impure.o)
                0x08015700                _global_impure_ptr
 .rodata._svfprintf_r.str1.4
                0x08015704       0x42 c:/arm/gcc-arm-10.3-2021.10/bin/../lib/gcc/arm-none-eabi/10.3.1/../../../../arm-none-eabi/lib/thumb/v7e-m/nofp\libg.a(lib_a-svfprintf.o)
 *fill*         0x08015746        0x2 
 .rodata.blanks.1
                0x08015748       0x10 c:/arm/gcc-arm-10.3-2021.10/bin/../lib/gcc/arm-none-eabi/10.3.1/../../../../arm-none-eabi/lib/thumb/v7e-m/nofp\libg.a(lib_a-svfprintf.o)
 .rodata.zeroes.0
                0x08015758       0x10 c:/arm/gcc-arm-10.3-2021.10/bin/../lib/gcc/arm-none-eabi/10.3.1/../../../../arm-none-eabi/lib/thumb/v7e-m/nofp\libg.a(lib_a-svfprintf.o)
 .rodata._dtoa_r.str1.4
                0x08015768       0xa2 c:/arm/gcc-arm-10.3-2021.10/bin/../lib/gcc/arm-none-eabi/10.3.1/../../../../arm-none-eabi/lib/thumb/v7e-m/nofp\libg.a(lib_a-dtoa.o)
                                 0xa6 (size before relaxing)
 *fill*         0x0801580a        0x2 
 .rodata.__multadd.str1.4
                0x0801580c       0x7f c:/arm/gcc-arm-10.3-2021.10/bin/../lib/gcc/arm-none-eabi/10.3.1/../../../../arm-none-eabi/lib/thumb/v7e-m/nofp\libg.a(lib_a-mprec.o)
                                 0x93 (size before relaxing)
 *fill*         0x0801588b        0x5 
 .rodata.__mprec_bigtens
                0x08015890       0x28 c:/arm/gcc-arm-10.3-2021.10/bin/../lib/gcc/arm-none-eabi/10.3.1/../../../../arm-none-eabi/lib/thumb/v7e-m/nofp\libg.a(lib_a-mprec.o)
                0x08015890                __mprec_bigtens
 .rodata.__mprec_tens
                0x080158b8       0xc8 c:/arm/gcc-arm-10.3-2021.10/bin/../lib/gcc/arm-none-eabi/10.3.1/../../../../arm-none-eabi/lib/thumb/v7e-m/nofp\libg.a(lib_a-mprec.o)
                0x080158b8                __mprec_tens
 .rodata.p05.0  0x08015980        0xc c:/arm/gcc-arm-10.3-2021.10/bin/../lib/gcc/arm-none-eabi/10.3.1/../../../../arm-none-eabi/lib/thumb/v7e-m/nofp\libg.a(lib_a-mprec.o)
 .rodata.__assert_func.str1.4
                0x0801598c       0x3f c:/arm/gcc-arm-10.3-2021.10/bin/../lib/gcc/arm-none-eabi/10.3.1/../../../../arm-none-eabi/lib/thumb/v7e-m/nofp\libg.a(lib_a-assert.o)
                                 0x43 (size before relaxing)
 *fill*         0x080159cb        0x1 
 .rodata._setlocale_r.str1.4
                0x080159cc        0xa c:/arm/gcc-arm-10.3-2021.10/bin/../lib/gcc/arm-none-eabi/10.3.1/../../../../arm-none-eabi/lib/thumb/v7e-m/nofp\libg.a(lib_a-locale.o)
                                  0xd (size before relaxing)
 .rodata.str1.4
                0x080159d6        0x2 c:/arm/gcc-arm-10.3-2021.10/bin/../lib/gcc/arm-none-eabi/10.3.1/../../../../arm-none-eabi/lib/thumb/v7e-m/nofp\libg.a(lib_a-locale.o)
 .rodata._vfiprintf_r.str1.4
                0x080159d6       0x2f c:/arm/gcc-arm-10.3-2021.10/bin/../lib/gcc/arm-none-eabi/10.3.1/../../../../arm-none-eabi/lib/thumb/v7e-m/nofp\libg.a(lib_a-vfiprintf.o)
 *fill*         0x080159d6        0x2 
 .rodata.blanks.1
                0x080159d8       0x10 c:/arm/gcc-arm-10.3-2021.10/bin/../lib/gcc/arm-none-eabi/10.3.1/../../../../arm-none-eabi/lib/thumb/v7e-m/nofp\libg.a(lib_a-vfiprintf.o)
 .rodata.zeroes.0
                0x080159e8       0x10 c:/arm/gcc-arm-10.3-2021.10/bin/../lib/gcc/arm-none-eabi/10.3.1/../../../../arm-none-eabi/lib/thumb/v7e-m/nofp\libg.a(lib_a-vfiprintf.o)
 .rodata._ctype_
                0x080159f8      0x101 c:/arm/gcc-arm-10.3-2021.10/bin/../lib/gcc/arm-none-eabi/10.3.1/../../../../arm-none-eabi/lib/thumb/v7e-m/nofp\libg.a(lib_a-ctype_.o)
                0x080159f8                _ctype_
                0x08015afc                . = ALIGN (0x4)
 *fill*         0x08015af9        0x3 

.ARM.extab      0x08015afc      0x1b4
                0x08015afc                . = ALIGN (0x4)
 *(.ARM.extab* .gnu.linkonce.armextab.*)
 .ARM.extab.text._ZN5HUART14SeedByteStringEPKc
                0x08015afc        0x0 CMakeFiles/STM32F411CEUXCppTemplate.elf.dir/_Application/basic.cpp.obj
 .ARM.extab.text._ZN4GPIO4InitEv
                0x08015afc        0x0 CMakeFiles/STM32F411CEUXCppTemplate.elf.dir/_Application/basic.cpp.obj
 .ARM.extab.text._ZN4GPIOC2E9GPIO_Port9GPIO_Mode9GPIO_Pull10GPIO_Speedm
                0x08015afc        0x0 CMakeFiles/STM32F411CEUXCppTemplate.elf.dir/_Application/basic.cpp.obj
 .ARM.extab.text._ZN7ST7735S4InitEv
                0x08015afc        0x0 CMakeFiles/STM32F411CEUXCppTemplate.elf.dir/_Application/basic.cpp.obj
 .ARM.extab.text._ZN7ST7735S4DataEth
                0x08015afc        0x0 CMakeFiles/STM32F411CEUXCppTemplate.elf.dir/_Application/basic.cpp.obj
 .ARM.extab.text._ZN8OLED13064InitEv
                0x08015afc        0x0 CMakeFiles/STM32F411CEUXCppTemplate.elf.dir/_Application/basic.cpp.obj
 .ARM.extab.text._ZN5HI2C14InitE9GPIO_PortS0_m
                0x08015afc       0x25 CMakeFiles/STM32F411CEUXCppTemplate.elf.dir/_Application/basic.cpp.obj
 *fill*         0x08015b21        0x3 
 .ARM.extab.text._ZN5HSPI14InitE9GPIO_PortS0_S0_m
                0x08015b24       0x31 CMakeFiles/STM32F411CEUXCppTemplate.elf.dir/_Application/basic.cpp.obj
 *fill*         0x08015b55        0x3 
 .ARM.extab.text._ZN6HUART14InitE9GPIO_PortS0_m
                0x08015b58       0x25 CMakeFiles/STM32F411CEUXCppTemplate.elf.dir/_Application/basic.cpp.obj
 *fill*         0x08015b7d        0x3 
 .ARM.extab.text._Z5main_v
                0x08015b80       0x33 CMakeFiles/STM32F411CEUXCppTemplate.elf.dir/_Application/basic.cpp.obj
 *fill*         0x08015bb3        0x1 
 .ARM.extab.text.main
                0x08015bb4        0xc CMakeFiles/STM32F411CEUXCppTemplate.elf.dir/_Application/main.cpp.obj
 .ARM.extab.text._ZL21base_of_encoded_valuehP15_Unwind_Context
                0x08015bc0        0xc c:/arm/gcc-arm-10.3-2021.10/bin/../lib/gcc/arm-none-eabi/10.3.1/../../../../arm-none-eabi/lib/thumb/v7e-m/nofp\libstdc++.a(eh_personality.o)
 .ARM.extab.text.__gxx_personality_v0
                0x08015bcc       0x24 c:/arm/gcc-arm-10.3-2021.10/bin/../lib/gcc/arm-none-eabi/10.3.1/../../../../arm-none-eabi/lib/thumb/v7e-m/nofp\libstdc++.a(eh_personality.o)
 .ARM.extab.text._ZN10__cxxabiv111__terminateEPFvvE
                0x08015bf0       0x2c c:/arm/gcc-arm-10.3-2021.10/bin/../lib/gcc/arm-none-eabi/10.3.1/../../../../arm-none-eabi/lib/thumb/v7e-m/nofp\libstdc++.a(eh_terminate.o)
 .ARM.extab.text._ZN10__cxxabiv112__unexpectedEPFvvE
                0x08015c1c        0xc c:/arm/gcc-arm-10.3-2021.10/bin/../lib/gcc/arm-none-eabi/10.3.1/../../../../arm-none-eabi/lib/thumb/v7e-m/nofp\libstdc++.a(eh_terminate.o)
 .ARM.extab.text._ZSt10unexpectedv
                0x08015c28        0xc c:/arm/gcc-arm-10.3-2021.10/bin/../lib/gcc/arm-none-eabi/10.3.1/../../../../arm-none-eabi/lib/thumb/v7e-m/nofp\libstdc++.a(eh_terminate.o)
 .ARM.extab.text._ZN9__gnu_cxx27__verbose_terminate_handlerEv
                0x08015c34       0x34 c:/arm/gcc-arm-10.3-2021.10/bin/../lib/gcc/arm-none-eabi/10.3.1/../../../../arm-none-eabi/lib/thumb/v7e-m/nofp\libstdc++.a(vterminate.o)
 .ARM.extab.text.unlikely.__cxa_call_unexpected
                0x08015c68       0x24 c:/arm/gcc-arm-10.3-2021.10/bin/../lib/gcc/arm-none-eabi/10.3.1/../../../../arm-none-eabi/lib/thumb/v7e-m/nofp\libstdc++.a(eh_call.o)
 .ARM.extab.text.__cxa_begin_catch
                0x08015c8c        0xc c:/arm/gcc-arm-10.3-2021.10/bin/../lib/gcc/arm-none-eabi/10.3.1/../../../../arm-none-eabi/lib/thumb/v7e-m/nofp\libstdc++.a(eh_catch.o)
 .ARM.extab     0x08015c98       0x18 c:/arm/gcc-arm-10.3-2021.10/bin/../lib/gcc/arm-none-eabi/10.3.1/thumb/v7e-m/nofp\libgcc.a(pr-support.o)
                0x08015cb0                . = ALIGN (0x4)

.ARM            0x08015cb0      0x208
                0x08015cb0                . = ALIGN (0x4)
                0x08015cb0                __exidx_start = .
 *(.ARM.exidx*)
 .ARM.exidx.text._ZN5HUART14SeedByteStringEPKc
                0x08015d68        0x8 CMakeFiles/STM32F411CEUXCppTemplate.elf.dir/_Application/basic.cpp.obj
 .ARM.exidx.text._ZN4GPIO4InitEv
                0x08015d70        0x8 CMakeFiles/STM32F411CEUXCppTemplate.elf.dir/_Application/basic.cpp.obj
 .ARM.exidx.text._ZN4GPIOC2E9GPIO_Port9GPIO_Mode9GPIO_Pull10GPIO_Speedm
                0x08015d78        0x8 CMakeFiles/STM32F411CEUXCppTemplate.elf.dir/_Application/basic.cpp.obj
 .ARM.exidx.text._ZN7ST7735S4InitEv
                0x08015d80        0x8 CMakeFiles/STM32F411CEUXCppTemplate.elf.dir/_Application/basic.cpp.obj
 .ARM.exidx.text._ZN7ST7735S4DataEth
                0x08015d88        0x8 CMakeFiles/STM32F411CEUXCppTemplate.elf.dir/_Application/basic.cpp.obj
 .ARM.exidx.text._ZN8OLED13064InitEv
                0x08015d90        0x8 CMakeFiles/STM32F411CEUXCppTemplate.elf.dir/_Application/basic.cpp.obj
 .ARM.exidx.text._ZN6HTIM104InitEv
                0x08015d98        0x8 CMakeFiles/STM32F411CEUXCppTemplate.elf.dir/_Application/basic.cpp.obj
 .ARM.exidx.text._ZN5HI2C14InitE9GPIO_PortS0_m
                0x08015da0        0x8 CMakeFiles/STM32F411CEUXCppTemplate.elf.dir/_Application/basic.cpp.obj
 .ARM.exidx.text._ZN5HSPI14InitE9GPIO_PortS0_S0_m
                0x08015da8        0x8 CMakeFiles/STM32F411CEUXCppTemplate.elf.dir/_Application/basic.cpp.obj
 .ARM.exidx.text._ZN6HUART14InitE9GPIO_PortS0_m
                0x08015db0        0x8 CMakeFiles/STM32F411CEUXCppTemplate.elf.dir/_Application/basic.cpp.obj
 .ARM.exidx.text._Z5main_v
                0x08015db8        0x8 CMakeFiles/STM32F411CEUXCppTemplate.elf.dir/_Application/basic.cpp.obj
 .ARM.exidx.text.Error_Handler
                0x08015dc0        0x8 CMakeFiles/STM32F411CEUXCppTemplate.elf.dir/_Application/main.cpp.obj
 .ARM.exidx.text.assert_failed
                0x08015dc8        0x0 CMakeFiles/STM32F411CEUXCppTemplate.elf.dir/_Application/main.cpp.obj
                                  0x8 (size before relaxing)
 .ARM.exidx.text._Z18SystemClock_Configv
                0x08015dc8        0x8 CMakeFiles/STM32F411CEUXCppTemplate.elf.dir/_Application/main.cpp.obj
 .ARM.exidx.text.main
                0x08015dd0       0x10 CMakeFiles/STM32F411CEUXCppTemplate.elf.dir/_Application/main.cpp.obj
                                  0x8 (size before relaxing)
 .ARM.exidx.text._ZdlPv
                0x08015de0        0x0 c:/arm/gcc-arm-10.3-2021.10/bin/../lib/gcc/arm-none-eabi/10.3.1/../../../../arm-none-eabi/lib/thumb/v7e-m/nofp\libstdc++.a(del_op.o)
                                  0x8 (size before relaxing)
 .ARM.exidx.text.__cxa_type_match
                0x08015de0        0x8 c:/arm/gcc-arm-10.3-2021.10/bin/../lib/gcc/arm-none-eabi/10.3.1/../../../../arm-none-eabi/lib/thumb/v7e-m/nofp\libstdc++.a(eh_arm.o)
 .ARM.exidx.text.__cxa_begin_cleanup
                0x08015de8        0x8 c:/arm/gcc-arm-10.3-2021.10/bin/../lib/gcc/arm-none-eabi/10.3.1/../../../../arm-none-eabi/lib/thumb/v7e-m/nofp\libstdc++.a(eh_arm.o)
 .ARM.exidx.text.__gnu_end_cleanup
                0x08015df0        0x0 c:/arm/gcc-arm-10.3-2021.10/bin/../lib/gcc/arm-none-eabi/10.3.1/../../../../arm-none-eabi/lib/thumb/v7e-m/nofp\libstdc++.a(eh_arm.o)
                                  0x8 (size before relaxing)
 .ARM.exidx.text._ZNSt9exceptionD2Ev
                0x08015df0        0x0 c:/arm/gcc-arm-10.3-2021.10/bin/../lib/gcc/arm-none-eabi/10.3.1/../../../../arm-none-eabi/lib/thumb/v7e-m/nofp\libstdc++.a(eh_exception.o)
                                  0x8 (size before relaxing)
 .ARM.exidx.text._ZNSt13bad_exceptionD2Ev
                0x08015df0        0x0 c:/arm/gcc-arm-10.3-2021.10/bin/../lib/gcc/arm-none-eabi/10.3.1/../../../../arm-none-eabi/lib/thumb/v7e-m/nofp\libstdc++.a(eh_exception.o)
                                  0x8 (size before relaxing)
 .ARM.exidx.text._ZNKSt13bad_exception4whatEv
                0x08015df0        0x0 c:/arm/gcc-arm-10.3-2021.10/bin/../lib/gcc/arm-none-eabi/10.3.1/../../../../arm-none-eabi/lib/thumb/v7e-m/nofp\libstdc++.a(eh_exception.o)
                                  0x8 (size before relaxing)
 .ARM.exidx.text._ZNSt13bad_exceptionD0Ev