Archive member included to satisfy reference by file (symbol)

c:/arm/gcc-arm-10.3-2021.10/bin/../lib/gcc/arm-none-eabi/10.3.1/thumb/v7e-m/nofp\libgcc.a(_aeabi_uldivmod.o)
                              CMakeFiles/STM32F411CEUXCppTemplate.elf.dir/_Drivers/STM32F4xx_HAL_Driver/Src/stm32f4xx_hal_rcc.c.obj (__aeabi_uldivmod)
c:/arm/gcc-arm-10.3-2021.10/bin/../lib/gcc/arm-none-eabi/10.3.1/thumb/v7e-m/nofp\libgcc.a(_udivmoddi4.o)
                              c:/arm/gcc-arm-10.3-2021.10/bin/../lib/gcc/arm-none-eabi/10.3.1/thumb/v7e-m/nofp\libgcc.a(_aeabi_uldivmod.o) (__udivmoddi4)
c:/arm/gcc-arm-10.3-2021.10/bin/../lib/gcc/arm-none-eabi/10.3.1/thumb/v7e-m/nofp\libgcc.a(unwind-arm.o)
                              CMakeFiles/STM32F411CEUXCppTemplate.elf.dir/_Application/basic.cpp.obj (__aeabi_unwind_cpp_pr0)
c:/arm/gcc-arm-10.3-2021.10/bin/../lib/gcc/arm-none-eabi/10.3.1/thumb/v7e-m/nofp\libgcc.a(libunwind.o)
                              c:/arm/gcc-arm-10.3-2021.10/bin/../lib/gcc/arm-none-eabi/10.3.1/thumb/v7e-m/nofp\libgcc.a(unwind-arm.o) (restore_core_regs)
c:/arm/gcc-arm-10.3-2021.10/bin/../lib/gcc/arm-none-eabi/10.3.1/thumb/v7e-m/nofp\libgcc.a(pr-support.o)
                              c:/arm/gcc-arm-10.3-2021.10/bin/../lib/gcc/arm-none-eabi/10.3.1/thumb/v7e-m/nofp\libgcc.a(unwind-arm.o) (__gnu_unwind_execute)
c:/arm/gcc-arm-10.3-2021.10/bin/../lib/gcc/arm-none-eabi/10.3.1/thumb/v7e-m/nofp\libgcc.a(_dvmd_tls.o)
                              c:/arm/gcc-arm-10.3-2021.10/bin/../lib/gcc/arm-none-eabi/10.3.1/thumb/v7e-m/nofp\libgcc.a(_aeabi_uldivmod.o) (__aeabi_ldiv0)
c:/arm/gcc-arm-10.3-2021.10/bin/../lib/gcc/arm-none-eabi/10.3.1/../../../../arm-none-eabi/lib/thumb/v7e-m/nofp\libg.a(lib_a-abort.o)
                              c:/arm/gcc-arm-10.3-2021.10/bin/../lib/gcc/arm-none-eabi/10.3.1/thumb/v7e-m/nofp\libgcc.a(unwind-arm.o) (abort)
c:/arm/gcc-arm-10.3-2021.10/bin/../lib/gcc/arm-none-eabi/10.3.1/../../../../arm-none-eabi/lib/thumb/v7e-m/nofp\libg.a(lib_a-errno.o)
                              CMakeFiles/STM32F411CEUXCppTemplate.elf.dir/_System/syscalls.c.obj (__errno)
c:/arm/gcc-arm-10.3-2021.10/bin/../lib/gcc/arm-none-eabi/10.3.1/../../../../arm-none-eabi/lib/thumb/v7e-m/nofp\libg.a(lib_a-exit.o)
                              c:/arm/gcc-arm-10.3-2021.10/bin/../lib/gcc/arm-none-eabi/10.3.1/../../../../arm-none-eabi/lib/thumb/v7e-m/nofp/crt0.o (exit)
c:/arm/gcc-arm-10.3-2021.10/bin/../lib/gcc/arm-none-eabi/10.3.1/../../../../arm-none-eabi/lib/thumb/v7e-m/nofp\libg.a(lib_a-impure.o)
                              c:/arm/gcc-arm-10.3-2021.10/bin/../lib/gcc/arm-none-eabi/10.3.1/../../../../arm-none-eabi/lib/thumb/v7e-m/nofp\libg.a(lib_a-exit.o) (_global_impure_ptr)
c:/arm/gcc-arm-10.3-2021.10/bin/../lib/gcc/arm-none-eabi/10.3.1/../../../../arm-none-eabi/lib/thumb/v7e-m/nofp\libg.a(lib_a-init.o)
                              c:/arm/gcc-arm-10.3-2021.10/bin/../lib/gcc/arm-none-eabi/10.3.1/../../../../arm-none-eabi/lib/thumb/v7e-m/nofp/crt0.o (__libc_init_array)
c:/arm/gcc-arm-10.3-2021.10/bin/../lib/gcc/arm-none-eabi/10.3.1/../../../../arm-none-eabi/lib/thumb/v7e-m/nofp\libg.a(lib_a-memcpy.o)
                              CMakeFiles/STM32F411CEUXCppTemplate.elf.dir/_Application/basic.cpp.obj (memcpy)
c:/arm/gcc-arm-10.3-2021.10/bin/../lib/gcc/arm-none-eabi/10.3.1/../../../../arm-none-eabi/lib/thumb/v7e-m/nofp\libg.a(lib_a-memset.o)
                              c:/arm/gcc-arm-10.3-2021.10/bin/../lib/gcc/arm-none-eabi/10.3.1/../../../../arm-none-eabi/lib/thumb/v7e-m/nofp/crt0.o (memset)
c:/arm/gcc-arm-10.3-2021.10/bin/../lib/gcc/arm-none-eabi/10.3.1/../../../../arm-none-eabi/lib/thumb/v7e-m/nofp\libg.a(lib_a-signal.o)
                              c:/arm/gcc-arm-10.3-2021.10/bin/../lib/gcc/arm-none-eabi/10.3.1/../../../../arm-none-eabi/lib/thumb/v7e-m/nofp\libg.a(lib_a-abort.o) (raise)
c:/arm/gcc-arm-10.3-2021.10/bin/../lib/gcc/arm-none-eabi/10.3.1/../../../../arm-none-eabi/lib/thumb/v7e-m/nofp\libg.a(lib_a-signalr.o)
                              c:/arm/gcc-arm-10.3-2021.10/bin/../lib/gcc/arm-none-eabi/10.3.1/../../../../arm-none-eabi/lib/thumb/v7e-m/nofp\libg.a(lib_a-signal.o) (_kill_r)
c:/arm/gcc-arm-10.3-2021.10/bin/../lib/gcc/arm-none-eabi/10.3.1/../../../../arm-none-eabi/lib/thumb/v7e-m/nofp\libg.a(lib_a-sprintf.o)
                              CMakeFiles/STM32F411CEUXCppTemplate.elf.dir/_Application/basic.cpp.obj (sprintf)
c:/arm/gcc-arm-10.3-2021.10/bin/../lib/gcc/arm-none-eabi/10.3.1/../../../../arm-none-eabi/lib/thumb/v7e-m/nofp\libg.a(lib_a-svfprintf.o)
                              c:/arm/gcc-arm-10.3-2021.10/bin/../lib/gcc/arm-none-eabi/10.3.1/../../../../arm-none-eabi/lib/thumb/v7e-m/nofp\libg.a(lib_a-sprintf.o) (_svfprintf_r)
c:/arm/gcc-arm-10.3-2021.10/bin/../lib/gcc/arm-none-eabi/10.3.1/../../../../arm-none-eabi/lib/thumb/v7e-m/nofp\libg.a(lib_a-__call_atexit.o)
[...]
Memory Configuration

Name             Origin             Length             Attributes
RAM              0x20000000         0x00020000         xrw
FLASH            0x08000000         0x00080000         xr
*default*        0x00000000         0xffffffff

Linker script and memory map

LOAD c:/arm/gcc-arm-10.3-2021.10/bin/../lib/gcc/arm-none-eabi/10.3.1/thumb/v7e-m/nofp/crti.o
LOAD c:/arm/gcc-arm-10.3-2021.10/bin/../lib/gcc/arm-none-eabi/10.3.1/thumb/v7e-m/nofp/crtbegin.o
LOAD c:/arm/gcc-arm-10.3-2021.10/bin/../lib/gcc/arm-none-eabi/10.3.1/../../../../arm-none-eabi/lib/thumb/v7e-m/nofp/crt0.o
LOAD CMakeFiles/STM32F411CEUXCppTemplate.elf.dir/_Application/basic.cpp.obj
LOAD CMakeFiles/STM32F411CEUXCppTemplate.elf.dir/_Application/main.cpp.obj
LOAD CMakeFiles/STM32F411CEUXCppTemplate.elf.dir/_Application/stm32f4xx_hal_msp.c.obj
LOAD CMakeFiles/STM32F411CEUXCppTemplate.elf.dir/_Drivers/STM32F4xx_HAL_Driver/Src/stm32f4xx_hal.c.obj
LOAD CMakeFiles/STM32F411CEUXCppTemplate.elf.dir/_Drivers/STM32F4xx_HAL_Driver/Src/stm32f4xx_hal_adc.c.obj
LOAD CMakeFiles/STM32F411CEUXCppTemplate.elf.dir/_Drivers/STM32F4xx_HAL_Driver/Src/stm32f4xx_hal_adc_ex.c.obj
LOAD CMakeFiles/STM32F411CEUXCppTemplate.elf.dir/_Drivers/STM32F4xx_HAL_Driver/Src/stm32f4xx_hal_cortex.c.obj
LOAD CMakeFiles/STM32F411CEUXCppTemplate.elf.dir/_Drivers/STM32F4xx_HAL_Driver/Src/stm32f4xx_hal_dma.c.obj
LOAD CMakeFiles/STM32F411CEUXCppTemplate.elf.dir/_Drivers/STM32F4xx_HAL_Driver/Src/stm32f4xx_hal_dma_ex.c.obj
LOAD CMakeFiles/STM32F411CEUXCppTemplate.elf.dir/_Drivers/STM32F4xx_HAL_Driver/Src/stm32f4xx_hal_exti.c.obj
LOAD CMakeFiles/STM32F411CEUXCppTemplate.elf.dir/_Drivers/STM32F4xx_HAL_Driver/Src/stm32f4xx_hal_flash.c.obj
LOAD CMakeFiles/STM32F411CEUXCppTemplate.elf.dir/_Drivers/STM32F4xx_HAL_Driver/Src/stm32f4xx_hal_flash_ex.c.obj
LOAD CMakeFiles/STM32F411CEUXCppTemplate.elf.dir/_Drivers/STM32F4xx_HAL_Driver/Src/stm32f4xx_hal_flash_ramfunc.c.obj
LOAD CMakeFiles/STM32F411CEUXCppTemplate.elf.dir/_Drivers/STM32F4xx_HAL_Driver/Src/stm32f4xx_hal_gpio.c.obj
LOAD CMakeFiles/STM32F411CEUXCppTemplate.elf.dir/_Drivers/STM32F4xx_HAL_Driver/Src/stm32f4xx_hal_i2c.c.obj
LOAD CMakeFiles/STM32F411CEUXCppTemplate.elf.dir/_Drivers/STM32F4xx_HAL_Driver/Src/stm32f4xx_hal_i2c_ex.c.obj
LOAD CMakeFiles/STM32F411CEUXCppTemplate.elf.dir/_Drivers/STM32F4xx_HAL_Driver/Src/stm32f4xx_hal_pwr.c.obj
LOAD CMakeFiles/STM32F411CEUXCppTemplate.elf.dir/_Drivers/STM32F4xx_HAL_Driver/Src/stm32f4xx_hal_pwr_ex.c.obj
LOAD CMakeFiles/STM32F411CEUXCppTemplate.elf.dir/_Drivers/STM32F4xx_HAL_Driver/Src/stm32f4xx_hal_rcc.c.obj
LOAD CMakeFiles/STM32F411CEUXCppTemplate.elf.dir/_Drivers/STM32F4xx_HAL_Driver/Src/stm32f4xx_hal_rcc_ex.c.obj
LOAD CMakeFiles/STM32F411CEUXCppTemplate.elf.dir/_Drivers/STM32F4xx_HAL_Driver/Src/stm32f4xx_hal_spi.c.obj
LOAD CMakeFiles/STM32F411CEUXCppTemplate.elf.dir/_Drivers/STM32F4xx_HAL_Driver/Src/stm32f4xx_hal_tim.c.obj
LOAD CMakeFiles/STM32F411CEUXCppTemplate.elf.dir/_Drivers/STM32F4xx_HAL_Driver/Src/stm32f4xx_hal_tim_ex.c.obj
LOAD CMakeFiles/STM32F411CEUXCppTemplate.elf.dir/_Drivers/STM32F4xx_HAL_Driver/Src/stm32f4xx_hal_uart.c.obj
LOAD CMakeFiles/STM32F411CEUXCppTemplate.elf.dir/_Drivers/STM32F4xx_HAL_Driver/Src/stm32f4xx_ll_adc.c.obj
LOAD CMakeFiles/STM32F411CEUXCppTemplate.elf.dir/_System/startup_stm32f411xe.s.obj
LOAD CMakeFiles/STM32F411CEUXCppTemplate.elf.dir/_System/stm32f4xx_it.c.obj
LOAD CMakeFiles/STM32F411CEUXCppTemplate.elf.dir/_System/syscalls.c.obj
LOAD CMakeFiles/STM32F411CEUXCppTemplate.elf.dir/_System/system_stm32f4xx.c.obj
LOAD c:/arm/gcc-arm-10.3-2021.10/bin/../lib/gcc/arm-none-eabi/10.3.1/../../../../arm-none-eabi/lib/thumb/v7e-m/nofp\libstdc++.a
LOAD c:/arm/gcc-arm-10.3-2021.10/bin/../lib/gcc/arm-none-eabi/10.3.1/../../../../arm-none-eabi/lib/thumb/v7e-m/nofp\libm.a
START GROUP
LOAD c:/arm/gcc-arm-10.3-2021.10/bin/../lib/gcc/arm-none-eabi/10.3.1/thumb/v7e-m/nofp\libgcc.a
LOAD c:/arm/gcc-arm-10.3-2021.10/bin/../lib/gcc/arm-none-eabi/10.3.1/../../../../arm-none-eabi/lib/thumb/v7e-m/nofp\libg.a
LOAD c:/arm/gcc-arm-10.3-2021.10/bin/../lib/gcc/arm-none-eabi/10.3.1/../../../../arm-none-eabi/lib/thumb/v7e-m/nofp\libc.a
END GROUP
LOAD c:/arm/gcc-arm-10.3-2021.10/bin/../lib/gcc/arm-none-eabi/10.3.1/thumb/v7e-m/nofp/crtend.o
LOAD c:/arm/gcc-arm-10.3-2021.10/bin/../lib/gcc/arm-none-eabi/10.3.1/thumb/v7e-m/nofp/crtn.o
                0x20020000                _estack = (ORIGIN (RAM) + LENGTH (RAM))
                0x00001000                _Min_Heap_Size = 0x1000
                0x00001000                _Min_Stack_Size = 0x1000

.isr_vector     0x08000000      0x198
                0x08000000                . = ALIGN (0x4)
 *(.isr_vector)
 .isr_vector    0x08000000      0x198 CMakeFiles/STM32F411CEUXCppTemplate.elf.dir/_System/startup_stm32f411xe.s.obj
                0x08000000                g_pfnVectors
                0x08000198                . = ALIGN (0x4)

.text           0x080001c0     0xad0c
                0x080001c0                . = ALIGN (0x4)
 *(.text)
 .text          0x080001c0       0x40 c:/arm/gcc-arm-10.3-2021.10/bin/../lib/gcc/arm-none-eabi/10.3.1/thumb/v7e-m/nofp/crtbegin.o
 .text          0x08000200       0x30 c:/arm/gcc-arm-10.3-2021.10/bin/../lib/gcc/arm-none-eabi/10.3.1/thumb/v7e-m/nofp\libgcc.a(_aeabi_uldivmod.o)
                0x08000200                __aeabi_uldivmod
 .text          0x08000230      0x2d0 c:/arm/gcc-arm-10.3-2021.10/bin/../lib/gcc/arm-none-eabi/10.3.1/thumb/v7e-m/nofp\libgcc.a(_udivmoddi4.o)
                0x08000230                __udivmoddi4
 .text          0x08000500      0x9d8 c:/arm/gcc-arm-10.3-2021.10/bin/../lib/gcc/arm-none-eabi/10.3.1/thumb/v7e-m/nofp\libgcc.a(unwind-arm.o)
                0x080007a8                _Unwind_GetCFA
                0x080007ac                __gnu_Unwind_RaiseException
                0x08000814                __gnu_Unwind_ForcedUnwind
                0x08000824                __gnu_Unwind_Resume
                0x08000868                __gnu_Unwind_Resume_or_Rethrow
                0x08000878                _Unwind_Complete
                0x0800087c                _Unwind_DeleteException
                0x08000888                _Unwind_VRS_Get
                0x080008d4                _Unwind_VRS_Set
                0x0800091c                __gnu_Unwind_Backtrace
                0x08000c48                __aeabi_unwind_cpp_pr0
                0x08000c4c                __aeabi_unwind_cpp_pr1
                0x08000c50                __aeabi_unwind_cpp_pr2
                0x08000c54                _Unwind_VRS_Pop
 .text          0x08000ed8      0x1ac c:/arm/gcc-arm-10.3-2021.10/bin/../lib/gcc/arm-none-eabi/10.3.1/thumb/v7e-m/nofp\libgcc.a(libunwind.o)
                0x08000ed8                __restore_core_regs
                0x08000ed8                restore_core_regs
                0x08000ef0                __gnu_Unwind_Restore_VFP
                0x08000ef8                __gnu_Unwind_Save_VFP
                0x08000f00                __gnu_Unwind_Restore_VFP_D
                0x08000f08                __gnu_Unwind_Save_VFP_D
                0x08000f10                __gnu_Unwind_Restore_VFP_D_16_to_31
                0x08000f18                __gnu_Unwind_Save_VFP_D_16_to_31
                0x08000f20                __gnu_Unwind_Restore_WMMXD
                0x08000f64                __gnu_Unwind_Save_WMMXD
                0x08000fa8                __gnu_Unwind_Restore_WMMXC
                0x08000fbc                __gnu_Unwind_Save_WMMXC
                0x08000fd0                ___Unwind_RaiseException
                0x08000fd0                _Unwind_RaiseException
                0x08000ff4                _Unwind_Resume
                0x08000ff4                ___Unwind_Resume
                0x08001018                _Unwind_Resume_or_Rethrow
                0x08001018                ___Unwind_Resume_or_Rethrow
                0x0800103c                _Unwind_ForcedUnwind
                0x0800103c                ___Unwind_ForcedUnwind
                0x08001060                ___Unwind_Backtrace
                0x08001060                _Unwind_Backtrace
 .text          0x08001084      0x350 c:/arm/gcc-arm-10.3-2021.10/bin/../lib/gcc/arm-none-eabi/10.3.1/thumb/v7e-m/nofp\libgcc.a(pr-support.o)
                0x080010dc                __gnu_unwind_execute
                0x08001388                __gnu_unwind_frame
                0x080013b4                _Unwind_GetRegionStart
                0x080013c0                _Unwind_GetLanguageSpecificData
 .text          0x080013d4        0x4 c:/arm/gcc-arm-10.3-2021.10/bin/../lib/gcc/arm-none-eabi/10.3.1/thumb/v7e-m/nofp\libgcc.a(_dvmd_tls.o)
                0x080013d4                __aeabi_idiv0
                0x080013d4                __aeabi_ldiv0
 .text          0x080013d8      0x134 c:/arm/gcc-arm-10.3-2021.10/bin/../lib/gcc/arm-none-eabi/10.3.1/../../../../arm-none-eabi/lib/thumb/v7e-m/nofp\libg.a(lib_a-memcpy.o)
                0x080013d8                memcpy
 *fill*         0x0800150c        0x4 
 .text          0x08001510       0xa0 c:/arm/gcc-arm-10.3-2021.10/bin/../lib/gcc/arm-none-eabi/10.3.1/../../../../arm-none-eabi/lib/thumb/v7e-m/nofp\libg.a(lib_a-memchr.o)
                0x08001510                memchr
 *fill*         0x080015b0       0x10 
 .text          0x080015c0       0xdc c:/arm/gcc-arm-10.3-2021.10/bin/../lib/gcc/arm-none-eabi/10.3.1/../../../../arm-none-eabi/lib/thumb/v7e-m/nofp\libg.a(lib_a-strlen.o)
                0x080015c0                strlen
 .text          0x0800169c      0x378 c:/arm/gcc-arm-10.3-2021.10/bin/../lib/gcc/arm-none-eabi/10.3.1/thumb/v7e-m/nofp\libgcc.a(_arm_addsubdf3.o)
                0x0800169c                __aeabi_drsub
                0x080016a4                __aeabi_dsub
                0x080016a4                __subdf3
                0x080016a8                __aeabi_dadd
                0x080016a8                __adddf3
                0x08001920                __floatunsidf
                0x08001920                __aeabi_ui2d
                0x08001940                __floatsidf
                0x08001940                __aeabi_i2d
                0x08001964                __aeabi_f2d
                0x08001964                __extendsfdf2
                0x080019a8                __floatundidf
                0x080019a8                __aeabi_ul2d
                0x080019b8                __floatdidf
                0x080019b8                __aeabi_l2d
 .text          0x08001a14      0x424 c:/arm/gcc-arm-10.3-2021.10/bin/../lib/gcc/arm-none-eabi/10.3.1/thumb/v7e-m/nofp\libgcc.a(_arm_muldivdf3.o)
                0x08001a14                __aeabi_dmul
                0x08001a14                __muldf3
                0x08001c68                __divdf3
                0x08001c68                __aeabi_ddiv
 .text          0x08001e38      0x110 c:/arm/gcc-arm-10.3-2021.10/bin/../lib/gcc/arm-none-eabi/10.3.1/thumb/v7e-m/nofp\libgcc.a(_arm_cmpdf2.o)
                0x08001e38                __gtdf2
                0x08001e38                __gedf2
                0x08001e40                __ltdf2
                0x08001e40                __ledf2
                0x08001e48                __nedf2
                0x08001e48                __eqdf2
                0x08001e48                __cmpdf2
                0x08001ec4                __aeabi_cdrcmple
                0x08001ed4                __aeabi_cdcmpeq
                0x08001ed4                __aeabi_cdcmple
                0x08001ee4                __aeabi_dcmpeq
                0x08001ef8                __aeabi_dcmplt
                0x08001f0c                __aeabi_dcmple
                0x08001f20                __aeabi_dcmpge
                0x08001f34                __aeabi_dcmpgt
 .text          0x08001f48       0x2c c:/arm/gcc-arm-10.3-2021.10/bin/../lib/gcc/arm-none-eabi/10.3.1/thumb/v7e-m/nofp\libgcc.a(_arm_unorddf2.o)
                0x08001f48                __unorddf2
                0x08001f48                __aeabi_dcmpun
 .text          0x08001f74       0x50 c:/arm/gcc-arm-10.3-2021.10/bin/../lib/gcc/arm-none-eabi/10.3.1/thumb/v7e-m/nofp\libgcc.a(_arm_fixdfsi.o)
                0x08001f74                __aeabi_d2iz
                0x08001f74                __fixdfsi
 *(.text*)
 .text._ZN5HUART14SeedByteStringEPKc
                0x08001fc4       0x2a CMakeFiles/STM32F411CEUXCppTemplate.elf.dir/_Application/basic.cpp.obj
                0x08001fc4                HUART::SeedByteString(char const*)
 *fill*         0x08001fee        0x2 
 .text._ZN4GPIO4InitEv
                0x08001ff0      0x110 CMakeFiles/STM32F411CEUXCppTemplate.elf.dir/_Application/basic.cpp.obj
                0x08001ff0                GPIO::Init()
 .text._ZN8OLED13064InitEv
                0x08002100      0x3da CMakeFiles/STM32F411CEUXCppTemplate.elf.dir/_Application/basic.cpp.obj
                0x08002100                OLED1306::Init()
 *fill*         0x080024da        0x2 
 .text._ZN8OLED130610DrawStringEhh5fontsPKc
                0x080024dc      0x654 CMakeFiles/STM32F411CEUXCppTemplate.elf.dir/_Application/basic.cpp.obj
                0x080024dc                OLED1306::DrawString(unsigned char, unsigned char, fonts, char const*)
 .text._ZN6HTIM104InitEv
                0x08002b30       0x50 CMakeFiles/STM32F411CEUXCppTemplate.elf.dir/_Application/basic.cpp.obj
                0x08002b30                HTIM10::Init()
 .text._ZN5HI2C12IOEv
                0x08002b80       0x50 CMakeFiles/STM32F411CEUXCppTemplate.elf.dir/_Application/basic.cpp.obj
                0x08002b80                HI2C1::IO()
 .text._ZN5HI2C14InitEv
                0x08002bd0       0x60 CMakeFiles/STM32F411CEUXCppTemplate.elf.dir/_Application/basic.cpp.obj
                0x08002bd0                HI2C1::Init()
 .text._ZN6HUART12IOEv
                0x08002c30       0x4c CMakeFiles/STM32F411CEUXCppTemplate.elf.dir/_Application/basic.cpp.obj
                0x08002c30                HUART1::IO()
 .text._ZN6HUART14InitEv
                0x08002c7c       0x58 CMakeFiles/STM32F411CEUXCppTemplate.elf.dir/_Application/basic.cpp.obj
                0x08002c7c                HUART1::Init()
 .text._Z5main_v
                0x08002cd4      0x234 CMakeFiles/STM32F411CEUXCppTemplate.elf.dir/_Application/basic.cpp.obj
                0x08002cd4                main_()
 .text.Error_Handler
                0x08002f08        0x4 CMakeFiles/STM32F411CEUXCppTemplate.elf.dir/_Application/main.cpp.obj
                0x08002f08                Error_Handler
 .text.assert_failed
                0x08002f0c        0x2 CMakeFiles/STM32F411CEUXCppTemplate.elf.dir/_Application/main.cpp.obj
                0x08002f0c                assert_failed
 *fill*         0x08002f0e        0x2 
 .text._Z18SystemClock_Configv
                0x08002f10       0xa8 CMakeFiles/STM32F411CEUXCppTemplate.elf.dir/_Application/main.cpp.obj
                0x08002f10                SystemClock_Config()
 .text.main     0x08002fb8       0x12 CMakeFiles/STM32F411CEUXCppTemplate.elf.dir/_Application/main.cpp.obj
                0x08002fb8                main
 .text.HAL_I2C_MspInit
                0x08002fca        0x2 CMakeFiles/STM32F411CEUXCppTemplate.elf.dir/_Application/stm32f4xx_hal_msp.c.obj
                0x08002fca                HAL_I2C_MspInit
 .text.HAL_UART_MspInit
                0x08002fcc        0x2 CMakeFiles/STM32F411CEUXCppTemplate.elf.dir/_Application/stm32f4xx_hal_msp.c.obj
                0x08002fcc                HAL_UART_MspInit
 .text.HAL_MspInit
                0x08002fce        0x2 CMakeFiles/STM32F411CEUXCppTemplate.elf.dir/_Drivers/STM32F4xx_HAL_Driver/Src/stm32f4xx_hal.c.obj
                0x08002fce                HAL_MspInit
 .text.HAL_InitTick
                0x08002fd0       0x4c CMakeFiles/STM32F411CEUXCppTemplate.elf.dir/_Drivers/STM32F4xx_HAL_Driver/Src/stm32f4xx_hal.c.obj
                0x08002fd0                HAL_InitTick
 .text.HAL_Init
                0x0800301c       0x34 CMakeFiles/STM32F411CEUXCppTemplate.elf.dir/_Drivers/STM32F4xx_HAL_Driver/Src/stm32f4xx_hal.c.obj
                0x0800301c                HAL_Init
 .text.HAL_IncTick
                0x08003050       0x18 CMakeFiles/STM32F411CEUXCppTemplate.elf.dir/_Drivers/STM32F4xx_HAL_Driver/Src/stm32f4xx_hal.c.obj
                0x08003050                HAL_IncTick
 .text.HAL_GetTick
                0x08003068        0xc CMakeFiles/STM32F411CEUXCppTemplate.elf.dir/_Drivers/STM32F4xx_HAL_Driver/Src/stm32f4xx_hal.c.obj
                0x08003068                HAL_GetTick
 .text.HAL_NVIC_SetPriorityGrouping
                0x08003074       0x3c CMakeFiles/STM32F411CEUXCppTemplate.elf.dir/_Drivers/STM32F4xx_HAL_Driver/Src/stm32f4xx_hal_cortex.c.obj
                0x08003074                HAL_NVIC_SetPriorityGrouping
 .text.HAL_NVIC_SetPriority
                0x080030b0       0x8c CMakeFiles/STM32F411CEUXCppTemplate.elf.dir/_Drivers/STM32F4xx_HAL_Driver/Src/stm32f4xx_hal_cortex.c.obj
                0x080030b0                HAL_NVIC_SetPriority
 .text.HAL_SYSTICK_Config
                0x0800313c       0x28 CMakeFiles/STM32F411CEUXCppTemplate.elf.dir/_Drivers/STM32F4xx_HAL_Driver/Src/stm32f4xx_hal_cortex.c.obj
                0x0800313c                HAL_SYSTICK_Config
 .text.HAL_GPIO_Init
                0x08003164      0x2a4 CMakeFiles/STM32F411CEUXCppTemplate.elf.dir/_Drivers/STM32F4xx_HAL_Driver/Src/stm32f4xx_hal_gpio.c.obj
                0x08003164                HAL_GPIO_Init
 .text.HAL_GPIO_WritePin
                0x08003408       0x38 CMakeFiles/STM32F411CEUXCppTemplate.elf.dir/_Drivers/STM32F4xx_HAL_Driver/Src/stm32f4xx_hal_gpio.c.obj
                0x08003408                HAL_GPIO_WritePin
 .text.HAL_GPIO_TogglePin
                0x08003440       0x2c CMakeFiles/STM32F411CEUXCppTemplate.elf.dir/_Drivers/STM32F4xx_HAL_Driver/Src/stm32f4xx_hal_gpio.c.obj
                0x08003440                HAL_GPIO_TogglePin
 .text.I2C_IsAcknowledgeFailed
                0x0800346c       0x32 CMakeFiles/STM32F411CEUXCppTemplate.elf.dir/_Drivers/STM32F4xx_HAL_Driver/Src/stm32f4xx_hal_i2c.c.obj
 .text.I2C_WaitOnFlagUntilTimeout
                0x0800349e       0x7c CMakeFiles/STM32F411CEUXCppTemplate.elf.dir/_Drivers/STM32F4xx_HAL_Driver/Src/stm32f4xx_hal_i2c.c.obj
 .text.I2C_WaitOnMasterAddressFlagUntilTimeout
                0x0800351a       0xaa CMakeFiles/STM32F411CEUXCppTemplate.elf.dir/_Drivers/STM32F4xx_HAL_Driver/Src/stm32f4xx_hal_i2c.c.obj
 .text.I2C_WaitOnTXEFlagUntilTimeout
                0x080035c4       0x54 CMakeFiles/STM32F411CEUXCppTemplate.elf.dir/_Drivers/STM32F4xx_HAL_Driver/Src/stm32f4xx_hal_i2c.c.obj
 .text.I2C_RequestMemoryWrite
                0x08003618       0xd8 CMakeFiles/STM32F411CEUXCppTemplate.elf.dir/_Drivers/STM32F4xx_HAL_Driver/Src/stm32f4xx_hal_i2c.c.obj
 .text.I2C_RequestMemoryRead
                0x080036f0      0x154 CMakeFiles/STM32F411CEUXCppTemplate.elf.dir/_Drivers/STM32F4xx_HAL_Driver/Src/stm32f4xx_hal_i2c.c.obj
 .text.I2C_WaitOnBTFFlagUntilTimeout
                0x08003844       0x54 CMakeFiles/STM32F411CEUXCppTemplate.elf.dir/_Drivers/STM32F4xx_HAL_Driver/Src/stm32f4xx_hal_i2c.c.obj
 .text.I2C_WaitOnRXNEFlagUntilTimeout
                0x08003898       0x6a CMakeFiles/STM32F411CEUXCppTemplate.elf.dir/_Drivers/STM32F4xx_HAL_Driver/Src/stm32f4xx_hal_i2c.c.obj
 *fill*         0x08003902        0x2 
 .text.HAL_I2C_Init
                0x08003904      0x29c CMakeFiles/STM32F411CEUXCppTemplate.elf.dir/_Drivers/STM32F4xx_HAL_Driver/Src/stm32f4xx_hal_i2c.c.obj
                0x08003904                HAL_I2C_Init
 .text.HAL_I2C_Mem_Write
                0x08003ba0      0x17c CMakeFiles/STM32F411CEUXCppTemplate.elf.dir/_Drivers/STM32F4xx_HAL_Driver/Src/stm32f4xx_hal_i2c.c.obj
                0x08003ba0                HAL_I2C_Mem_Write
 .text.HAL_I2C_Mem_Read
                0x08003d1c      0x2fc CMakeFiles/STM32F411CEUXCppTemplate.elf.dir/_Drivers/STM32F4xx_HAL_Driver/Src/stm32f4xx_hal_i2c.c.obj
                0x08003d1c                HAL_I2C_Mem_Read
 .text.HAL_RCC_OscConfig
                0x08004018      0x4fc CMakeFiles/STM32F411CEUXCppTemplate.elf.dir/_Drivers/STM32F4xx_HAL_Driver/Src/stm32f4xx_hal_rcc.c.obj
                0x08004018                HAL_RCC_OscConfig
 .text.HAL_RCC_GetSysClockFreq
                0x08004514       0xa4 CMakeFiles/STM32F411CEUXCppTemplate.elf.dir/_Drivers/STM32F4xx_HAL_Driver/Src/stm32f4xx_hal_rcc.c.obj
                0x08004514                HAL_RCC_GetSysClockFreq
 .text.HAL_RCC_ClockConfig
                0x080045b8      0x21c CMakeFiles/STM32F411CEUXCppTemplate.elf.dir/_Drivers/STM32F4xx_HAL_Driver/Src/stm32f4xx_hal_rcc.c.obj
                0x080045b8                HAL_RCC_ClockConfig
 .text.HAL_RCC_GetHCLKFreq
                0x080047d4        0xc CMakeFiles/STM32F411CEUXCppTemplate.elf.dir/_Drivers/STM32F4xx_HAL_Driver/Src/stm32f4xx_hal_rcc.c.obj
                0x080047d4                HAL_RCC_GetHCLKFreq
 .text.HAL_RCC_GetPCLK1Freq
                0x080047e0       0x20 CMakeFiles/STM32F411CEUXCppTemplate.elf.dir/_Drivers/STM32F4xx_HAL_Driver/Src/stm32f4xx_hal_rcc.c.obj
                0x080047e0                HAL_RCC_GetPCLK1Freq
 .text.HAL_RCC_GetPCLK2Freq
                0x08004800       0x20 CMakeFiles/STM32F411CEUXCppTemplate.elf.dir/_Drivers/STM32F4xx_HAL_Driver/Src/stm32f4xx_hal_rcc.c.obj
                0x08004800                HAL_RCC_GetPCLK2Freq
 .text.HAL_TIM_Base_MspInit
                0x08004820        0x2 CMakeFiles/STM32F411CEUXCppTemplate.elf.dir/_Drivers/STM32F4xx_HAL_Driver/Src/stm32f4xx_hal_tim.c.obj
                0x08004820                HAL_TIM_Base_MspInit
 *fill*         0x08004822        0x2 
 .text.HAL_TIM_Base_Start
                0x08004824       0xbc CMakeFiles/STM32F411CEUXCppTemplate.elf.dir/_Drivers/STM32F4xx_HAL_Driver/Src/stm32f4xx_hal_tim.c.obj
                0x08004824                HAL_TIM_Base_Start
 .text.HAL_TIM_Base_Stop
                0x080048e0       0x7c CMakeFiles/STM32F411CEUXCppTemplate.elf.dir/_Drivers/STM32F4xx_HAL_Driver/Src/stm32f4xx_hal_tim.c.obj
                0x080048e0                HAL_TIM_Base_Stop
 .text.TIM_Base_SetConfig
                0x0800495c       0x9c CMakeFiles/STM32F411CEUXCppTemplate.elf.dir/_Drivers/STM32F4xx_HAL_Driver/Src/stm32f4xx_hal_tim.c.obj
                0x0800495c                TIM_Base_SetConfig
 .text.HAL_TIM_Base_Init
                0x080049f8       0xfc CMakeFiles/STM32F411CEUXCppTemplate.elf.dir/_Drivers/STM32F4xx_HAL_Driver/Src/stm32f4xx_hal_tim.c.obj
                0x080049f8                HAL_TIM_Base_Init
 .text.UART_SetConfig
                0x08004af4      0x174 CMakeFiles/STM32F411CEUXCppTemplate.elf.dir/_Drivers/STM32F4xx_HAL_Driver/Src/stm32f4xx_hal_uart.c.obj
 .text.UART_WaitOnFlagUntilTimeout
                0x08004c68       0x88 CMakeFiles/STM32F411CEUXCppTemplate.elf.dir/_Drivers/STM32F4xx_HAL_Driver/Src/stm32f4xx_hal_uart.c.obj
 .text.HAL_UART_Init
                0x08004cf0      0x100 CMakeFiles/STM32F411CEUXCppTemplate.elf.dir/_Drivers/STM32F4xx_HAL_Driver/Src/stm32f4xx_hal_uart.c.obj
                0x08004cf0                HAL_UART_Init
 .text.HAL_UART_Transmit
                0x08004df0       0xd8 CMakeFiles/STM32F411CEUXCppTemplate.elf.dir/_Drivers/STM32F4xx_HAL_Driver/Src/stm32f4xx_hal_uart.c.obj
                0x08004df0                HAL_UART_Transmit
 .text.Reset_Handler
                0x08004ec8       0x50 CMakeFiles/STM32F411CEUXCppTemplate.elf.dir/_System/startup_stm32f411xe.s.obj
                0x08004ec8                Reset_Handler
 .text.Default_Handler
                0x08004f18        0x2 CMakeFiles/STM32F411CEUXCppTemplate.elf.dir/_System/startup_stm32f411xe.s.obj
                0x08004f18                RTC_Alarm_IRQHandler
                0x08004f18                EXTI2_IRQHandler
                0x08004f18                SPI4_IRQHandler
                0x08004f18                TIM1_CC_IRQHandler
                0x08004f18                DMA2_Stream5_IRQHandler
                0x08004f18                DMA1_Stream5_IRQHandler
                0x08004f18                PVD_IRQHandler
                0x08004f18                SDIO_IRQHandler
                0x08004f18                TAMP_STAMP_IRQHandler
                0x08004f18                EXTI3_IRQHandler
                0x08004f18                TIM1_UP_TIM10_IRQHandler
                0x08004f18                I2C3_ER_IRQHandler
                0x08004f18                EXTI0_IRQHandler
                0x08004f18                I2C2_EV_IRQHandler
                0x08004f18                DMA1_Stream2_IRQHandler
                0x08004f18                FPU_IRQHandler
                0x08004f18                DMA2_Stream2_IRQHandler
                0x08004f18                SPI1_IRQHandler
                0x08004f18                TIM1_BRK_TIM9_IRQHandler
                0x08004f18                DMA2_Stream3_IRQHandler
                0x08004f18                USART6_IRQHandler
                0x08004f18                DMA2_Stream0_IRQHandler
                0x08004f18                TIM4_IRQHandler
                0x08004f18                I2C1_EV_IRQHandler
                0x08004f18                DMA1_Stream6_IRQHandler
                0x08004f18                DMA1_Stream1_IRQHandler
                0x08004f18                TIM3_IRQHandler
                0x08004f18                RCC_IRQHandler
                0x08004f18                Default_Handler
                0x08004f18                EXTI15_10_IRQHandler
                0x08004f18                ADC_IRQHandler
                0x08004f18                DMA1_Stream7_IRQHandler
                0x08004f18                SPI5_IRQHandler
                0x08004f18                TIM5_IRQHandler
                0x08004f18                DMA2_Stream7_IRQHandler
                0x08004f18                I2C3_EV_IRQHandler
                0x08004f18                EXTI9_5_IRQHandler
                0x08004f18                RTC_WKUP_IRQHandler
                0x08004f18                SPI2_IRQHandler
                0x08004f18                DMA1_Stream0_IRQHandler
                0x08004f18                EXTI4_IRQHandler
                0x08004f18                WWDG_IRQHandler
                0x08004f18                TIM2_IRQHandler
                0x08004f18                OTG_FS_WKUP_IRQHandler
                0x08004f18                TIM1_TRG_COM_TIM11_IRQHandler
                0x08004f18                EXTI1_IRQHandler
                0x08004f18                USART2_IRQHandler
                0x08004f18                I2C2_ER_IRQHandler
                0x08004f18                DMA2_Stream1_IRQHandler
                0x08004f18                FLASH_IRQHandler
                0x08004f18                DMA2_Stream4_IRQHandler
                0x08004f18                USART1_IRQHandler
                0x08004f18                OTG_FS_IRQHandler
                0x08004f18                SPI3_IRQHandler
                0x08004f18                DMA1_Stream4_IRQHandler
                0x08004f18                I2C1_ER_IRQHandler
                0x08004f18                DMA2_Stream6_IRQHandler
                0x08004f18                DMA1_Stream3_IRQHandler
 .text.NMI_Handler
                0x08004f1a        0x2 CMakeFiles/STM32F411CEUXCppTemplate.elf.dir/_System/stm32f4xx_it.c.obj
                0x08004f1a                NMI_Handler
 .text.HardFault_Handler
                0x08004f1c        0x2 CMakeFiles/STM32F411CEUXCppTemplate.elf.dir/_System/stm32f4xx_it.c.obj
                0x08004f1c                HardFault_Handler
 .text.MemManage_Handler
                0x08004f1e        0x2 CMakeFiles/STM32F411CEUXCppTemplate.elf.dir/_System/stm32f4xx_it.c.obj
                0x08004f1e                MemManage_Handler
 .text.BusFault_Handler
                0x08004f20        0x2 CMakeFiles/STM32F411CEUXCppTemplate.elf.dir/_System/stm32f4xx_it.c.obj
                0x08004f20                BusFault_Handler
 .text.UsageFault_Handler
                0x08004f22        0x2 CMakeFiles/STM32F411CEUXCppTemplate.elf.dir/_System/stm32f4xx_it.c.obj
                0x08004f22                UsageFault_Handler
 .text.SVC_Handler
                0x08004f24        0x2 CMakeFiles/STM32F411CEUXCppTemplate.elf.dir/_System/stm32f4xx_it.c.obj
                0x08004f24                SVC_Handler
 .text.DebugMon_Handler
                0x08004f26        0x2 CMakeFiles/STM32F411CEUXCppTemplate.elf.dir/_System/stm32f4xx_it.c.obj
                0x08004f26                DebugMon_Handler
 .text.PendSV_Handler
                0x08004f28        0x2 CMakeFiles/STM32F411CEUXCppTemplate.elf.dir/_System/stm32f4xx_it.c.obj
                0x08004f28                PendSV_Handler
 .text.SysTick_Handler
                0x08004f2a        0x8 CMakeFiles/STM32F411CEUXCppTemplate.elf.dir/_System/stm32f4xx_it.c.obj
                0x08004f2a                SysTick_Handler
 .text._getpid  0x08004f32        0x4 CMakeFiles/STM32F411CEUXCppTemplate.elf.dir/_System/syscalls.c.obj
                0x08004f32                _getpid
 .text._kill    0x08004f36       0x10 CMakeFiles/STM32F411CEUXCppTemplate.elf.dir/_System/syscalls.c.obj
                0x08004f36                _kill
 .text._exit    0x08004f46        0xc CMakeFiles/STM32F411CEUXCppTemplate.elf.dir/_System/syscalls.c.obj
                0x08004f46                _exit
 .text._read    0x08004f52       0x20 CMakeFiles/STM32F411CEUXCppTemplate.elf.dir/_System/syscalls.c.obj
                0x08004f52                _read
 .text._write   0x08004f72       0x1c CMakeFiles/STM32F411CEUXCppTemplate.elf.dir/_System/syscalls.c.obj
                0x08004f72                _write
 *fill*         0x08004f8e        0x2 
 .text._sbrk    0x08004f90       0x3c CMakeFiles/STM32F411CEUXCppTemplate.elf.dir/_System/syscalls.c.obj
                0x08004f90                _sbrk
 .text._close   0x08004fcc        0x6 CMakeFiles/STM32F411CEUXCppTemplate.elf.dir/_System/syscalls.c.obj
                0x08004fcc                _close
 .text._fstat   0x08004fd2        0xa CMakeFiles/STM32F411CEUXCppTemplate.elf.dir/_System/syscalls.c.obj
                0x08004fd2                _fstat
 .text._isatty  0x08004fdc        0x4 CMakeFiles/STM32F411CEUXCppTemplate.elf.dir/_System/syscalls.c.obj
                0x08004fdc                _isatty
 .text._lseek   0x08004fe0        0x4 CMakeFiles/STM32F411CEUXCppTemplate.elf.dir/_System/syscalls.c.obj
                0x08004fe0                _lseek
 .text.SystemInit
                0x08004fe4        0x2 CMakeFiles/STM32F411CEUXCppTemplate.elf.dir/_System/system_stm32f4xx.c.obj
                0x08004fe4                SystemInit
 *fill*         0x08004fe6        0x2 
 .text.abort    0x08004fe8       0x10 c:/arm/gcc-arm-10.3-2021.10/bin/../lib/gcc/arm-none-eabi/10.3.1/../../../../arm-none-eabi/lib/thumb/v7e-m/nofp\libg.a(lib_a-abort.o)
                0x08004fe8                abort
 .text.__errno  0x08004ff8        0xc c:/arm/gcc-arm-10.3-2021.10/bin/../lib/gcc/arm-none-eabi/10.3.1/../../../../arm-none-eabi/lib/thumb/v7e-m/nofp\libg.a(lib_a-errno.o)
                0x08004ff8                __errno
 .text.__libc_init_array
                0x08005004       0x48 c:/arm/gcc-arm-10.3-2021.10/bin/../lib/gcc/arm-none-eabi/10.3.1/../../../../arm-none-eabi/lib/thumb/v7e-m/nofp\libg.a(lib_a-init.o)
                0x08005004                __libc_init_array
 .text.memset   0x0800504c       0xa4 c:/arm/gcc-arm-10.3-2021.10/bin/../lib/gcc/arm-none-eabi/10.3.1/../../../../arm-none-eabi/lib/thumb/v7e-m/nofp\libg.a(lib_a-memset.o)
                0x0800504c                memset
 .text.raise    0x080050f0       0x5c c:/arm/gcc-arm-10.3-2021.10/bin/../lib/gcc/arm-none-eabi/10.3.1/../../../../arm-none-eabi/lib/thumb/v7e-m/nofp\libg.a(lib_a-signal.o)
                0x080050f0                raise
 .text._kill_r  0x0800514c       0x2c c:/arm/gcc-arm-10.3-2021.10/bin/../lib/gcc/arm-none-eabi/10.3.1/../../../../arm-none-eabi/lib/thumb/v7e-m/nofp\libg.a(lib_a-signalr.o)
                0x0800514c                _kill_r
 .text._getpid_r
                0x08005178        0x4 c:/arm/gcc-arm-10.3-2021.10/bin/../lib/gcc/arm-none-eabi/10.3.1/../../../../arm-none-eabi/lib/thumb/v7e-m/nofp\libg.a(lib_a-signalr.o)
                0x08005178                _getpid_r
 .text.sprintf  0x0800517c       0x40 c:/arm/gcc-arm-10.3-2021.10/bin/../lib/gcc/arm-none-eabi/10.3.1/../../../../arm-none-eabi/lib/thumb/v7e-m/nofp\libg.a(lib_a-sprintf.o)
                0x0800517c                sprintf
 .text._svfprintf_r
                0x080051bc     0x1a3c c:/arm/gcc-arm-10.3-2021.10/bin/../lib/gcc/arm-none-eabi/10.3.1/../../../../arm-none-eabi/lib/thumb/v7e-m/nofp\libg.a(lib_a-svfprintf.o)
                0x080051bc                _svfprintf_r
 .text.startup.register_fini
                0x08006bf8       0x14 c:/arm/gcc-arm-10.3-2021.10/bin/../lib/gcc/arm-none-eabi/10.3.1/../../../../arm-none-eabi/lib/thumb/v7e-m/nofp\libg.a(lib_a-__call_atexit.o)
 .text.atexit   0x08006c0c        0xc c:/arm/gcc-arm-10.3-2021.10/bin/../lib/gcc/arm-none-eabi/10.3.1/../../../../arm-none-eabi/lib/thumb/v7e-m/nofp\libg.a(lib_a-atexit.o)
                0x08006c0c                atexit
 .text.quorem   0x08006c18      0x124 c:/arm/gcc-arm-10.3-2021.10/bin/../lib/gcc/arm-none-eabi/10.3.1/../../../../arm-none-eabi/lib/thumb/v7e-m/nofp\libg.a(lib_a-dtoa.o)
 *fill*         0x08006d3c        0x4 
 .text._dtoa_r  0x08006d40      0xec4 c:/arm/gcc-arm-10.3-2021.10/bin/../lib/gcc/arm-none-eabi/10.3.1/../../../../arm-none-eabi/lib/thumb/v7e-m/nofp\libg.a(lib_a-dtoa.o)
                0x08006d40                _dtoa_r
 .text.__libc_fini_array
                0x08007c04       0x2c c:/arm/gcc-arm-10.3-2021.10/bin/../lib/gcc/arm-none-eabi/10.3.1/../../../../arm-none-eabi/lib/thumb/v7e-m/nofp\libg.a(lib_a-fini.o)
                0x08007c04                __libc_fini_array
 .text._malloc_trim_r
                0x08007c30       0xa0 c:/arm/gcc-arm-10.3-2021.10/bin/../lib/gcc/arm-none-eabi/10.3.1/../../../../arm-none-eabi/lib/thumb/v7e-m/nofp\libg.a(lib_a-freer.o)
                0x08007c30                _malloc_trim_r
 .text._free_r  0x08007cd0      0x20c c:/arm/gcc-arm-10.3-2021.10/bin/../lib/gcc/arm-none-eabi/10.3.1/../../../../arm-none-eabi/lib/thumb/v7e-m/nofp\libg.a(lib_a-freer.o)
                0x08007cd0                _free_r
 .text._localeconv_r
                0x08007edc        0x8 c:/arm/gcc-arm-10.3-2021.10/bin/../lib/gcc/arm-none-eabi/10.3.1/../../../../arm-none-eabi/lib/thumb/v7e-m/nofp\libg.a(lib_a-localeconv.o)
                0x08007edc                _localeconv_r
 .text.__retarget_lock_init_recursive
                0x08007ee4        0x4 c:/arm/gcc-arm-10.3-2021.10/bin/../lib/gcc/arm-none-eabi/10.3.1/../../../../arm-none-eabi/lib/thumb/v7e-m/nofp\libg.a(lib_a-lock.o)
                0x08007ee4                __retarget_lock_init_recursive
 .text.__retarget_lock_close_recursive
                0x08007ee8        0x4 c:/arm/gcc-arm-10.3-2021.10/bin/../lib/gcc/arm-none-eabi/10.3.1/../../../../arm-none-eabi/lib/thumb/v7e-m/nofp\libg.a(lib_a-lock.o)
                0x08007ee8                __retarget_lock_close_recursive
 .text.__retarget_lock_acquire_recursive
                0x08007eec        0x4 c:/arm/gcc-arm-10.3-2021.10/bin/../lib/gcc/arm-none-eabi/10.3.1/../../../../arm-none-eabi/lib/thumb/v7e-m/nofp\libg.a(lib_a-lock.o)
                0x08007eec                __retarget_lock_acquire_recursive
 .text.__retarget_lock_release_recursive
                0x08007ef0        0x4 c:/arm/gcc-arm-10.3-2021.10/bin/../lib/gcc/arm-none-eabi/10.3.1/../../../../arm-none-eabi/lib/thumb/v7e-m/nofp\libg.a(lib_a-lock.o)
                0x08007ef0                __retarget_lock_release_recursive
 .text._malloc_r
                0x08007ef4      0x560 c:/arm/gcc-arm-10.3-2021.10/bin/../lib/gcc/arm-none-eabi/10.3.1/../../../../arm-none-eabi/lib/thumb/v7e-m/nofp\libg.a(lib_a-mallocr.o)
                0x08007ef4                _malloc_r
 .text.__malloc_lock
                0x08008454        0xc c:/arm/gcc-arm-10.3-2021.10/bin/../lib/gcc/arm-none-eabi/10.3.1/../../../../arm-none-eabi/lib/thumb/v7e-m/nofp\libg.a(lib_a-mlock.o)
                0x08008454                __malloc_lock
 .text.__malloc_unlock
                0x08008460        0xc c:/arm/gcc-arm-10.3-2021.10/bin/../lib/gcc/arm-none-eabi/10.3.1/../../../../arm-none-eabi/lib/thumb/v7e-m/nofp\libg.a(lib_a-mlock.o)
                0x08008460                __malloc_unlock
 .text._Balloc  0x0800846c       0x4c c:/arm/gcc-arm-10.3-2021.10/bin/../lib/gcc/arm-none-eabi/10.3.1/../../../../arm-none-eabi/lib/thumb/v7e-m/nofp\libg.a(lib_a-mprec.o)
                0x0800846c                _Balloc
 .text._Bfree   0x080084b8       0x14 c:/arm/gcc-arm-10.3-2021.10/bin/../lib/gcc/arm-none-eabi/10.3.1/../../../../arm-none-eabi/lib/thumb/v7e-m/nofp\libg.a(lib_a-mprec.o)
                0x080084b8                _Bfree
 .text.__multadd
                0x080084cc       0xa0 c:/arm/gcc-arm-10.3-2021.10/bin/../lib/gcc/arm-none-eabi/10.3.1/../../../../arm-none-eabi/lib/thumb/v7e-m/nofp\libg.a(lib_a-mprec.o)
                0x080084cc                __multadd
 .text.__hi0bits
                0x0800856c       0x40 c:/arm/gcc-arm-10.3-2021.10/bin/../lib/gcc/arm-none-eabi/10.3.1/../../../../arm-none-eabi/lib/thumb/v7e-m/nofp\libg.a(lib_a-mprec.o)
                0x0800856c                __hi0bits
 .text.__lo0bits
                0x080085ac       0x5c c:/arm/gcc-arm-10.3-2021.10/bin/../lib/gcc/arm-none-eabi/10.3.1/../../../../arm-none-eabi/lib/thumb/v7e-m/nofp\libg.a(lib_a-mprec.o)
                0x080085ac                __lo0bits
 .text.__i2b    0x08008608       0x5c c:/arm/gcc-arm-10.3-2021.10/bin/../lib/gcc/arm-none-eabi/10.3.1/../../../../arm-none-eabi/lib/thumb/v7e-m/nofp\libg.a(lib_a-mprec.o)
                0x08008608                __i2b
 .text.__multiply
                0x08008664      0x15c c:/arm/gcc-arm-10.3-2021.10/bin/../lib/gcc/arm-none-eabi/10.3.1/../../../../arm-none-eabi/lib/thumb/v7e-m/nofp\libg.a(lib_a-mprec.o)
                0x08008664                __multiply
 .text.__pow5mult
                0x080087c0       0xc0 c:/arm/gcc-arm-10.3-2021.10/bin/../lib/gcc/arm-none-eabi/10.3.1/../../../../arm-none-eabi/lib/thumb/v7e-m/nofp\libg.a(lib_a-mprec.o)
                0x080087c0                __pow5mult
 .text.__lshift
                0x08008880       0xf0 c:/arm/gcc-arm-10.3-2021.10/bin/../lib/gcc/arm-none-eabi/10.3.1/../../../../arm-none-eabi/lib/thumb/v7e-m/nofp\libg.a(lib_a-mprec.o)
                0x08008880                __lshift
 .text.__mcmp   0x08008970       0x40 c:/arm/gcc-arm-10.3-2021.10/bin/../lib/gcc/arm-none-eabi/10.3.1/../../../../arm-none-eabi/lib/thumb/v7e-m/nofp\libg.a(lib_a-mprec.o)
                0x08008970                __mcmp
 .text.__mdiff  0x080089b0      0x14c c:/arm/gcc-arm-10.3-2021.10/bin/../lib/gcc/arm-none-eabi/10.3.1/../../../../arm-none-eabi/lib/thumb/v7e-m/nofp\libg.a(lib_a-mprec.o)
                0x080089b0                __mdiff
 .text.__d2b    0x08008afc       0xc4 c:/arm/gcc-arm-10.3-2021.10/bin/../lib/gcc/arm-none-eabi/10.3.1/../../../../arm-none-eabi/lib/thumb/v7e-m/nofp\libg.a(lib_a-mprec.o)
                0x08008afc                __d2b
 .text.frexp    0x08008bc0       0x70 c:/arm/gcc-arm-10.3-2021.10/bin/../lib/gcc/arm-none-eabi/10.3.1/../../../../arm-none-eabi/lib/thumb/v7e-m/nofp\libg.a(lib_a-s_frexp.o)
                0x08008bc0                frexp
 .text._sbrk_r  0x08008c30       0x24 c:/arm/gcc-arm-10.3-2021.10/bin/../lib/gcc/arm-none-eabi/10.3.1/../../../../arm-none-eabi/lib/thumb/v7e-m/nofp\libg.a(lib_a-sbrkr.o)
                0x08008c30                _sbrk_r
 .text.strncpy  0x08008c54       0x64 c:/arm/gcc-arm-10.3-2021.10/bin/../lib/gcc/arm-none-eabi/10.3.1/../../../../arm-none-eabi/lib/thumb/v7e-m/nofp\libg.a(lib_a-strncpy.o)
                0x08008c54                strncpy
 .text.__ssprint_r
                0x08008cb8       0xf8 c:/arm/gcc-arm-10.3-2021.10/bin/../lib/gcc/arm-none-eabi/10.3.1/../../../../arm-none-eabi/lib/thumb/v7e-m/nofp\libg.a(lib_a-svfiprintf.o)
                0x08008cb8                __ssprint_r
 .text.__register_exitproc
                0x08008db0       0x8c c:/arm/gcc-arm-10.3-2021.10/bin/../lib/gcc/arm-none-eabi/10.3.1/../../../../arm-none-eabi/lib/thumb/v7e-m/nofp\libg.a(lib_a-__atexit.o)
                0x08008db0                __register_exitproc
 .text.__assert_func
                0x08008e3c       0x40 c:/arm/gcc-arm-10.3-2021.10/bin/../lib/gcc/arm-none-eabi/10.3.1/../../../../arm-none-eabi/lib/thumb/v7e-m/nofp\libg.a(lib_a-assert.o)
                0x08008e3c                __assert_func
 .text._calloc_r
                0x08008e7c       0x78 c:/arm/gcc-arm-10.3-2021.10/bin/../lib/gcc/arm-none-eabi/10.3.1/../../../../arm-none-eabi/lib/thumb/v7e-m/nofp\libg.a(lib_a-callocr.o)
                0x08008e7c                _calloc_r
 .text.fiprintf
                0x08008ef4       0x28 c:/arm/gcc-arm-10.3-2021.10/bin/../lib/gcc/arm-none-eabi/10.3.1/../../../../arm-none-eabi/lib/thumb/v7e-m/nofp\libg.a(lib_a-fiprintf.o)
                0x08008ef4                fiprintf
 .text.__locale_mb_cur_max
                0x08008f1c        0xc c:/arm/gcc-arm-10.3-2021.10/bin/../lib/gcc/arm-none-eabi/10.3.1/../../../../arm-none-eabi/lib/thumb/v7e-m/nofp\libg.a(lib_a-locale.o)
                0x08008f1c                __locale_mb_cur_max
 .text.__ascii_mbtowc
                0x08008f28       0x2c c:/arm/gcc-arm-10.3-2021.10/bin/../lib/gcc/arm-none-eabi/10.3.1/../../../../arm-none-eabi/lib/thumb/v7e-m/nofp\libg.a(lib_a-mbtowc_r.o)
                0x08008f28                __ascii_mbtowc
 .text.memmove  0x08008f54       0xf8 c:/arm/gcc-arm-10.3-2021.10/bin/../lib/gcc/arm-none-eabi/10.3.1/../../../../arm-none-eabi/lib/thumb/v7e-m/nofp\libg.a(lib_a-memmove.o)
                0x08008f54                memmove
 .text._realloc_r
                0x0800904c      0x3d8 c:/arm/gcc-arm-10.3-2021.10/bin/../lib/gcc/arm-none-eabi/10.3.1/../../../../arm-none-eabi/lib/thumb/v7e-m/nofp\libg.a(lib_a-reallocr.o)
                0x0800904c                _realloc_r
 .text.__sprint_r.part.0
                0x08009424       0x78 c:/arm/gcc-arm-10.3-2021.10/bin/../lib/gcc/arm-none-eabi/10.3.1/../../../../arm-none-eabi/lib/thumb/v7e-m/nofp\libg.a(lib_a-vfiprintf.o)
 .text._vfiprintf_r
                0x0800949c      0xda0 c:/arm/gcc-arm-10.3-2021.10/bin/../lib/gcc/arm-none-eabi/10.3.1/../../../../arm-none-eabi/lib/thumb/v7e-m/nofp\libg.a(lib_a-vfiprintf.o)
                0x0800949c                _vfiprintf_r
 .text.__sbprintf
                0x0800a23c       0x80 c:/arm/gcc-arm-10.3-2021.10/bin/../lib/gcc/arm-none-eabi/10.3.1/../../../../arm-none-eabi/lib/thumb/v7e-m/nofp\libg.a(lib_a-vfiprintf.o)
 .text.__ascii_wctomb
                0x0800a2bc       0x1c c:/arm/gcc-arm-10.3-2021.10/bin/../lib/gcc/arm-none-eabi/10.3.1/../../../../arm-none-eabi/lib/thumb/v7e-m/nofp\libg.a(lib_a-wctomb_r.o)
                0x0800a2bc                __ascii_wctomb
 .text.__swsetup_r
                0x0800a2d8       0xd4 c:/arm/gcc-arm-10.3-2021.10/bin/../lib/gcc/arm-none-eabi/10.3.1/../../../../arm-none-eabi/lib/thumb/v7e-m/nofp\libg.a(lib_a-wsetup.o)
                0x0800a2d8                __swsetup_r
 .text.__sflush_r
                0x0800a3ac      0x120 c:/arm/gcc-arm-10.3-2021.10/bin/../lib/gcc/arm-none-eabi/10.3.1/../../../../arm-none-eabi/lib/thumb/v7e-m/nofp\libg.a(lib_a-fflush.o)
                0x0800a3ac                __sflush_r
 .text._fflush_r
                0x0800a4cc       0x5c c:/arm/gcc-arm-10.3-2021.10/bin/../lib/gcc/arm-none-eabi/10.3.1/../../../../arm-none-eabi/lib/thumb/v7e-m/nofp\libg.a(lib_a-fflush.o)
                0x0800a4cc                _fflush_r
 .text._cleanup_r
                0x0800a528        0xc c:/arm/gcc-arm-10.3-2021.10/bin/../lib/gcc/arm-none-eabi/10.3.1/../../../../arm-none-eabi/lib/thumb/v7e-m/nofp\libg.a(lib_a-findfp.o)
                0x0800a528                _cleanup_r
 .text.__sinit  0x0800a534      0x10c c:/arm/gcc-arm-10.3-2021.10/bin/../lib/gcc/arm-none-eabi/10.3.1/../../../../arm-none-eabi/lib/thumb/v7e-m/nofp\libg.a(lib_a-findfp.o)
                0x0800a534                __sinit
 .text.__sfp_lock_acquire
                0x0800a640        0xc c:/arm/gcc-arm-10.3-2021.10/bin/../lib/gcc/arm-none-eabi/10.3.1/../../../../arm-none-eabi/lib/thumb/v7e-m/nofp\libg.a(lib_a-findfp.o)
                0x0800a640                __sfp_lock_acquire
 .text.__sfp_lock_release
                0x0800a64c        0xc c:/arm/gcc-arm-10.3-2021.10/bin/../lib/gcc/arm-none-eabi/10.3.1/../../../../arm-none-eabi/lib/thumb/v7e-m/nofp\libg.a(lib_a-findfp.o)
                0x0800a64c                __sfp_lock_release
 .text.__fputwc
                0x0800a658       0xa8 c:/arm/gcc-arm-10.3-2021.10/bin/../lib/gcc/arm-none-eabi/10.3.1/../../../../arm-none-eabi/lib/thumb/v7e-m/nofp\libg.a(lib_a-fputwc.o)
                0x0800a658                __fputwc
 .text._fputwc_r
                0x0800a700       0x68 c:/arm/gcc-arm-10.3-2021.10/bin/../lib/gcc/arm-none-eabi/10.3.1/../../../../arm-none-eabi/lib/thumb/v7e-m/nofp\libg.a(lib_a-fputwc.o)
                0x0800a700                _fputwc_r
 .text.__sfvwrite_r
                0x0800a768      0x2e8 c:/arm/gcc-arm-10.3-2021.10/bin/../lib/gcc/arm-none-eabi/10.3.1/../../../../arm-none-eabi/lib/thumb/v7e-m/nofp\libg.a(lib_a-fvwrite.o)
                0x0800a768                __sfvwrite_r
 .text._fwalk_reent
                0x0800aa50       0x48 c:/arm/gcc-arm-10.3-2021.10/bin/../lib/gcc/arm-none-eabi/10.3.1/../../../../arm-none-eabi/lib/thumb/v7e-m/nofp\libg.a(lib_a-fwalk.o)
                0x0800aa50                _fwalk_reent
 .text.__smakebuf_r
                0x0800aa98       0xe0 c:/arm/gcc-arm-10.3-2021.10/bin/../lib/gcc/arm-none-eabi/10.3.1/../../../../arm-none-eabi/lib/thumb/v7e-m/nofp\libg.a(lib_a-makebuf.o)
                0x0800aa98                __smakebuf_r
 .text.__sread  0x0800ab78       0x24 c:/arm/gcc-arm-10.3-2021.10/bin/../lib/gcc/arm-none-eabi/10.3.1/../../../../arm-none-eabi/lib/thumb/v7e-m/nofp\libg.a(lib_a-stdio.o)
                0x0800ab78                __sread
 .text.__swrite
                0x0800ab9c       0x40 c:/arm/gcc-arm-10.3-2021.10/bin/../lib/gcc/arm-none-eabi/10.3.1/../../../../arm-none-eabi/lib/thumb/v7e-m/nofp\libg.a(lib_a-stdio.o)
                0x0800ab9c                __swrite
 .text.__sseek  0x0800abdc       0x20 c:/arm/gcc-arm-10.3-2021.10/bin/../lib/gcc/arm-none-eabi/10.3.1/../../../../arm-none-eabi/lib/thumb/v7e-m/nofp\libg.a(lib_a-stdio.o)
                0x0800abdc                __sseek
 .text.__sclose
                0x0800abfc        0x8 c:/arm/gcc-arm-10.3-2021.10/bin/../lib/gcc/arm-none-eabi/10.3.1/../../../../arm-none-eabi/lib/thumb/v7e-m/nofp\libg.a(lib_a-stdio.o)
                0x0800abfc                __sclose
 .text.__swbuf_r
                0x0800ac04       0xb0 c:/arm/gcc-arm-10.3-2021.10/bin/../lib/gcc/arm-none-eabi/10.3.1/../../../../arm-none-eabi/lib/thumb/v7e-m/nofp\libg.a(lib_a-wbuf.o)
                0x0800ac04                __swbuf_r
 .text._wcrtomb_r
                0x0800acb4       0x3c c:/arm/gcc-arm-10.3-2021.10/bin/../lib/gcc/arm-none-eabi/10.3.1/../../../../arm-none-eabi/lib/thumb/v7e-m/nofp\libg.a(lib_a-wcrtomb.o)
                0x0800acb4                _wcrtomb_r
 .text._write_r
                0x0800acf0       0x2c c:/arm/gcc-arm-10.3-2021.10/bin/../lib/gcc/arm-none-eabi/10.3.1/../../../../arm-none-eabi/lib/thumb/v7e-m/nofp\libg.a(lib_a-writer.o)
                0x0800acf0                _write_r
 .text._close_r
                0x0800ad1c       0x24 c:/arm/gcc-arm-10.3-2021.10/bin/../lib/gcc/arm-none-eabi/10.3.1/../../../../arm-none-eabi/lib/thumb/v7e-m/nofp\libg.a(lib_a-closer.o)
                0x0800ad1c                _close_r
 .text._fclose_r
                0x0800ad40       0xcc c:/arm/gcc-arm-10.3-2021.10/bin/../lib/gcc/arm-none-eabi/10.3.1/../../../../arm-none-eabi/lib/thumb/v7e-m/nofp\libg.a(lib_a-fclose.o)
                0x0800ad40                _fclose_r
 .text._fstat_r
                0x0800ae0c       0x2c c:/arm/gcc-arm-10.3-2021.10/bin/../lib/gcc/arm-none-eabi/10.3.1/../../../../arm-none-eabi/lib/thumb/v7e-m/nofp\libg.a(lib_a-fstatr.o)
                0x0800ae0c                _fstat_r
 .text._isatty_r
                0x0800ae38       0x24 c:/arm/gcc-arm-10.3-2021.10/bin/../lib/gcc/arm-none-eabi/10.3.1/../../../../arm-none-eabi/lib/thumb/v7e-m/nofp\libg.a(lib_a-isattyr.o)
                0x0800ae38                _isatty_r
 .text._lseek_r
                0x0800ae5c       0x2c c:/arm/gcc-arm-10.3-2021.10/bin/../lib/gcc/arm-none-eabi/10.3.1/../../../../arm-none-eabi/lib/thumb/v7e-m/nofp\libg.a(lib_a-lseekr.o)
                0x0800ae5c                _lseek_r
 .text._read_r  0x0800ae88       0x2c c:/arm/gcc-arm-10.3-2021.10/bin/../lib/gcc/arm-none-eabi/10.3.1/../../../../arm-none-eabi/lib/thumb/v7e-m/nofp\libg.a(lib_a-readr.o)
                0x0800ae88                _read_r
 *(.glue_7)
 .glue_7        0x0800aeb4        0x0 linker stubs
 *(.glue_7t)
 .glue_7t       0x0800aeb4        0x0 linker stubs
 *(.eh_frame)
 .eh_frame      0x0800aeb4        0x0 c:/arm/gcc-arm-10.3-2021.10/bin/../lib/gcc/arm-none-eabi/10.3.1/thumb/v7e-m/nofp/crtbegin.o
 *(.init)
 .init          0x0800aeb4        0x4 c:/arm/gcc-arm-10.3-2021.10/bin/../lib/gcc/arm-none-eabi/10.3.1/thumb/v7e-m/nofp/crti.o
                0x0800aeb4                _init
 .init          0x0800aeb8        0x8 c:/arm/gcc-arm-10.3-2021.10/bin/../lib/gcc/arm-none-eabi/10.3.1/thumb/v7e-m/nofp/crtn.o
 *(.fini)
 .fini          0x0800aec0        0x4 c:/arm/gcc-arm-10.3-2021.10/bin/../lib/gcc/arm-none-eabi/10.3.1/thumb/v7e-m/nofp/crti.o
                0x0800aec0                _fini
 .fini          0x0800aec4        0x8 c:/arm/gcc-arm-10.3-2021.10/bin/../lib/gcc/arm-none-eabi/10.3.1/thumb/v7e-m/nofp/crtn.o
                0x0800aecc                . = ALIGN (0x4)
                0x0800aecc                _etext = .

.vfp11_veneer   0x0800aecc        0x0
 .vfp11_veneer  0x0800aecc        0x0 linker stubs

.v4_bx          0x0800aecc        0x0
 .v4_bx         0x0800aecc        0x0 linker stubs

.iplt           0x0800aecc        0x0
 .iplt          0x0800aecc        0x0 c:/arm/gcc-arm-10.3-2021.10/bin/../lib/gcc/arm-none-eabi/10.3.1/thumb/v7e-m/nofp/crtbegin.o

.rodata         0x0800aed0     0x17f8
                0x0800aed0                . = ALIGN (0x4)
 *(.rodata)
 *(.rodata*)
 .rodata._Z5main_v.str1.4
                0x0800aed0       0x7b CMakeFiles/STM32F411CEUXCppTemplate.elf.dir/_Application/basic.cpp.obj
 *fill*         0x0800af4b        0x1 
 .rodata._ZL4H8W6
                0x0800af4c      0x299 CMakeFiles/STM32F411CEUXCppTemplate.elf.dir/_Application/basic.cpp.obj
 *fill*         0x0800b1e5        0x3 
 .rodata._ZL5H16W8
                0x0800b1e8      0x6ae CMakeFiles/STM32F411CEUXCppTemplate.elf.dir/_Application/basic.cpp.obj
 *fill*         0x0800b896        0x2 
 .rodata._ZL6H16W10
                0x0800b898      0x82a CMakeFiles/STM32F411CEUXCppTemplate.elf.dir/_Application/basic.cpp.obj
 *fill*         0x0800c0c2        0x2 
 .rodata.HAL_NVIC_SetPriorityGrouping.str1.4
                0x0800c0c4       0x53 CMakeFiles/STM32F411CEUXCppTemplate.elf.dir/_Drivers/STM32F4xx_HAL_Driver/Src/stm32f4xx_hal_cortex.c.obj
 *fill*         0x0800c117        0x1 
 .rodata.HAL_GPIO_Init.str1.4
                0x0800c118       0x51 CMakeFiles/STM32F411CEUXCppTemplate.elf.dir/_Drivers/STM32F4xx_HAL_Driver/Src/stm32f4xx_hal_gpio.c.obj
 *fill*         0x0800c169        0x3 
 .rodata.HAL_I2C_Init.str1.4
                0x0800c16c       0x50 CMakeFiles/STM32F411CEUXCppTemplate.elf.dir/_Drivers/STM32F4xx_HAL_Driver/Src/stm32f4xx_hal_i2c.c.obj
 .rodata.HAL_RCC_OscConfig.str1.4
                0x0800c1bc       0x50 CMakeFiles/STM32F411CEUXCppTemplate.elf.dir/_Drivers/STM32F4xx_HAL_Driver/Src/stm32f4xx_hal_rcc.c.obj
 .rodata.TIM_OC1_SetConfig.str1.4
                0x0800c20c       0x50 CMakeFiles/STM32F411CEUXCppTemplate.elf.dir/_Drivers/STM32F4xx_HAL_Driver/Src/stm32f4xx_hal_tim.c.obj
 .rodata.UART_SetConfig.str1.4
                0x0800c25c       0x51 CMakeFiles/STM32F411CEUXCppTemplate.elf.dir/_Drivers/STM32F4xx_HAL_Driver/Src/stm32f4xx_hal_uart.c.obj
 *fill*         0x0800c2ad        0x3 
 .rodata.AHBPrescTable
                0x0800c2b0       0x10 CMakeFiles/STM32F411CEUXCppTemplate.elf.dir/_System/system_stm32f4xx.c.obj
                0x0800c2b0                AHBPrescTable
 .rodata.APBPrescTable
                0x0800c2c0        0x8 CMakeFiles/STM32F411CEUXCppTemplate.elf.dir/_System/system_stm32f4xx.c.obj
                0x0800c2c0                APBPrescTable
 .rodata._global_impure_ptr
                0x0800c2c8        0x4 c:/arm/gcc-arm-10.3-2021.10/bin/../lib/gcc/arm-none-eabi/10.3.1/../../../../arm-none-eabi/lib/thumb/v7e-m/nofp\libg.a(lib_a-impure.o)
                0x0800c2c8                _global_impure_ptr
 .rodata._svfprintf_r.str1.4
                0x0800c2cc       0x42 c:/arm/gcc-arm-10.3-2021.10/bin/../lib/gcc/arm-none-eabi/10.3.1/../../../../arm-none-eabi/lib/thumb/v7e-m/nofp\libg.a(lib_a-svfprintf.o)
 *fill*         0x0800c30e        0x2 
 .rodata.blanks.1
                0x0800c310       0x10 c:/arm/gcc-arm-10.3-2021.10/bin/../lib/gcc/arm-none-eabi/10.3.1/../../../../arm-none-eabi/lib/thumb/v7e-m/nofp\libg.a(lib_a-svfprintf.o)
 .rodata.zeroes.0
                0x0800c320       0x10 c:/arm/gcc-arm-10.3-2021.10/bin/../lib/gcc/arm-none-eabi/10.3.1/../../../../arm-none-eabi/lib/thumb/v7e-m/nofp\libg.a(lib_a-svfprintf.o)
 .rodata._dtoa_r.str1.4
                0x0800c330       0xa2 c:/arm/gcc-arm-10.3-2021.10/bin/../lib/gcc/arm-none-eabi/10.3.1/../../../../arm-none-eabi/lib/thumb/v7e-m/nofp\libg.a(lib_a-dtoa.o)
                                 0xa6 (size before relaxing)
 *fill*         0x0800c3d2        0x2 
 .rodata.__multadd.str1.4
                0x0800c3d4       0x7f c:/arm/gcc-arm-10.3-2021.10/bin/../lib/gcc/arm-none-eabi/10.3.1/../../../../arm-none-eabi/lib/thumb/v7e-m/nofp\libg.a(lib_a-mprec.o)
                                 0x93 (size before relaxing)
 *fill*         0x0800c453        0x5 
 .rodata.__mprec_bigtens
                0x0800c458       0x28 c:/arm/gcc-arm-10.3-2021.10/bin/../lib/gcc/arm-none-eabi/10.3.1/../../../../arm-none-eabi/lib/thumb/v7e-m/nofp\libg.a(lib_a-mprec.o)
                0x0800c458                __mprec_bigtens
 .rodata.__mprec_tens
                0x0800c480       0xc8 c:/arm/gcc-arm-10.3-2021.10/bin/../lib/gcc/arm-none-eabi/10.3.1/../../../../arm-none-eabi/lib/thumb/v7e-m/nofp\libg.a(lib_a-mprec.o)
                0x0800c480                __mprec_tens
 .rodata.p05.0  0x0800c548        0xc c:/arm/gcc-arm-10.3-2021.10/bin/../lib/gcc/arm-none-eabi/10.3.1/../../../../arm-none-eabi/lib/thumb/v7e-m/nofp\libg.a(lib_a-mprec.o)
 .rodata.__assert_func.str1.4
                0x0800c554       0x3f c:/arm/gcc-arm-10.3-2021.10/bin/../lib/gcc/arm-none-eabi/10.3.1/../../../../arm-none-eabi/lib/thumb/v7e-m/nofp\libg.a(lib_a-assert.o)
                                 0x43 (size before relaxing)
 *fill*         0x0800c593        0x1 
 .rodata._setlocale_r.str1.4
                0x0800c594        0xa c:/arm/gcc-arm-10.3-2021.10/bin/../lib/gcc/arm-none-eabi/10.3.1/../../../../arm-none-eabi/lib/thumb/v7e-m/nofp\libg.a(lib_a-locale.o)
                                  0xd (size before relaxing)
 *fill*         0x0800c59e        0x2 
 .rodata.str1.4
                0x0800c5a0        0x2 c:/arm/gcc-arm-10.3-2021.10/bin/../lib/gcc/arm-none-eabi/10.3.1/../../../../arm-none-eabi/lib/thumb/v7e-m/nofp\libg.a(lib_a-locale.o)
 .rodata._vfiprintf_r.str1.4
                0x0800c5a2       0x2f c:/arm/gcc-arm-10.3-2021.10/bin/../lib/gcc/arm-none-eabi/10.3.1/../../../../arm-none-eabi/lib/thumb/v7e-m/nofp\libg.a(lib_a-vfiprintf.o)
 *fill*         0x0800c5a2        0x2 
 .rodata.blanks.1
                0x0800c5a4       0x10 c:/arm/gcc-arm-10.3-2021.10/bin/../lib/gcc/arm-none-eabi/10.3.1/../../../../arm-none-eabi/lib/thumb/v7e-m/nofp\libg.a(lib_a-vfiprintf.o)
 .rodata.zeroes.0
                0x0800c5b4       0x10 c:/arm/gcc-arm-10.3-2021.10/bin/../lib/gcc/arm-none-eabi/10.3.1/../../../../arm-none-eabi/lib/thumb/v7e-m/nofp\libg.a(lib_a-vfiprintf.o)
 .rodata._ctype_
                0x0800c5c4      0x101 c:/arm/gcc-arm-10.3-2021.10/bin/../lib/gcc/arm-none-eabi/10.3.1/../../../../arm-none-eabi/lib/thumb/v7e-m/nofp\libg.a(lib_a-ctype_.o)
                0x0800c5c4                _ctype_
                0x0800c6c8                . = ALIGN (0x4)
 *fill*         0x0800c6c5        0x3 

.ARM.extab      0x0800c6c8       0x24
                0x0800c6c8                . = ALIGN (0x4)
 *(.ARM.extab* .gnu.linkonce.armextab.*)
 .ARM.extab.text._ZN5HUART14SeedByteStringEPKc
                0x0800c6c8        0x0 CMakeFiles/STM32F411CEUXCppTemplate.elf.dir/_Application/basic.cpp.obj
 .ARM.extab.text._ZN4GPIO4InitEv
                0x0800c6c8        0x0 CMakeFiles/STM32F411CEUXCppTemplate.elf.dir/_Application/basic.cpp.obj
 .ARM.extab.text._ZN8OLED13064InitEv
                0x0800c6c8        0x0 CMakeFiles/STM32F411CEUXCppTemplate.elf.dir/_Application/basic.cpp.obj
 .ARM.extab.text._ZN8OLED130610DrawStringEhh5fontsPKc
                0x0800c6c8        0x0 CMakeFiles/STM32F411CEUXCppTemplate.elf.dir/_Application/basic.cpp.obj
 .ARM.extab.text.main
                0x0800c6c8        0xc CMakeFiles/STM32F411CEUXCppTemplate.elf.dir/_Application/main.cpp.obj
 .ARM.extab     0x0800c6d4       0x18 c:/arm/gcc-arm-10.3-2021.10/bin/../lib/gcc/arm-none-eabi/10.3.1/thumb/v7e-m/nofp\libgcc.a(pr-support.o)
                0x0800c6ec                . = ALIGN (0x4)

.ARM            0x0800c6ec      0x128
                0x0800c6ec                . = ALIGN (0x4)
                0x0800c6ec                __exidx_start = .
 *(.ARM.exidx*)
 .ARM.exidx.text._ZN5HUART14SeedByteStringEPKc
                0x0800c7a4        0x8 CMakeFiles/STM32F411CEUXCppTemplate.elf.dir/_Application/basic.cpp.obj
 .ARM.exidx.text._ZN4GPIO4InitEv
                0x0800c7ac        0x8 CMakeFiles/STM32F411CEUXCppTemplate.elf.dir/_Application/basic.cpp.obj
 .ARM.exidx.text._ZN8OLED13064InitEv
                0x0800c7b4        0x8 CMakeFiles/STM32F411CEUXCppTemplate.elf.dir/_Application/basic.cpp.obj
 .ARM.exidx.text._ZN8OLED130610DrawStringEhh5fontsPKc
                0x0800c7bc        0x8 CMakeFiles/STM32F411CEUXCppTemplate.elf.dir/_Application/basic.cpp.obj
 .ARM.exidx.text._ZN6HTIM104InitEv
                0x0800c7c4        0x8 CMakeFiles/STM32F411CEUXCppTemplate.elf.dir/_Application/basic.cpp.obj
 .ARM.exidx.text._ZN5HI2C12IOEv
                0x0800c7cc        0x8 CMakeFiles/STM32F411CEUXCppTemplate.elf.dir/_Application/basic.cpp.obj
 .ARM.exidx.text._ZN5HI2C14InitEv
                0x0800c7d4        0x8 CMakeFiles/STM32F411CEUXCppTemplate.elf.dir/_Application/basic.cpp.obj
 .ARM.exidx.text._ZN6HUART12IOEv
                0x0800c7dc        0x8 CMakeFiles/STM32F411CEUXCppTemplate.elf.dir/_Application/basic.cpp.obj
 .ARM.exidx.text._ZN6HUART14InitEv
                0x0800c7e4        0x8 CMakeFiles/STM32F411CEUXCppTemplate.elf.dir/_Application/basic.cpp.obj
 .ARM.exidx.text._Z5main_v
                0x0800c7ec        0x8 CMakeFiles/STM32F411CEUXCppTemplate.elf.dir/_Application/basic.cpp.obj
 .ARM.exidx.text.Error_Handler
                0x0800c7f4        0x8 CMakeFiles/STM32F411CEUXCppTemplate.elf.dir/_Application/main.cpp.obj
 .ARM.exidx.text.assert_failed
                0x0800c7fc        0x0 CMakeFiles/STM32F411CEUXCppTemplate.elf.dir/_Application/main.cpp.obj
                                  0x8 (size before relaxing)
 .ARM.exidx.text._Z18SystemClock_Configv
                0x0800c7fc        0x8 CMakeFiles/STM32F411CEUXCppTemplate.elf.dir/_Application/main.cpp.obj
 .ARM.exidx.text.main
                0x0800c804       0x10 CMakeFiles/STM32F411CEUXCppTemplate.elf.dir/_Application/main.cpp.obj
                                  0x8 (size before relaxing)
 .ARM.exidx     0x0800c6ec        0x8 c:/arm/gcc-arm-10.3-2021.10/bin/../lib/gcc/arm-none-eabi/10.3.1/thumb/v7e-m/nofp\libgcc.a(_udivmoddi4.o)
 .ARM.exidx     0x0800c6f4       0x78 c:/arm/gcc-arm-10.3-2021.10/bin/../lib/gcc/arm-none-eabi/10.3.1/thumb/v7e-m/nofp\libgcc.a(unwind-arm.o)
                                 0xd8 (size before relaxing)
 .ARM.exidx     0x0800c76c       0x38 c:/arm/gcc-arm-10.3-2021.10/bin/../lib/gcc/arm-none-eabi/10.3.1/thumb/v7e-m/nofp\libgcc.a(pr-support.o)
                0x0800c814                __exidx_end = .
                0x0800c814                . = ALIGN (0x4)

.rel.dyn        0x0800c814        0x0
 .rel.iplt      0x0800c814        0x0 c:/arm/gcc-arm-10.3-2021.10/bin/../lib/gcc/arm-none-eabi/10.3.1/thumb/v7e-m/nofp/crtbegin.o

.preinit_array  0x0800c814        0x0
                0x0800c814                . = ALIGN (0x4)
                0x0800c814                PROVIDE (__preinit_array_start = .)
 *(.preinit_array*)
                0x0800c814                PROVIDE (__preinit_array_end = .)
                0x0800c814                . = ALIGN (0x4)

.init_array     0x0800c814        0x8
                0x0800c814                . = ALIGN (0x4)
                0x0800c814                PROVIDE (__init_array_start = .)
 *(SORT_BY_NAME(.init_array.*))
 .init_array.00000
                0x0800c814        0x4 c:/arm/gcc-arm-10.3-2021.10/bin/../lib/gcc/arm-none-eabi/10.3.1/../../../../arm-none-eabi/lib/thumb/v7e-m/nofp\libg.a(lib_a-__call_atexit.o)
 *(.init_array*)
 .init_array    0x0800c818        0x4 c:/arm/gcc-arm-10.3-2021.10/bin/../lib/gcc/arm-none-eabi/10.3.1/thumb/v7e-m/nofp/crtbegin.o
                0x0800c81c                PROVIDE (__init_array_end = .)
                0x0800c81c                . = ALIGN (0x4)

.fini_array     0x0800c81c        0x4
                0x0800c81c                . = ALIGN (0x4)
                0x0800c81c                PROVIDE (__fini_array_start = .)
 *(SORT_BY_NAME(.fini_array.*))
 *(.fini_array*)
 .fini_array    0x0800c81c        0x4 c:/arm/gcc-arm-10.3-2021.10/bin/../lib/gcc/arm-none-eabi/10.3.1/thumb/v7e-m/nofp/crtbegin.o
                0x0800c820                PROVIDE (__fini_array_end = .)
                0x0800c820                . = ALIGN (0x4)
                0x0800c820                _sidata = LOADADDR (.data)

.data           0x20000000      0x9b8 load address 0x0800c820
                0x20000000                . = ALIGN (0x4)
                0x20000000                _sdata = .
 *(.data)
 *(.data*)
 .data.uwTickFreq
                0x20000000        0x1 CMakeFiles/STM32F411CEUXCppTemplate.elf.dir/_Drivers/STM32F4xx_HAL_Driver/Src/stm32f4xx_hal.c.obj
                0x20000000                uwTickFreq
 *fill*         0x20000001        0x3 
 .data.uwTickPrio
                0x20000004        0x4 CMakeFiles/STM32F411CEUXCppTemplate.elf.dir/_Drivers/STM32F4xx_HAL_Driver/Src/stm32f4xx_hal.c.obj
                0x20000004                uwTickPrio
 .data.SystemCoreClock
                0x20000008        0x4 CMakeFiles/STM32F411CEUXCppTemplate.elf.dir/_System/system_stm32f4xx.c.obj
                0x20000008                SystemCoreClock
 .data._impure_ptr
                0x2000000c        0x4 c:/arm/gcc-arm-10.3-2021.10/bin/../lib/gcc/arm-none-eabi/10.3.1/../../../../arm-none-eabi/lib/thumb/v7e-m/nofp\libg.a(lib_a-impure.o)
                0x2000000c                _impure_ptr
 .data.impure_data
                0x20000010      0x428 c:/arm/gcc-arm-10.3-2021.10/bin/../lib/gcc/arm-none-eabi/10.3.1/../../../../arm-none-eabi/lib/thumb/v7e-m/nofp\libg.a(lib_a-impure.o)
 .data.__atexit_recursive_mutex
                0x20000438        0x4 c:/arm/gcc-arm-10.3-2021.10/bin/../lib/gcc/arm-none-eabi/10.3.1/../../../../arm-none-eabi/lib/thumb/v7e-m/nofp\libg.a(lib_a-__call_atexit.o)
                0x20000438                __atexit_recursive_mutex
 .data.__malloc_av_
                0x2000043c      0x408 c:/arm/gcc-arm-10.3-2021.10/bin/../lib/gcc/arm-none-eabi/10.3.1/../../../../arm-none-eabi/lib/thumb/v7e-m/nofp\libg.a(lib_a-mallocr.o)
                0x2000043c                __malloc_av_
 .data.__malloc_sbrk_base
                0x20000844        0x4 c:/arm/gcc-arm-10.3-2021.10/bin/../lib/gcc/arm-none-eabi/10.3.1/../../../../arm-none-eabi/lib/thumb/v7e-m/nofp\libg.a(lib_a-mallocr.o)
                0x20000844                __malloc_sbrk_base
 .data.__malloc_trim_threshold
                0x20000848        0x4 c:/arm/gcc-arm-10.3-2021.10/bin/../lib/gcc/arm-none-eabi/10.3.1/../../../../arm-none-eabi/lib/thumb/v7e-m/nofp\libg.a(lib_a-mallocr.o)
                0x20000848                __malloc_trim_threshold
 .data.__global_locale
                0x2000084c      0x16c c:/arm/gcc-arm-10.3-2021.10/bin/../lib/gcc/arm-none-eabi/10.3.1/../../../../arm-none-eabi/lib/thumb/v7e-m/nofp\libg.a(lib_a-locale.o)
                0x2000084c                __global_locale
 *(.RamFunc)
 *(.RamFunc*)
                0x200009b8                . = ALIGN (0x4)
                0x200009b8                _edata = .

.igot.plt       0x200009b8        0x0 load address 0x0800d1d8
 .igot.plt      0x200009b8        0x0 c:/arm/gcc-arm-10.3-2021.10/bin/../lib/gcc/arm-none-eabi/10.3.1/thumb/v7e-m/nofp/crtbegin.o
                0x200009b8                . = ALIGN (0x4)

.bss            0x200009b8      0x14c load address 0x0800d1d8
                0x200009b8                _sbss = .
                0x200009b8                __bss_start__ = _sbss
 *(.bss)
 .bss           0x200009b8       0x1c c:/arm/gcc-arm-10.3-2021.10/bin/../lib/gcc/arm-none-eabi/10.3.1/thumb/v7e-m/nofp/crtbegin.o
 *(.bss*)
 .bss._ZN5HI2C110I2C1HandleE
                0x200009d4       0x54 CMakeFiles/STM32F411CEUXCppTemplate.elf.dir/_Application/basic.cpp.obj
                0x200009d4                HI2C1::I2C1Handle
 .bss._ZN6HTIM1011TIM10HandleE
                0x20000a28       0x48 CMakeFiles/STM32F411CEUXCppTemplate.elf.dir/_Application/basic.cpp.obj
                0x20000a28                HTIM10::TIM10Handle
 .bss._ZN6HUART111UART1HandleE
                0x20000a70       0x44 CMakeFiles/STM32F411CEUXCppTemplate.elf.dir/_Application/basic.cpp.obj
                0x20000a70                HUART1::UART1Handle
 .bss.uwTick    0x20000ab4        0x4 CMakeFiles/STM32F411CEUXCppTemplate.elf.dir/_Drivers/STM32F4xx_HAL_Driver/Src/stm32f4xx_hal.c.obj
                0x20000ab4                uwTick
 .bss.heap_end.0
                0x20000ab8        0x4 CMakeFiles/STM32F411CEUXCppTemplate.elf.dir/_System/syscalls.c.obj
 .bss.__lock___atexit_recursive_mutex
                0x20000abc        0x1 c:/arm/gcc-arm-10.3-2021.10/bin/../lib/gcc/arm-none-eabi/10.3.1/../../../../arm-none-eabi/lib/thumb/v7e-m/nofp\libg.a(lib_a-lock.o)
                0x20000abc                __lock___atexit_recursive_mutex
 *fill*         0x20000abd        0x3 
 .bss.__lock___malloc_recursive_mutex
                0x20000ac0        0x1 c:/arm/gcc-arm-10.3-2021.10/bin/../lib/gcc/arm-none-eabi/10.3.1/../../../../arm-none-eabi/lib/thumb/v7e-m/nofp\libg.a(lib_a-lock.o)
                0x20000ac0                __lock___malloc_recursive_mutex
 *fill*         0x20000ac1        0x3 
 .bss.__lock___sfp_recursive_mutex
                0x20000ac4        0x1 c:/arm/gcc-arm-10.3-2021.10/bin/../lib/gcc/arm-none-eabi/10.3.1/../../../../arm-none-eabi/lib/thumb/v7e-m/nofp\libg.a(lib_a-lock.o)
                0x20000ac4                __lock___sfp_recursive_mutex
 *fill*         0x20000ac5        0x3 
 .bss.__lock___sinit_recursive_mutex
                0x20000ac8        0x1 c:/arm/gcc-arm-10.3-2021.10/bin/../lib/gcc/arm-none-eabi/10.3.1/../../../../arm-none-eabi/lib/thumb/v7e-m/nofp\libg.a(lib_a-lock.o)
                0x20000ac8                __lock___sinit_recursive_mutex
 *fill*         0x20000ac9        0x3 
 .bss.__malloc_current_mallinfo
                0x20000acc       0x28 c:/arm/gcc-arm-10.3-2021.10/bin/../lib/gcc/arm-none-eabi/10.3.1/../../../../arm-none-eabi/lib/thumb/v7e-m/nofp\libg.a(lib_a-mallocr.o)
                0x20000acc                __malloc_current_mallinfo
 .bss.__malloc_max_sbrked_mem
                0x20000af4        0x4 c:/arm/gcc-arm-10.3-2021.10/bin/../lib/gcc/arm-none-eabi/10.3.1/../../../../arm-none-eabi/lib/thumb/v7e-m/nofp\libg.a(lib_a-mallocr.o)
                0x20000af4                __malloc_max_sbrked_mem
 .bss.__malloc_max_total_mem
                0x20000af8        0x4 c:/arm/gcc-arm-10.3-2021.10/bin/../lib/gcc/arm-none-eabi/10.3.1/../../../../arm-none-eabi/lib/thumb/v7e-m/nofp\libg.a(lib_a-mallocr.o)
                0x20000af8                __malloc_max_total_mem
 .bss.__malloc_top_pad
                0x20000afc        0x4 c:/arm/gcc-arm-10.3-2021.10/bin/../lib/gcc/arm-none-eabi/10.3.1/../../../../arm-none-eabi/lib/thumb/v7e-m/nofp\libg.a(lib_a-mallocr.o)
                0x20000afc                __malloc_top_pad
 .bss.errno     0x20000b00        0x4 c:/arm/gcc-arm-10.3-2021.10/bin/../lib/gcc/arm-none-eabi/10.3.1/../../../../arm-none-eabi/lib/thumb/v7e-m/nofp\libg.a(lib_a-reent.o)
                0x20000b00                errno
 *(COMMON)
                0x20000b04                . = ALIGN (0x4)
                0x20000b04                _ebss = .
                0x20000b04                __bss_end__ = _ebss

._user_heap_stack
                0x20000b04     0x2004 load address 0x0800d1d8
                0x20000b08                . = ALIGN (0x8)
 *fill*         0x20000b04        0x4 
                0x20000b08                PROVIDE (end = .)
                [!provide]                PROVIDE (_end = .)
                0x20001b08                . = (. + _Min_Heap_Size)
 *fill*         0x20000b08     0x1000 
                0x20002b08                . = (. + _Min_Stack_Size)
 *fill*         0x20001b08     0x1000 
                0x20002b08                . = ALIGN (0x8)

/DISCARD/
 libc.a(*)
 libm.a(*)
 libgcc.a(*)

.ARM.attributes
                0x00000000       0x2a
 *(.ARM.attributes)
 .ARM.attributes
                0x00000000       0x1e c:/arm/gcc-arm-10.3-2021.10/bin/../lib/gcc/arm-none-eabi/10.3.1/thumb/v7e-m/nofp/crti.o
 .ARM.attributes
                0x0000001e       0x2e c:/arm/gcc-arm-10.3-2021.10/bin/../lib/gcc/arm-none-eabi/10.3.1/thumb/v7e-m/nofp/crtbegin.o
 .ARM.attributes
                0x0000004c       0x2e CMakeFiles/STM32F411CEUXCppTemplate.elf.dir/_Application/basic.cpp.obj
 .ARM.attributes
                0x0000007a       0x2e CMakeFiles/STM32F411CEUXCppTemplate.elf.dir/_Application/main.cpp.obj
 .ARM.attributes
                0x000000a8       0x2e CMakeFiles/STM32F411CEUXCppTemplate.elf.dir/_Application/stm32f4xx_hal_msp.c.obj
 .ARM.attributes
                0x000000d6       0x2e CMakeFiles/STM32F411CEUXCppTemplate.elf.dir/_Drivers/STM32F4xx_HAL_Driver/Src/stm32f4xx_hal.c.obj
 .ARM.attributes
                0x00000104       0x2e CMakeFiles/STM32F411CEUXCppTemplate.elf.dir/_Drivers/STM32F4xx_HAL_Driver/Src/stm32f4xx_hal_cortex.c.obj
 .ARM.attributes
                0x00000132       0x2e CMakeFiles/STM32F411CEUXCppTemplate.elf.dir/_Drivers/STM32F4xx_HAL_Driver/Src/stm32f4xx_hal_gpio.c.obj
 .ARM.attributes
                0x00000160       0x2e CMakeFiles/STM32F411CEUXCppTemplate.elf.dir/_Drivers/STM32F4xx_HAL_Driver/Src/stm32f4xx_hal_i2c.c.obj
 .ARM.attributes
                0x0000018e       0x2e CMakeFiles/STM32F411CEUXCppTemplate.elf.dir/_Drivers/STM32F4xx_HAL_Driver/Src/stm32f4xx_hal_rcc.c.obj
 .ARM.attributes
                0x000001bc       0x2e CMakeFiles/STM32F411CEUXCppTemplate.elf.dir/_Drivers/STM32F4xx_HAL_Driver/Src/stm32f4xx_hal_tim.c.obj
 .ARM.attributes
                0x000001ea       0x2e CMakeFiles/STM32F411CEUXCppTemplate.elf.dir/_Drivers/STM32F4xx_HAL_Driver/Src/stm32f4xx_hal_uart.c.obj
 .ARM.attributes
                0x00000218       0x21 CMakeFiles/STM32F411CEUXCppTemplate.elf.dir/_System/startup_stm32f411xe.s.obj
 .ARM.attributes
                0x00000239       0x2e CMakeFiles/STM32F411CEUXCppTemplate.elf.dir/_System/stm32f4xx_it.c.obj
 .ARM.attributes
                0x00000267       0x2e CMakeFiles/STM32F411CEUXCppTemplate.elf.dir/_System/syscalls.c.obj
 .ARM.attributes
                0x00000295       0x2e CMakeFiles/STM32F411CEUXCppTemplate.elf.dir/_System/system_stm32f4xx.c.obj
 .ARM.attributes
                0x000002c3       0x1e c:/arm/gcc-arm-10.3-2021.10/bin/../lib/gcc/arm-none-eabi/10.3.1/thumb/v7e-m/nofp\libgcc.a(_aeabi_uldivmod.o)
 .ARM.attributes
                0x000002e1       0x2e c:/arm/gcc-arm-10.3-2021.10/bin/../lib/gcc/arm-none-eabi/10.3.1/thumb/v7e-m/nofp\libgcc.a(_udivmoddi4.o)
 .ARM.attributes
                0x0000030f       0x2e c:/arm/gcc-arm-10.3-2021.10/bin/../lib/gcc/arm-none-eabi/10.3.1/thumb/v7e-m/nofp\libgcc.a(unwind-arm.o)
 .ARM.attributes
                0x0000033d       0x1e c:/arm/gcc-arm-10.3-2021.10/bin/../lib/gcc/arm-none-eabi/10.3.1/thumb/v7e-m/nofp\libgcc.a(libunwind.o)
 .ARM.attributes
                0x0000035b       0x2e c:/arm/gcc-arm-10.3-2021.10/bin/../lib/gcc/arm-none-eabi/10.3.1/thumb/v7e-m/nofp\libgcc.a(pr-support.o)
 .ARM.attributes
                0x00000389       0x1e c:/arm/gcc-arm-10.3-2021.10/bin/../lib/gcc/arm-none-eabi/10.3.1/thumb/v7e-m/nofp\libgcc.a(_dvmd_tls.o)
 .ARM.attributes
                0x000003a7       0x2e c:/arm/gcc-arm-10.3-2021.10/bin/../lib/gcc/arm-none-eabi/10.3.1/../../../../arm-none-eabi/lib/thumb/v7e-m/nofp\libg.a(lib_a-abort.o)
 .ARM.attributes
                0x000003d5       0x2e c:/arm/gcc-arm-10.3-2021.10/bin/../lib/gcc/arm-none-eabi/10.3.1/../../../../arm-none-eabi/lib/thumb/v7e-m/nofp\libg.a(lib_a-errno.o)
 .ARM.attributes
                0x00000403       0x2e c:/arm/gcc-arm-10.3-2021.10/bin/../lib/gcc/arm-none-eabi/10.3.1/../../../../arm-none-eabi/lib/thumb/v7e-m/nofp\libg.a(lib_a-impure.o)
 .ARM.attributes
                0x00000431       0x2e c:/arm/gcc-arm-10.3-2021.10/bin/../lib/gcc/arm-none-eabi/10.3.1/../../../../arm-none-eabi/lib/thumb/v7e-m/nofp\libg.a(lib_a-init.o)
 .ARM.attributes
                0x0000045f       0x1c c:/arm/gcc-arm-10.3-2021.10/bin/../lib/gcc/arm-none-eabi/10.3.1/../../../../arm-none-eabi/lib/thumb/v7e-m/nofp\libg.a(lib_a-memcpy.o)
 .ARM.attributes
                0x0000047b       0x2e c:/arm/gcc-arm-10.3-2021.10/bin/../lib/gcc/arm-none-eabi/10.3.1/../../../../arm-none-eabi/lib/thumb/v7e-m/nofp\libg.a(lib_a-memset.o)
 .ARM.attributes
                0x000004a9       0x2e c:/arm/gcc-arm-10.3-2021.10/bin/../lib/gcc/arm-none-eabi/10.3.1/../../../../arm-none-eabi/lib/thumb/v7e-m/nofp\libg.a(lib_a-signal.o)
 .ARM.attributes
                0x000004d7       0x2e c:/arm/gcc-arm-10.3-2021.10/bin/../lib/gcc/arm-none-eabi/10.3.1/../../../../arm-none-eabi/lib/thumb/v7e-m/nofp\libg.a(lib_a-signalr.o)
 .ARM.attributes
                0x00000505       0x2e c:/arm/gcc-arm-10.3-2021.10/bin/../lib/gcc/arm-none-eabi/10.3.1/../../../../arm-none-eabi/lib/thumb/v7e-m/nofp\libg.a(lib_a-sprintf.o)
 .ARM.attributes
                0x00000533       0x2e c:/arm/gcc-arm-10.3-2021.10/bin/../lib/gcc/arm-none-eabi/10.3.1/../../../../arm-none-eabi/lib/thumb/v7e-m/nofp\libg.a(lib_a-svfprintf.o)
 .ARM.attributes
                0x00000561       0x2e c:/arm/gcc-arm-10.3-2021.10/bin/../lib/gcc/arm-none-eabi/10.3.1/../../../../arm-none-eabi/lib/thumb/v7e-m/nofp\libg.a(lib_a-__call_atexit.o)
 .ARM.attributes
                0x0000058f       0x2e c:/arm/gcc-arm-10.3-2021.10/bin/../lib/gcc/arm-none-eabi/10.3.1/../../../../arm-none-eabi/lib/thumb/v7e-m/nofp\libg.a(lib_a-atexit.o)
 .ARM.attributes
                0x000005bd       0x2e c:/arm/gcc-arm-10.3-2021.10/bin/../lib/gcc/arm-none-eabi/10.3.1/../../../../arm-none-eabi/lib/thumb/v7e-m/nofp\libg.a(lib_a-dtoa.o)
 .ARM.attributes
                0x000005eb       0x2e c:/arm/gcc-arm-10.3-2021.10/bin/../lib/gcc/arm-none-eabi/10.3.1/../../../../arm-none-eabi/lib/thumb/v7e-m/nofp\libg.a(lib_a-fini.o)
 .ARM.attributes
                0x00000619       0x2e c:/arm/gcc-arm-10.3-2021.10/bin/../lib/gcc/arm-none-eabi/10.3.1/../../../../arm-none-eabi/lib/thumb/v7e-m/nofp\libg.a(lib_a-freer.o)
 .ARM.attributes
                0x00000647       0x2e c:/arm/gcc-arm-10.3-2021.10/bin/../lib/gcc/arm-none-eabi/10.3.1/../../../../arm-none-eabi/lib/thumb/v7e-m/nofp\libg.a(lib_a-localeconv.o)
 .ARM.attributes
                0x00000675       0x2e c:/arm/gcc-arm-10.3-2021.10/bin/../lib/gcc/arm-none-eabi/10.3.1/../../../../arm-none-eabi/lib/thumb/v7e-m/nofp\libg.a(lib_a-lock.o)
 .ARM.attributes
                0x000006a3       0x2e c:/arm/gcc-arm-10.3-2021.10/bin/../lib/gcc/arm-none-eabi/10.3.1/../../../../arm-none-eabi/lib/thumb/v7e-m/nofp\libg.a(lib_a-mallocr.o)
 .ARM.attributes
                0x000006d1       0x1c c:/arm/gcc-arm-10.3-2021.10/bin/../lib/gcc/arm-none-eabi/10.3.1/../../../../arm-none-eabi/lib/thumb/v7e-m/nofp\libg.a(lib_a-memchr.o)
 .ARM.attributes
                0x000006ed       0x2e c:/arm/gcc-arm-10.3-2021.10/bin/../lib/gcc/arm-none-eabi/10.3.1/../../../../arm-none-eabi/lib/thumb/v7e-m/nofp\libg.a(lib_a-mlock.o)
 .ARM.attributes
                0x0000071b       0x2e c:/arm/gcc-arm-10.3-2021.10/bin/../lib/gcc/arm-none-eabi/10.3.1/../../../../arm-none-eabi/lib/thumb/v7e-m/nofp\libg.a(lib_a-mprec.o)
 .ARM.attributes
                0x00000749       0x2e c:/arm/gcc-arm-10.3-2021.10/bin/../lib/gcc/arm-none-eabi/10.3.1/../../../../arm-none-eabi/lib/thumb/v7e-m/nofp\libg.a(lib_a-reent.o)
 .ARM.attributes
                0x00000777       0x2e c:/arm/gcc-arm-10.3-2021.10/bin/../lib/gcc/arm-none-eabi/10.3.1/../../../../arm-none-eabi/lib/thumb/v7e-m/nofp\libg.a(lib_a-s_frexp.o)
 .ARM.attributes
                0x000007a5       0x2e c:/arm/gcc-arm-10.3-2021.10/bin/../lib/gcc/arm-none-eabi/10.3.1/../../../../arm-none-eabi/lib/thumb/v7e-m/nofp\libg.a(lib_a-sbrkr.o)
 .ARM.attributes
                0x000007d3       0x1c c:/arm/gcc-arm-10.3-2021.10/bin/../lib/gcc/arm-none-eabi/10.3.1/../../../../arm-none-eabi/lib/thumb/v7e-m/nofp\libg.a(lib_a-strlen.o)
 .ARM.attributes
                0x000007ef       0x2e c:/arm/gcc-arm-10.3-2021.10/bin/../lib/gcc/arm-none-eabi/10.3.1/../../../../arm-none-eabi/lib/thumb/v7e-m/nofp\libg.a(lib_a-strncpy.o)
 .ARM.attributes
                0x0000081d       0x2e c:/arm/gcc-arm-10.3-2021.10/bin/../lib/gcc/arm-none-eabi/10.3.1/../../../../arm-none-eabi/lib/thumb/v7e-m/nofp\libg.a(lib_a-svfiprintf.o)
 .ARM.attributes
                0x0000084b       0x2e c:/arm/gcc-arm-10.3-2021.10/bin/../lib/gcc/arm-none-eabi/10.3.1/../../../../arm-none-eabi/lib/thumb/v7e-m/nofp\libg.a(lib_a-__atexit.o)
 .ARM.attributes
                0x00000879       0x2e c:/arm/gcc-arm-10.3-2021.10/bin/../lib/gcc/arm-none-eabi/10.3.1/../../../../arm-none-eabi/lib/thumb/v7e-m/nofp\libg.a(lib_a-assert.o)
 .ARM.attributes
                0x000008a7       0x2e c:/arm/gcc-arm-10.3-2021.10/bin/../lib/gcc/arm-none-eabi/10.3.1/../../../../arm-none-eabi/lib/thumb/v7e-m/nofp\libg.a(lib_a-callocr.o)
 .ARM.attributes
                0x000008d5       0x2e c:/arm/gcc-arm-10.3-2021.10/bin/../lib/gcc/arm-none-eabi/10.3.1/../../../../arm-none-eabi/lib/thumb/v7e-m/nofp\libg.a(lib_a-fiprintf.o)
 .ARM.attributes
                0x00000903       0x2e c:/arm/gcc-arm-10.3-2021.10/bin/../lib/gcc/arm-none-eabi/10.3.1/../../../../arm-none-eabi/lib/thumb/v7e-m/nofp\libg.a(lib_a-locale.o)
 .ARM.attributes
                0x00000931       0x2e c:/arm/gcc-arm-10.3-2021.10/bin/../lib/gcc/arm-none-eabi/10.3.1/../../../../arm-none-eabi/lib/thumb/v7e-m/nofp\libg.a(lib_a-mbtowc_r.o)
 .ARM.attributes
                0x0000095f       0x2e c:/arm/gcc-arm-10.3-2021.10/bin/../lib/gcc/arm-none-eabi/10.3.1/../../../../arm-none-eabi/lib/thumb/v7e-m/nofp\libg.a(lib_a-memmove.o)
 .ARM.attributes
                0x0000098d       0x2e c:/arm/gcc-arm-10.3-2021.10/bin/../lib/gcc/arm-none-eabi/10.3.1/../../../../arm-none-eabi/lib/thumb/v7e-m/nofp\libg.a(lib_a-reallocr.o)
 .ARM.attributes
                0x000009bb       0x2e c:/arm/gcc-arm-10.3-2021.10/bin/../lib/gcc/arm-none-eabi/10.3.1/../../../../arm-none-eabi/lib/thumb/v7e-m/nofp\libg.a(lib_a-vfiprintf.o)
 .ARM.attributes
                0x000009e9       0x2e c:/arm/gcc-arm-10.3-2021.10/bin/../lib/gcc/arm-none-eabi/10.3.1/../../../../arm-none-eabi/lib/thumb/v7e-m/nofp\libg.a(lib_a-wctomb_r.o)
 .ARM.attributes
                0x00000a17       0x2e c:/arm/gcc-arm-10.3-2021.10/bin/../lib/gcc/arm-none-eabi/10.3.1/../../../../arm-none-eabi/lib/thumb/v7e-m/nofp\libg.a(lib_a-wsetup.o)
 .ARM.attributes
                0x00000a45       0x2e c:/arm/gcc-arm-10.3-2021.10/bin/../lib/gcc/arm-none-eabi/10.3.1/../../../../arm-none-eabi/lib/thumb/v7e-m/nofp\libg.a(lib_a-ctype_.o)
 .ARM.attributes
                0x00000a73       0x2e c:/arm/gcc-arm-10.3-2021.10/bin/../lib/gcc/arm-none-eabi/10.3.1/../../../../arm-none-eabi/lib/thumb/v7e-m/nofp\libg.a(lib_a-fflush.o)
 .ARM.attributes
                0x00000aa1       0x2e c:/arm/gcc-arm-10.3-2021.10/bin/../lib/gcc/arm-none-eabi/10.3.1/../../../../arm-none-eabi/lib/thumb/v7e-m/nofp\libg.a(lib_a-findfp.o)
 .ARM.attributes
                0x00000acf       0x2e c:/arm/gcc-arm-10.3-2021.10/bin/../lib/gcc/arm-none-eabi/10.3.1/../../../../arm-none-eabi/lib/thumb/v7e-m/nofp\libg.a(lib_a-fputwc.o)
 .ARM.attributes
                0x00000afd       0x2e c:/arm/gcc-arm-10.3-2021.10/bin/../lib/gcc/arm-none-eabi/10.3.1/../../../../arm-none-eabi/lib/thumb/v7e-m/nofp\libg.a(lib_a-fvwrite.o)
 .ARM.attributes
                0x00000b2b       0x2e c:/arm/gcc-arm-10.3-2021.10/bin/../lib/gcc/arm-none-eabi/10.3.1/../../../../arm-none-eabi/lib/thumb/v7e-m/nofp\libg.a(lib_a-fwalk.o)
 .ARM.attributes
                0x00000b59       0x2e c:/arm/gcc-arm-10.3-2021.10/bin/../lib/gcc/arm-none-eabi/10.3.1/../../../../arm-none-eabi/lib/thumb/v7e-m/nofp\libg.a(lib_a-makebuf.o)
 .ARM.attributes
                0x00000b87       0x2e c:/arm/gcc-arm-10.3-2021.10/bin/../lib/gcc/arm-none-eabi/10.3.1/../../../../arm-none-eabi/lib/thumb/v7e-m/nofp\libg.a(lib_a-stdio.o)
 .ARM.attributes
                0x00000bb5       0x2e c:/arm/gcc-arm-10.3-2021.10/bin/../lib/gcc/arm-none-eabi/10.3.1/../../../../arm-none-eabi/lib/thumb/v7e-m/nofp\libg.a(lib_a-wbuf.o)
 .ARM.attributes
                0x00000be3       0x2e c:/arm/gcc-arm-10.3-2021.10/bin/../lib/gcc/arm-none-eabi/10.3.1/../../../../arm-none-eabi/lib/thumb/v7e-m/nofp\libg.a(lib_a-wcrtomb.o)
 .ARM.attributes
                0x00000c11       0x2e c:/arm/gcc-arm-10.3-2021.10/bin/../lib/gcc/arm-none-eabi/10.3.1/../../../../arm-none-eabi/lib/thumb/v7e-m/nofp\libg.a(lib_a-writer.o)
 .ARM.attributes
                0x00000c3f       0x2e c:/arm/gcc-arm-10.3-2021.10/bin/../lib/gcc/arm-none-eabi/10.3.1/../../../../arm-none-eabi/lib/thumb/v7e-m/nofp\libg.a(lib_a-closer.o)
 .ARM.attributes
                0x00000c6d       0x2e c:/arm/gcc-arm-10.3-2021.10/bin/../lib/gcc/arm-none-eabi/10.3.1/../../../../arm-none-eabi/lib/thumb/v7e-m/nofp\libg.a(lib_a-fclose.o)
 .ARM.attributes
                0x00000c9b       0x2e c:/arm/gcc-arm-10.3-2021.10/bin/../lib/gcc/arm-none-eabi/10.3.1/../../../../arm-none-eabi/lib/thumb/v7e-m/nofp\libg.a(lib_a-fstatr.o)
 .ARM.attributes
                0x00000cc9       0x2e c:/arm/gcc-arm-10.3-2021.10/bin/../lib/gcc/arm-none-eabi/10.3.1/../../../../arm-none-eabi/lib/thumb/v7e-m/nofp\libg.a(lib_a-isattyr.o)
 .ARM.attributes
                0x00000cf7       0x2e c:/arm/gcc-arm-10.3-2021.10/bin/../lib/gcc/arm-none-eabi/10.3.1/../../../../arm-none-eabi/lib/thumb/v7e-m/nofp\libg.a(lib_a-lseekr.o)
 .ARM.attributes
                0x00000d25       0x2e c:/arm/gcc-arm-10.3-2021.10/bin/../lib/gcc/arm-none-eabi/10.3.1/../../../../arm-none-eabi/lib/thumb/v7e-m/nofp\libg.a(lib_a-readr.o)
 .ARM.attributes
                0x00000d53       0x1e c:/arm/gcc-arm-10.3-2021.10/bin/../lib/gcc/arm-none-eabi/10.3.1/thumb/v7e-m/nofp\libgcc.a(_arm_addsubdf3.o)
 .ARM.attributes
                0x00000d71       0x1e c:/arm/gcc-arm-10.3-2021.10/bin/../lib/gcc/arm-none-eabi/10.3.1/thumb/v7e-m/nofp\libgcc.a(_arm_muldivdf3.o)
 .ARM.attributes
                0x00000d8f       0x1e c:/arm/gcc-arm-10.3-2021.10/bin/../lib/gcc/arm-none-eabi/10.3.1/thumb/v7e-m/nofp\libgcc.a(_arm_cmpdf2.o)
 .ARM.attributes
                0x00000dad       0x1e c:/arm/gcc-arm-10.3-2021.10/bin/../lib/gcc/arm-none-eabi/10.3.1/thumb/v7e-m/nofp\libgcc.a(_arm_unorddf2.o)
 .ARM.attributes
                0x00000dcb       0x1e c:/arm/gcc-arm-10.3-2021.10/bin/../lib/gcc/arm-none-eabi/10.3.1/thumb/v7e-m/nofp\libgcc.a(_arm_fixdfsi.o)
 .ARM.attributes
                0x00000de9       0x1e c:/arm/gcc-arm-10.3-2021.10/bin/../lib/gcc/arm-none-eabi/10.3.1/thumb/v7e-m/nofp/crtn.o
OUTPUT(STM32F411CEUXCppTemplate.elf elf32-littlearm)
LOAD linker stubs
LOAD c:/arm/gcc-arm-10.3-2021.10/bin/../lib/gcc/arm-none-eabi/10.3.1/../../../../arm-none-eabi/lib/thumb/v7e-m/nofp\libc.a
LOAD c:/arm/gcc-arm-10.3-2021.10/bin/../lib/gcc/arm-none-eabi/10.3.1/../../../../arm-none-eabi/lib/thumb/v7e-m/nofp\libm.a
LOAD c:/arm/gcc-arm-10.3-2021.10/bin/../lib/gcc/arm-none-eabi/10.3.1/thumb/v7e-m/nofp\libgcc.a

.debug_info     0x00000000    0x173dd
 .debug_info    0x00000000     0x4cd2 CMakeFiles/STM32F411CEUXCppTemplate.elf.dir/_Application/basic.cpp.obj
 .debug_info    0x00004cd2      0x609 CMakeFiles/STM32F411CEUXCppTemplate.elf.dir/_Application/main.cpp.obj
 .debug_info    0x000052db      0xbc5 CMakeFiles/STM32F411CEUXCppTemplate.elf.dir/_Application/stm32f4xx_hal_msp.c.obj
 .debug_info    0x00005ea0      0x9be CMakeFiles/STM32F411CEUXCppTemplate.elf.dir/_Drivers/STM32F4xx_HAL_Driver/Src/stm32f4xx_hal.c.obj
 .debug_info    0x0000685e     0x12a5 CMakeFiles/STM32F411CEUXCppTemplate.elf.dir/_Drivers/STM32F4xx_HAL_Driver/Src/stm32f4xx_hal_cortex.c.obj
 .debug_info    0x00007b03      0x95e CMakeFiles/STM32F411CEUXCppTemplate.elf.dir/_Drivers/STM32F4xx_HAL_Driver/Src/stm32f4xx_hal_gpio.c.obj
 .debug_info    0x00008461     0x3c20 CMakeFiles/STM32F411CEUXCppTemplate.elf.dir/_Drivers/STM32F4xx_HAL_Driver/Src/stm32f4xx_hal_i2c.c.obj
 .debug_info    0x0000c081      0xdbf CMakeFiles/STM32F411CEUXCppTemplate.elf.dir/_Drivers/STM32F4xx_HAL_Driver/Src/stm32f4xx_hal_rcc.c.obj
 .debug_info    0x0000ce40     0x535d CMakeFiles/STM32F411CEUXCppTemplate.elf.dir/_Drivers/STM32F4xx_HAL_Driver/Src/stm32f4xx_hal_tim.c.obj
 .debug_info    0x0001219d     0x451f CMakeFiles/STM32F411CEUXCppTemplate.elf.dir/_Drivers/STM32F4xx_HAL_Driver/Src/stm32f4xx_hal_uart.c.obj
 .debug_info    0x000166bc       0x22 CMakeFiles/STM32F411CEUXCppTemplate.elf.dir/_System/startup_stm32f411xe.s.obj
 .debug_info    0x000166de      0x12f CMakeFiles/STM32F411CEUXCppTemplate.elf.dir/_System/stm32f4xx_it.c.obj
 .debug_info    0x0001680d      0x82e CMakeFiles/STM32F411CEUXCppTemplate.elf.dir/_System/syscalls.c.obj
 .debug_info    0x0001703b      0x3a2 CMakeFiles/STM32F411CEUXCppTemplate.elf.dir/_System/system_stm32f4xx.c.obj

.debug_abbrev   0x00000000     0x1e08
 .debug_abbrev  0x00000000      0x4b4 CMakeFiles/STM32F411CEUXCppTemplate.elf.dir/_Application/basic.cpp.obj
 .debug_abbrev  0x000004b4      0x1f0 CMakeFiles/STM32F411CEUXCppTemplate.elf.dir/_Application/main.cpp.obj
 .debug_abbrev  0x000006a4      0x188 CMakeFiles/STM32F411CEUXCppTemplate.elf.dir/_Application/stm32f4xx_hal_msp.c.obj
 .debug_abbrev  0x0000082c      0x237 CMakeFiles/STM32F411CEUXCppTemplate.elf.dir/_Drivers/STM32F4xx_HAL_Driver/Src/stm32f4xx_hal.c.obj
 .debug_abbrev  0x00000a63      0x387 CMakeFiles/STM32F411CEUXCppTemplate.elf.dir/_Drivers/STM32F4xx_HAL_Driver/Src/stm32f4xx_hal_cortex.c.obj
 .debug_abbrev  0x00000dea      0x22b CMakeFiles/STM32F411CEUXCppTemplate.elf.dir/_Drivers/STM32F4xx_HAL_Driver/Src/stm32f4xx_hal_gpio.c.obj
 .debug_abbrev  0x00001015      0x290 CMakeFiles/STM32F411CEUXCppTemplate.elf.dir/_Drivers/STM32F4xx_HAL_Driver/Src/stm32f4xx_hal_i2c.c.obj
 .debug_abbrev  0x000012a5      0x29d CMakeFiles/STM32F411CEUXCppTemplate.elf.dir/_Drivers/STM32F4xx_HAL_Driver/Src/stm32f4xx_hal_rcc.c.obj
 .debug_abbrev  0x00001542      0x23c CMakeFiles/STM32F411CEUXCppTemplate.elf.dir/_Drivers/STM32F4xx_HAL_Driver/Src/stm32f4xx_hal_tim.c.obj
 .debug_abbrev  0x0000177e      0x307 CMakeFiles/STM32F411CEUXCppTemplate.elf.dir/_Drivers/STM32F4xx_HAL_Driver/Src/stm32f4xx_hal_uart.c.obj
 .debug_abbrev  0x00001a85       0x12 CMakeFiles/STM32F411CEUXCppTemplate.elf.dir/_System/startup_stm32f411xe.s.obj
 .debug_abbrev  0x00001a97       0x7e CMakeFiles/STM32F411CEUXCppTemplate.elf.dir/_System/stm32f4xx_it.c.obj
 .debug_abbrev  0x00001b15      0x1da CMakeFiles/STM32F411CEUXCppTemplate.elf.dir/_System/syscalls.c.obj
 .debug_abbrev  0x00001cef      0x119 CMakeFiles/STM32F411CEUXCppTemplate.elf.dir/_System/system_stm32f4xx.c.obj

.debug_loc      0x00000000    0x105c5
 .debug_loc     0x00000000     0x2bd0 CMakeFiles/STM32F411CEUXCppTemplate.elf.dir/_Application/basic.cpp.obj
 .debug_loc     0x00002bd0       0x67 CMakeFiles/STM32F411CEUXCppTemplate.elf.dir/_Application/stm32f4xx_hal_msp.c.obj
 .debug_loc     0x00002c37      0x130 CMakeFiles/STM32F411CEUXCppTemplate.elf.dir/_Drivers/STM32F4xx_HAL_Driver/Src/stm32f4xx_hal.c.obj
 .debug_loc     0x00002d67      0x92e CMakeFiles/STM32F411CEUXCppTemplate.elf.dir/_Drivers/STM32F4xx_HAL_Driver/Src/stm32f4xx_hal_cortex.c.obj
 .debug_loc     0x00003695      0x677 CMakeFiles/STM32F411CEUXCppTemplate.elf.dir/_Drivers/STM32F4xx_HAL_Driver/Src/stm32f4xx_hal_gpio.c.obj
 .debug_loc     0x00003d0c     0x3a75 CMakeFiles/STM32F411CEUXCppTemplate.elf.dir/_Drivers/STM32F4xx_HAL_Driver/Src/stm32f4xx_hal_i2c.c.obj
 .debug_loc     0x00007781      0x56f CMakeFiles/STM32F411CEUXCppTemplate.elf.dir/_Drivers/STM32F4xx_HAL_Driver/Src/stm32f4xx_hal_rcc.c.obj
 .debug_loc     0x00007cf0     0x3a41 CMakeFiles/STM32F411CEUXCppTemplate.elf.dir/_Drivers/STM32F4xx_HAL_Driver/Src/stm32f4xx_hal_tim.c.obj
 .debug_loc     0x0000b731     0x4906 CMakeFiles/STM32F411CEUXCppTemplate.elf.dir/_Drivers/STM32F4xx_HAL_Driver/Src/stm32f4xx_hal_uart.c.obj
 .debug_loc     0x00010037      0x436 CMakeFiles/STM32F411CEUXCppTemplate.elf.dir/_System/syscalls.c.obj
 .debug_loc     0x0001046d      0x158 CMakeFiles/STM32F411CEUXCppTemplate.elf.dir/_System/system_stm32f4xx.c.obj

.debug_aranges  0x00000000      0xd20
 .debug_aranges
                0x00000000       0x68 CMakeFiles/STM32F411CEUXCppTemplate.elf.dir/_Application/basic.cpp.obj
 .debug_aranges
                0x00000068       0x38 CMakeFiles/STM32F411CEUXCppTemplate.elf.dir/_Application/main.cpp.obj
 .debug_aranges
                0x000000a0       0x38 CMakeFiles/STM32F411CEUXCppTemplate.elf.dir/_Application/stm32f4xx_hal_msp.c.obj
 .debug_aranges
                0x000000d8       0xf0 CMakeFiles/STM32F411CEUXCppTemplate.elf.dir/_Drivers/STM32F4xx_HAL_Driver/Src/stm32f4xx_hal.c.obj
 .debug_aranges
                0x000001c8       0xa8 CMakeFiles/STM32F411CEUXCppTemplate.elf.dir/_Drivers/STM32F4xx_HAL_Driver/Src/stm32f4xx_hal_cortex.c.obj
 .debug_aranges
                0x00000270       0x58 CMakeFiles/STM32F411CEUXCppTemplate.elf.dir/_Drivers/STM32F4xx_HAL_Driver/Src/stm32f4xx_hal_gpio.c.obj
 .debug_aranges
                0x000002c8      0x2a0 CMakeFiles/STM32F411CEUXCppTemplate.elf.dir/_Drivers/STM32F4xx_HAL_Driver/Src/stm32f4xx_hal_i2c.c.obj
 .debug_aranges
                0x00000568       0x88 CMakeFiles/STM32F411CEUXCppTemplate.elf.dir/_Drivers/STM32F4xx_HAL_Driver/Src/stm32f4xx_hal_rcc.c.obj
 .debug_aranges
                0x000005f0      0x3d0 CMakeFiles/STM32F411CEUXCppTemplate.elf.dir/_Drivers/STM32F4xx_HAL_Driver/Src/stm32f4xx_hal_tim.c.obj
 .debug_aranges
                0x000009c0      0x200 CMakeFiles/STM32F411CEUXCppTemplate.elf.dir/_Drivers/STM32F4xx_HAL_Driver/Src/stm32f4xx_hal_uart.c.obj
 .debug_aranges
                0x00000bc0       0x28 CMakeFiles/STM32F411CEUXCppTemplate.elf.dir/_System/startup_stm32f411xe.s.obj
 .debug_aranges
                0x00000be8       0x60 CMakeFiles/STM32F411CEUXCppTemplate.elf.dir/_System/stm32f4xx_it.c.obj
 .debug_aranges
                0x00000c48       0xb0 CMakeFiles/STM32F411CEUXCppTemplate.elf.dir/_System/syscalls.c.obj
 .debug_aranges
                0x00000cf8       0x28 CMakeFiles/STM32F411CEUXCppTemplate.elf.dir/_System/system_stm32f4xx.c.obj

.debug_ranges   0x00000000      0xde8
 .debug_ranges  0x00000000      0x120 CMakeFiles/STM32F411CEUXCppTemplate.elf.dir/_Application/basic.cpp.obj
 .debug_ranges  0x00000120       0x28 CMakeFiles/STM32F411CEUXCppTemplate.elf.dir/_Application/main.cpp.obj
 .debug_ranges  0x00000148       0x28 CMakeFiles/STM32F411CEUXCppTemplate.elf.dir/_Application/stm32f4xx_hal_msp.c.obj
 .debug_ranges  0x00000170       0xe0 CMakeFiles/STM32F411CEUXCppTemplate.elf.dir/_Drivers/STM32F4xx_HAL_Driver/Src/stm32f4xx_hal.c.obj
 .debug_ranges  0x00000250      0x128 CMakeFiles/STM32F411CEUXCppTemplate.elf.dir/_Drivers/STM32F4xx_HAL_Driver/Src/stm32f4xx_hal_cortex.c.obj
 .debug_ranges  0x00000378       0x48 CMakeFiles/STM32F411CEUXCppTemplate.elf.dir/_Drivers/STM32F4xx_HAL_Driver/Src/stm32f4xx_hal_gpio.c.obj
 .debug_ranges  0x000003c0      0x2a8 CMakeFiles/STM32F411CEUXCppTemplate.elf.dir/_Drivers/STM32F4xx_HAL_Driver/Src/stm32f4xx_hal_i2c.c.obj
 .debug_ranges  0x00000668       0x90 CMakeFiles/STM32F411CEUXCppTemplate.elf.dir/_Drivers/STM32F4xx_HAL_Driver/Src/stm32f4xx_hal_rcc.c.obj
 .debug_ranges  0x000006f8      0x3c0 CMakeFiles/STM32F411CEUXCppTemplate.elf.dir/_Drivers/STM32F4xx_HAL_Driver/Src/stm32f4xx_hal_tim.c.obj
 .debug_ranges  0x00000ab8      0x208 CMakeFiles/STM32F411CEUXCppTemplate.elf.dir/_Drivers/STM32F4xx_HAL_Driver/Src/stm32f4xx_hal_uart.c.obj
 .debug_ranges  0x00000cc0       0x20 CMakeFiles/STM32F411CEUXCppTemplate.elf.dir/_System/startup_stm32f411xe.s.obj
 .debug_ranges  0x00000ce0       0x50 CMakeFiles/STM32F411CEUXCppTemplate.elf.dir/_System/stm32f4xx_it.c.obj
 .debug_ranges  0x00000d30       0xa0 CMakeFiles/STM32F411CEUXCppTemplate.elf.dir/_System/syscalls.c.obj
 .debug_ranges  0x00000dd0       0x18 CMakeFiles/STM32F411CEUXCppTemplate.elf.dir/_System/system_stm32f4xx.c.obj

.debug_line     0x00000000    0x142ab
 .debug_line    0x00000000     0x1260 CMakeFiles/STM32F411CEUXCppTemplate.elf.dir/_Application/basic.cpp.obj
 .debug_line    0x00001260      0x34f CMakeFiles/STM32F411CEUXCppTemplate.elf.dir/_Application/main.cpp.obj
 .debug_line    0x000015af      0x27b CMakeFiles/STM32F411CEUXCppTemplate.elf.dir/_Application/stm32f4xx_hal_msp.c.obj
 .debug_line    0x0000182a      0x5f4 CMakeFiles/STM32F411CEUXCppTemplate.elf.dir/_Drivers/STM32F4xx_HAL_Driver/Src/stm32f4xx_hal.c.obj
 .debug_line    0x00001e1e      0x90b CMakeFiles/STM32F411CEUXCppTemplate.elf.dir/_Drivers/STM32F4xx_HAL_Driver/Src/stm32f4xx_hal_cortex.c.obj
 .debug_line    0x00002729      0x85e CMakeFiles/STM32F411CEUXCppTemplate.elf.dir/_Drivers/STM32F4xx_HAL_Driver/Src/stm32f4xx_hal_gpio.c.obj